<html>
<body>
<pre>
<h1>µVision Build Log</h1>
<h2>Tool Versions:</h2>
IDE-Version: ¦ÌVision V5.38.0.0
Copyright (C) 2022 ARM Ltd and ARM Germany GmbH. All rights reserved.
License Information: 1 1, 1, LIC=65ISZ-JRE31-CXAU6-DD04A-6IJF7-NE5RI
 
Tool Versions:
Toolchain:       MDK-ARM Plus  Version: 5.18
Toolchain Path:  E:\Keil_v5\ARM\ARMCC\Bin
C Compiler:      Armcc.exe V5.06 update 1 (build 61)
Assembler:       Armasm.exe V5.06 update 1 (build 61)
Linker/Locator:  ArmLink.exe V5.06 update 1 (build 61)
Library Manager: ArmAr.exe V5.06 update 1 (build 61)
Hex Converter:   FromElf.exe V5.06 update 1 (build 61)
CPU DLL:         SARM.DLL V5.18
Dialog DLL:      DARMSS9.DLL V1.07
Target DLL:      UL2ARM.DLL V1.74.7.0
Dialog DLL:      TARMSS9.DLL V1.05
 
<h2>Project:</h2>
H:\2.aCoral\2.mini2440\mini2440_dev\ucosii.uvproj
Project File Date:  12/24/2025

<h2>Output:</h2>
*** Using Compiler 'V5.06 update 1 (build 61)', folder: 'E:\Keil_v5\ARM\ARMCC\Bin'
Rebuild target 'Target 1'
compiling os_time.c...
compiling os.c...
compiling os_timer.c...
compiling os_mem.c...
compiling os_mbox.c...
compiling os_mutex.c...
compiling os_sem.c...
compiling os_flag.c...
compiling os_core.c...
assembling os_cpu_cs_keil.S...
assembling startup_keil.S...
compiling os_q.c...
compiling os_task.c...
compiling os_lib.c...
compiling os_bsp.c...
compiling os_cpu_init.c...
compiling main.c...
compiling os_uart.c...
linking...
.\Objects\ucosii.sct(12): warning: L6312W: Empty Execution region description for region RW_IRAM1
Program Size: Code=15948 RO-data=32 RW-data=372 ZI-data=14272  
Finished: 0 information, 1 warning and 0 error messages.
FromELF: creating hex file...
".\Objects\ucosii.axf" - 0 Error(s), 1 Warning(s).
Build Time Elapsed:  00:00:00
</pre>
</body>
</html>
