Archive member included to satisfy reference by file (symbol)

/usr/lib/gcc/arm-none-eabi/13.2.1/libgcc.a(_udivsi3.o)
                              build/.obj/kernel/os_core.o (__aeabi_uidiv)
/usr/lib/gcc/arm-none-eabi/13.2.1/libgcc.a(_divsi3.o)
                              build/.obj/drivers/os_uart.o (__aeabi_idiv)
/usr/lib/gcc/arm-none-eabi/13.2.1/libgcc.a(_dvmd_tls.o)
                              /usr/lib/gcc/arm-none-eabi/13.2.1/libgcc.a(_udivsi3.o) (__aeabi_idiv0)

There are no discarded input sections

Memory Configuration

Name             Origin             Length             Attributes
*default*        0x00000000         0xffffffff

Linker script and memory map

LOAD build/.obj/arch/os_cpu_context_switch.o
LOAD build/.obj/arch/startup.o
LOAD build/.obj/user/main.o
LOAD build/.obj/arch/os_cpu_init.o
LOAD build/.obj/drivers/os_bsp.o
LOAD build/.obj/drivers/os_timer.o
LOAD build/.obj/drivers/os_uart.o
LOAD build/.obj/kernel/os.o
LOAD build/.obj/kernel/os_core.o
LOAD build/.obj/kernel/os_flag.o
LOAD build/.obj/kernel/os_mbox.o
LOAD build/.obj/kernel/os_mem.o
LOAD build/.obj/kernel/os_mutex.o
LOAD build/.obj/kernel/os_q.o
LOAD build/.obj/kernel/os_sem.o
LOAD build/.obj/kernel/os_task.o
LOAD build/.obj/kernel/os_time.o
LOAD build/.obj/lib/os_lib.o
LOAD /usr/lib/gcc/arm-none-eabi/13.2.1/libgcc.a
                0x30000000                        . = 0x30000000

.text           0x30000000     0x80b5
 *startup.o(.text)
 .text          0x30000000      0x3bc build/.obj/arch/startup.o
                0x30000000                _start
                0x30000000                my_entry
 *(.text)
 .text          0x300003bc      0x144 build/.obj/arch/os_cpu_context_switch.o
                0x300003bc                OS_CPU_SR_Save
                0x300003cc                OS_CPU_SR_Restore
                0x300003d4                OSStartHighRdy
                0x300003f8                OSCtxSw
                0x30000444                OSIntCtxSw
                0x30000474                OSTickISR
 .text          0x30000500      0x774 build/.obj/user/main.o
                0x30000500                main
                0x30000544                Task_Start
                0x300006cc                Task_Input
                0x30000954                Task_Work
                0x30000a18                Task_Display
                0x30000b94                Task_Monitor
 .text          0x30000c74      0x2c4 build/.obj/arch/os_cpu_init.o
                0x30000c74                OSTaskStkInit
                0x30000e20                OSTaskCreateHook
                0x30000e40                OSTaskDelHook
                0x30000e88                OSTaskSwHook
                0x30000ea0                OSTaskStatHook
                0x30000eb8                OSTimeTickHook
                0x30000ed0                OSInitHookBegin
                0x30000ee8                OSInitHookEnd
                0x30000f00                OSTCBInitHook
                0x30000f20                OSTaskIdleHook
 .text          0x30000f38      0x2e0 build/.obj/drivers/os_bsp.o
                0x30000f38                Beep_Ctrl
                0x30000f94                Beep_Init
                0x30000fe0                LED_Set
                0x30001098                LED_Init
                0x300010e4                Key_Scan
                0x300011a4                Key_Init
                0x300011dc                BSP_Init
 .text          0x30001218      0x114 build/.obj/drivers/os_timer.o
                0x30001218                InitTimer4
 .text          0x3000132c      0x834 build/.obj/drivers/os_uart.o
                0x3000132c                Uart_Init
                0x30001414                Uart_SendByte
                0x30001794                Uart_Printf
 .text          0x30001b60        0x0 build/.obj/kernel/os.o
 .text          0x30001b60     0x1274 build/.obj/kernel/os_core.o
                0x30001dc0                OSInit
                0x30001e00                OSIntEnter
                0x30001e58                OSIntExit
                0x30001fb4                OSSchedLock
                0x30002024                OSSchedUnlock
                0x300020d0                OSStart
                0x300021b4                OSStatInit
                0x30002234                OSTimeTick
                0x3000238c                OS_Dummy
                0x300023a4                OS_EventTaskRdy
                0x30002574                OS_EventTaskWait
                0x300026d8                OS_EventTO
                0x300027e4                OS_EventWaitListInit
                0x3000293c                OS_Sched
                0x30002a48                OS_TaskIdle
                0x30002a8c                OS_TaskStat
                0x30002bac                OS_TCBInit
 .text          0x30002dd4     0x117c build/.obj/kernel/os_flag.o
                0x30002dd4                OSFlagAccept
                0x30003094                OSFlagCreate
                0x3000316c                OSFlagDel
                0x30003358                OSFlagPend
                0x300037f4                OSFlagPost
                0x30003ac4                OSFlagQuery
                0x30003b58                OS_FlagInit
                0x30003e9c                OS_FlagUnlink
 .text          0x30003f50      0x66c build/.obj/kernel/os_mbox.o
                0x30003f50                OSMboxAccept
                0x30003fc8                OSMboxCreate
                0x30004084                OSMboxDel
                0x3000425c                OSMboxPend
                0x30004414                OSMboxPost
                0x300044ec                OSMboxPostOpt
                0x3000451c                OSMboxQuery
 .text          0x300045bc      0x4e4 build/.obj/kernel/os_mem.o
                0x300045bc                OSMemCreate
                0x30004760                OSMemGet
                0x30004820                OSMemPut
                0x300048d8                OSMemQuery
                0x300049a4                OS_MemInit
 .text          0x30004aa0      0xcb0 build/.obj/kernel/os_mutex.o
                0x30004aa0                OSMutexAccept
                0x30004bc8                OSMutexCreate
                0x30004d20                OSMutexDel
                0x30004f3c                OSMutexPend
                0x300052e4                OSMutexPost
                0x30005650                OSMutexQuery
 .text          0x30005750      0xb84 build/.obj/kernel/os_q.o
                0x30005750                OSQAccept
                0x30005838                OSQCreate
                0x300059c0                OSQDel
                0x30005bec                OSQFlush
                0x30005c84                OSQPend
                0x30005e94                OSQPost
                0x30005fd4                OSQPostFront
                0x3000611c                OSQPostOpt
                0x3000614c                OSQQuery
                0x3000623c                OS_QInit
 .text          0x300062d4      0x614 build/.obj/kernel/os_sem.o
                0x300062d4                OSSemAccept
                0x30006360                OSSemCreate
                0x30006420                OSSemDel
                0x300065f8                OSSemPend
                0x30006770                OSSemPost
                0x30006840                OSSemQuery
 .text          0x300068e8      0xdf8 build/.obj/kernel/os_task.o
                0x300068e8                OSTaskChangePrio
                0x30006cd8                OSTaskCreate
                0x30006e24                OSTaskCreateExt
                0x30006e54                OSTaskDel
                0x30007208                OSTaskDelReq
                0x300072ec                OSTaskResume
                0x30007430                OSTaskStkChk
                0x3000745c                OSTaskSuspend
                0x3000762c                OSTaskQuery
 .text          0x300076e0      0x47c build/.obj/kernel/os_time.o
                0x300076e0                OSTimeDly
                0x300077fc                OSTimeDlyHMSM
                0x300079b4                OSTimeDlyResume
                0x30007adc                OSTimeGet
                0x30007b1c                OSTimeSet
 .text          0x30007b5c      0x160 build/.obj/lib/os_lib.o
                0x30007b5c                memset
                0x30007bc0                memcpy
 .text          0x30007cbc      0x114 /usr/lib/gcc/arm-none-eabi/13.2.1/libgcc.a(_udivsi3.o)
                0x30007cbc                __udivsi3
                0x30007cbc                __aeabi_uidiv
                0x30007db0                __aeabi_uidivmod
 .text          0x30007dd0      0x148 /usr/lib/gcc/arm-none-eabi/13.2.1/libgcc.a(_divsi3.o)
                0x30007dd0                __aeabi_idiv
                0x30007dd0                __divsi3
                0x30007ef8                __aeabi_idivmod
 .text          0x30007f18        0x4 /usr/lib/gcc/arm-none-eabi/13.2.1/libgcc.a(_dvmd_tls.o)
                0x30007f18                __aeabi_ldiv0
                0x30007f18                __aeabi_idiv0
 *(.rodata)
 .rodata        0x30007f1c      0x163 build/.obj/user/main.o
 *fill*         0x3000807f        0x1 
 .rodata        0x30008080       0x22 build/.obj/arch/os_cpu_init.o
 *fill*         0x300080a2        0x2 
 .rodata        0x300080a4       0x11 build/.obj/drivers/os_uart.o

.glue_7         0x300080b8        0x0
 .glue_7        0x300080b8        0x0 linker stubs

.glue_7t        0x300080b8        0x0
 .glue_7t       0x300080b8        0x0 linker stubs

.vfp11_veneer   0x300080b8        0x0
 .vfp11_veneer  0x300080b8        0x0 linker stubs

.v4_bx          0x300080b8        0x0
 .v4_bx         0x300080b8        0x0 linker stubs

.iplt           0x300080b8        0x0
 .iplt          0x300080b8        0x0 build/.obj/arch/os_cpu_context_switch.o

.rel.dyn        0x300080b8        0x0
 .rel.iplt      0x300080b8        0x0 build/.obj/arch/os_cpu_context_switch.o
                0x300080b8                        . = ALIGN (0x4)
                0x300080b8                        _etext = .

.data           0x300080b8      0x108
                0x300080b8                        _data = .
 *(.data)
 .data          0x300080b8        0x0 build/.obj/arch/os_cpu_context_switch.o
 .data          0x300080b8        0x0 build/.obj/arch/startup.o
 .data          0x300080b8        0x0 build/.obj/user/main.o
 .data          0x300080b8        0x0 build/.obj/arch/os_cpu_init.o
 .data          0x300080b8        0x0 build/.obj/drivers/os_bsp.o
 .data          0x300080b8        0x0 build/.obj/drivers/os_timer.o
 .data          0x300080b8        0x0 build/.obj/drivers/os_uart.o
 .data          0x300080b8        0x0 build/.obj/kernel/os.o
 .data          0x300080b8      0x108 build/.obj/kernel/os_core.o
                0x300080b8                OSMapTbl
                0x300080c0                OSUnMapTbl
 .data          0x300081c0        0x0 build/.obj/kernel/os_flag.o
 .data          0x300081c0        0x0 build/.obj/kernel/os_mbox.o
 .data          0x300081c0        0x0 build/.obj/kernel/os_mem.o
 .data          0x300081c0        0x0 build/.obj/kernel/os_mutex.o
 .data          0x300081c0        0x0 build/.obj/kernel/os_q.o
 .data          0x300081c0        0x0 build/.obj/kernel/os_sem.o
 .data          0x300081c0        0x0 build/.obj/kernel/os_task.o
 .data          0x300081c0        0x0 build/.obj/kernel/os_time.o
 .data          0x300081c0        0x0 build/.obj/lib/os_lib.o
 .data          0x300081c0        0x0 /usr/lib/gcc/arm-none-eabi/13.2.1/libgcc.a(_udivsi3.o)
 .data          0x300081c0        0x0 /usr/lib/gcc/arm-none-eabi/13.2.1/libgcc.a(_divsi3.o)
 .data          0x300081c0        0x0 /usr/lib/gcc/arm-none-eabi/13.2.1/libgcc.a(_dvmd_tls.o)

.igot.plt       0x300081c0        0x0
 .igot.plt      0x300081c0        0x0 build/.obj/arch/os_cpu_context_switch.o
                0x300081c0                        . = ALIGN (0x4)
                0x300081c0                        _bss_start_ = .

.bss            0x300081c0     0x37d0
 *(.bss)
 .bss           0x300081c0        0x0 build/.obj/arch/os_cpu_context_switch.o
 .bss           0x300081c0        0x0 build/.obj/arch/startup.o
 .bss           0x300081c0     0x2acc build/.obj/user/main.o
                0x300081c0                StartStk
                0x300089c0                InputStk
                0x300091c0                WorkStk
                0x300099c0                DisplayStk
                0x3000a1c0                MonitorStk
                0x3000a9c0                SemBeep
                0x3000a9c4                MboxLed
                0x3000a9c8                DataQueue
                0x3000a9cc                QMsgTbl
                0x3000a9f4                UartMutex
                0x3000a9f8                SysModeFlag
                0x3000a9fc                MemPartition
                0x3000aa00                MemStorage
 .bss           0x3000ac8c        0x0 build/.obj/arch/os_cpu_init.o
 .bss           0x3000ac8c        0x0 build/.obj/drivers/os_bsp.o
 .bss           0x3000ac8c        0x0 build/.obj/drivers/os_timer.o
 .bss           0x3000ac8c        0x0 build/.obj/drivers/os_uart.o
 .bss           0x3000ac8c      0xd04 build/.obj/kernel/os.o
                0x3000ac8c                OSTime
                0x3000ac90                OSIntNesting
                0x3000ac91                OSIntExitY
                0x3000ac92                OSLockNesting
                0x3000ac93                OSPrioCur
                0x3000ac94                OSPrioHighRdy
                0x3000ac95                OSRdyGrp
                0x3000ac98                OSRdyTbl
                0x3000aca0                OSRunning
                0x3000aca1                OSTaskCtr
                0x3000aca4                OSCtxSwCtr
                0x3000aca8                OSIdleCtr
                0x3000acac                OSIdleCtrRun
                0x3000acb0                OSIdleCtrMax
                0x3000acb4                OSStatRdy
                0x3000acb5                OSCPUUsage
                0x3000acb8                OSTaskIdleStk
                0x3000adb8                OSTaskStatStk
                0x3000b5b8                OSTCBCur
                0x3000b5bc                OSTCBFreeList
                0x3000b5c0                OSTCBHighRdy
                0x3000b5c4                OSTCBList
                0x3000b5c8                OSTCBPrioTbl
                0x3000b6c4                OSTCBTbl
                0x3000b804                OSEventFreeList
                0x3000b808                OSEventTbl
                0x3000b86c                OSFlagFreeList
                0x3000b870                OSFlagTbl
                0x3000b8ac                OSMemFreeList
                0x3000b8b0                OSMemTbl
                0x3000b914                OSQFreeList
                0x3000b918                OSQTbl
 .bss           0x3000b990        0x0 build/.obj/kernel/os_core.o
 .bss           0x3000b990        0x0 build/.obj/kernel/os_flag.o
 .bss           0x3000b990        0x0 build/.obj/kernel/os_mbox.o
 .bss           0x3000b990        0x0 build/.obj/kernel/os_mem.o
 .bss           0x3000b990        0x0 build/.obj/kernel/os_mutex.o
 .bss           0x3000b990        0x0 build/.obj/kernel/os_q.o
 .bss           0x3000b990        0x0 build/.obj/kernel/os_sem.o
 .bss           0x3000b990        0x0 build/.obj/kernel/os_task.o
 .bss           0x3000b990        0x0 build/.obj/kernel/os_time.o
 .bss           0x3000b990        0x0 build/.obj/lib/os_lib.o
 .bss           0x3000b990        0x0 /usr/lib/gcc/arm-none-eabi/13.2.1/libgcc.a(_udivsi3.o)
 .bss           0x3000b990        0x0 /usr/lib/gcc/arm-none-eabi/13.2.1/libgcc.a(_divsi3.o)
 .bss           0x3000b990        0x0 /usr/lib/gcc/arm-none-eabi/13.2.1/libgcc.a(_dvmd_tls.o)
 *(COMMON)
                0x3000b990                        _bss_end_ = .
OUTPUT(build/mini2440_rtos.elf elf32-littlearm)
LOAD linker stubs

.ARM.attributes
                0x00000000       0x26
 .ARM.attributes
                0x00000000       0x1a build/.obj/arch/os_cpu_context_switch.o
 .ARM.attributes
                0x0000001a       0x1a build/.obj/arch/startup.o
 .ARM.attributes
                0x00000034       0x2a build/.obj/user/main.o
 .ARM.attributes
                0x0000005e       0x2a build/.obj/arch/os_cpu_init.o
 .ARM.attributes
                0x00000088       0x2a build/.obj/drivers/os_bsp.o
 .ARM.attributes
                0x000000b2       0x2a build/.obj/drivers/os_timer.o
 .ARM.attributes
                0x000000dc       0x2a build/.obj/drivers/os_uart.o
 .ARM.attributes
                0x00000106       0x2a build/.obj/kernel/os.o
 .ARM.attributes
                0x00000130       0x2a build/.obj/kernel/os_core.o
 .ARM.attributes
                0x0000015a       0x2a build/.obj/kernel/os_flag.o
 .ARM.attributes
                0x00000184       0x2a build/.obj/kernel/os_mbox.o
 .ARM.attributes
                0x000001ae       0x2a build/.obj/kernel/os_mem.o
 .ARM.attributes
                0x000001d8       0x2a build/.obj/kernel/os_mutex.o
 .ARM.attributes
                0x00000202       0x2a build/.obj/kernel/os_q.o
 .ARM.attributes
                0x0000022c       0x2a build/.obj/kernel/os_sem.o
 .ARM.attributes
                0x00000256       0x2a build/.obj/kernel/os_task.o
 .ARM.attributes
                0x00000280       0x2a build/.obj/kernel/os_time.o
 .ARM.attributes
                0x000002aa       0x2a build/.obj/lib/os_lib.o
 .ARM.attributes
                0x000002d4       0x1c /usr/lib/gcc/arm-none-eabi/13.2.1/libgcc.a(_udivsi3.o)
 .ARM.attributes
                0x000002f0       0x1c /usr/lib/gcc/arm-none-eabi/13.2.1/libgcc.a(_divsi3.o)
 .ARM.attributes
                0x0000030c       0x1c /usr/lib/gcc/arm-none-eabi/13.2.1/libgcc.a(_dvmd_tls.o)

.comment        0x00000000       0x26
 .comment       0x00000000       0x26 build/.obj/user/main.o
                                 0x27 (size before relaxing)
 .comment       0x00000026       0x27 build/.obj/arch/os_cpu_init.o
 .comment       0x00000026       0x27 build/.obj/drivers/os_bsp.o
 .comment       0x00000026       0x27 build/.obj/drivers/os_timer.o
 .comment       0x00000026       0x27 build/.obj/drivers/os_uart.o
 .comment       0x00000026       0x27 build/.obj/kernel/os.o
 .comment       0x00000026       0x27 build/.obj/kernel/os_core.o
 .comment       0x00000026       0x27 build/.obj/kernel/os_flag.o
 .comment       0x00000026       0x27 build/.obj/kernel/os_mbox.o
 .comment       0x00000026       0x27 build/.obj/kernel/os_mem.o
 .comment       0x00000026       0x27 build/.obj/kernel/os_mutex.o
 .comment       0x00000026       0x27 build/.obj/kernel/os_q.o
 .comment       0x00000026       0x27 build/.obj/kernel/os_sem.o
 .comment       0x00000026       0x27 build/.obj/kernel/os_task.o
 .comment       0x00000026       0x27 build/.obj/kernel/os_time.o
 .comment       0x00000026       0x27 build/.obj/lib/os_lib.o

.debug_line     0x00000000     0x2ab5
 .debug_line    0x00000000       0xa4 build/.obj/arch/os_cpu_context_switch.o
 .debug_line    0x000000a4      0x140 build/.obj/arch/startup.o
 .debug_line    0x000001e4      0x1ec build/.obj/user/main.o
 .debug_line    0x000003d0       0xba build/.obj/arch/os_cpu_init.o
 .debug_line    0x0000048a      0x181 build/.obj/drivers/os_bsp.o
 .debug_line    0x0000060b       0xa6 build/.obj/drivers/os_timer.o
 .debug_line    0x000006b1      0x33e build/.obj/drivers/os_uart.o
 .debug_line    0x000009ef       0x4d build/.obj/kernel/os.o
 .debug_line    0x00000a3c      0x4fb build/.obj/kernel/os_core.o
 .debug_line    0x00000f37      0x4e1 build/.obj/kernel/os_flag.o
 .debug_line    0x00001418      0x27e build/.obj/kernel/os_mbox.o
 .debug_line    0x00001696      0x1d9 build/.obj/kernel/os_mem.o
 .debug_line    0x0000186f      0x450 build/.obj/kernel/os_mutex.o
 .debug_line    0x00001cbf      0x3f1 build/.obj/kernel/os_q.o
 .debug_line    0x000020b0      0x26e build/.obj/kernel/os_sem.o
 .debug_line    0x0000231e      0x42e build/.obj/kernel/os_task.o
 .debug_line    0x0000274c      0x17b build/.obj/kernel/os_time.o
 .debug_line    0x000028c7       0xca build/.obj/lib/os_lib.o
 .debug_line    0x00002991       0x67 /usr/lib/gcc/arm-none-eabi/13.2.1/libgcc.a(_udivsi3.o)
 .debug_line    0x000029f8       0x73 /usr/lib/gcc/arm-none-eabi/13.2.1/libgcc.a(_divsi3.o)
 .debug_line    0x00002a6b       0x4a /usr/lib/gcc/arm-none-eabi/13.2.1/libgcc.a(_dvmd_tls.o)

.debug_line_str
                0x00000000       0xb9
 .debug_line_str
                0x00000000       0xb9 build/.obj/arch/os_cpu_context_switch.o
                                 0x31 (size before relaxing)
 .debug_line_str
                0x000000b9       0x23 build/.obj/arch/startup.o
 .debug_line_str
                0x000000b9       0x7e /usr/lib/gcc/arm-none-eabi/13.2.1/libgcc.a(_udivsi3.o)
 .debug_line_str
                0x000000b9       0x7e /usr/lib/gcc/arm-none-eabi/13.2.1/libgcc.a(_divsi3.o)
 .debug_line_str
                0x000000b9       0x7e /usr/lib/gcc/arm-none-eabi/13.2.1/libgcc.a(_dvmd_tls.o)

.debug_info     0x00000000     0x5555
 .debug_info    0x00000000       0x25 build/.obj/arch/os_cpu_context_switch.o
 .debug_info    0x00000025       0x25 build/.obj/arch/startup.o
 .debug_info    0x0000004a      0x8e2 build/.obj/user/main.o
 .debug_info    0x0000092c      0x3e8 build/.obj/arch/os_cpu_init.o
 .debug_info    0x00000d14      0x148 build/.obj/drivers/os_bsp.o
 .debug_info    0x00000e5c       0x85 build/.obj/drivers/os_timer.o
 .debug_info    0x00000ee1      0x364 build/.obj/drivers/os_uart.o
 .debug_info    0x00001245      0x6e7 build/.obj/kernel/os.o
 .debug_info    0x0000192c      0x9f3 build/.obj/kernel/os_core.o
 .debug_info    0x0000231f      0x7a8 build/.obj/kernel/os_flag.o
 .debug_info    0x00002ac7      0x5b7 build/.obj/kernel/os_mbox.o
 .debug_info    0x0000307e      0x361 build/.obj/kernel/os_mem.o
 .debug_info    0x000033df      0x61d build/.obj/kernel/os_mutex.o
 .debug_info    0x000039fc      0x7b1 build/.obj/kernel/os_q.o
 .debug_info    0x000041ad      0x54b build/.obj/kernel/os_sem.o
 .debug_info    0x000046f8      0x7de build/.obj/kernel/os_task.o
 .debug_info    0x00004ed6      0x449 build/.obj/kernel/os_time.o
 .debug_info    0x0000531f      0x17e build/.obj/lib/os_lib.o
 .debug_info    0x0000549d       0x3e /usr/lib/gcc/arm-none-eabi/13.2.1/libgcc.a(_udivsi3.o)
 .debug_info    0x000054db       0x3e /usr/lib/gcc/arm-none-eabi/13.2.1/libgcc.a(_divsi3.o)
 .debug_info    0x00005519       0x3c /usr/lib/gcc/arm-none-eabi/13.2.1/libgcc.a(_dvmd_tls.o)

.debug_abbrev   0x00000000     0x1dcd
 .debug_abbrev  0x00000000       0x14 build/.obj/arch/os_cpu_context_switch.o
 .debug_abbrev  0x00000014       0x14 build/.obj/arch/startup.o
 .debug_abbrev  0x00000028      0x237 build/.obj/user/main.o
 .debug_abbrev  0x0000025f      0x197 build/.obj/arch/os_cpu_init.o
 .debug_abbrev  0x000003f6      0x122 build/.obj/drivers/os_bsp.o
 .debug_abbrev  0x00000518       0x65 build/.obj/drivers/os_timer.o
 .debug_abbrev  0x0000057d      0x14a build/.obj/drivers/os_uart.o
 .debug_abbrev  0x000006c7       0xf7 build/.obj/kernel/os.o
 .debug_abbrev  0x000007be      0x368 build/.obj/kernel/os_core.o
 .debug_abbrev  0x00000b26      0x24c build/.obj/kernel/os_flag.o
 .debug_abbrev  0x00000d72      0x259 build/.obj/kernel/os_mbox.o
 .debug_abbrev  0x00000fcb      0x16d build/.obj/kernel/os_mem.o
 .debug_abbrev  0x00001138      0x25c build/.obj/kernel/os_mutex.o
 .debug_abbrev  0x00001394      0x292 build/.obj/kernel/os_q.o
 .debug_abbrev  0x00001626      0x243 build/.obj/kernel/os_sem.o
 .debug_abbrev  0x00001869      0x287 build/.obj/kernel/os_task.o
 .debug_abbrev  0x00001af0      0x197 build/.obj/kernel/os_time.o
 .debug_abbrev  0x00001c87       0xd0 build/.obj/lib/os_lib.o
 .debug_abbrev  0x00001d57       0x28 /usr/lib/gcc/arm-none-eabi/13.2.1/libgcc.a(_udivsi3.o)
 .debug_abbrev  0x00001d7f       0x28 /usr/lib/gcc/arm-none-eabi/13.2.1/libgcc.a(_divsi3.o)
 .debug_abbrev  0x00001da7       0x26 /usr/lib/gcc/arm-none-eabi/13.2.1/libgcc.a(_dvmd_tls.o)

.debug_aranges  0x00000000      0x298
 .debug_aranges
                0x00000000       0x20 build/.obj/arch/os_cpu_context_switch.o
 .debug_aranges
                0x00000020       0x20 build/.obj/arch/startup.o
 .debug_aranges
                0x00000040       0x20 build/.obj/user/main.o
 .debug_aranges
                0x00000060       0x20 build/.obj/arch/os_cpu_init.o
 .debug_aranges
                0x00000080       0x20 build/.obj/drivers/os_bsp.o
 .debug_aranges
                0x000000a0       0x20 build/.obj/drivers/os_timer.o
 .debug_aranges
                0x000000c0       0x20 build/.obj/drivers/os_uart.o
 .debug_aranges
                0x000000e0       0x18 build/.obj/kernel/os.o
 .debug_aranges
                0x000000f8       0x20 build/.obj/kernel/os_core.o
 .debug_aranges
                0x00000118       0x20 build/.obj/kernel/os_flag.o
 .debug_aranges
                0x00000138       0x20 build/.obj/kernel/os_mbox.o
 .debug_aranges
                0x00000158       0x20 build/.obj/kernel/os_mem.o
 .debug_aranges
                0x00000178       0x20 build/.obj/kernel/os_mutex.o
 .debug_aranges
                0x00000198       0x20 build/.obj/kernel/os_q.o
 .debug_aranges
                0x000001b8       0x20 build/.obj/kernel/os_sem.o
 .debug_aranges
                0x000001d8       0x20 build/.obj/kernel/os_task.o
 .debug_aranges
                0x000001f8       0x20 build/.obj/kernel/os_time.o
 .debug_aranges
                0x00000218       0x20 build/.obj/lib/os_lib.o
 .debug_aranges
                0x00000238       0x20 /usr/lib/gcc/arm-none-eabi/13.2.1/libgcc.a(_udivsi3.o)
 .debug_aranges
                0x00000258       0x20 /usr/lib/gcc/arm-none-eabi/13.2.1/libgcc.a(_divsi3.o)
 .debug_aranges
                0x00000278       0x20 /usr/lib/gcc/arm-none-eabi/13.2.1/libgcc.a(_dvmd_tls.o)

.debug_str      0x00000000      0xf6a
 .debug_str     0x00000000      0xf6a build/.obj/arch/os_cpu_context_switch.o
                                 0x3d (size before relaxing)
 .debug_str     0x00000f6a       0x2f build/.obj/arch/startup.o
 .debug_str     0x00000f6a      0x50a build/.obj/user/main.o
 .debug_str     0x00000f6a      0x360 build/.obj/arch/os_cpu_init.o
 .debug_str     0x00000f6a      0x129 build/.obj/drivers/os_bsp.o
 .debug_str     0x00000f6a       0xe6 build/.obj/drivers/os_timer.o
 .debug_str     0x00000f6a      0x19a build/.obj/drivers/os_uart.o
 .debug_str     0x00000f6a      0x4ad build/.obj/kernel/os.o
 .debug_str     0x00000f6a      0x668 build/.obj/kernel/os_core.o
 .debug_str     0x00000f6a      0x458 build/.obj/kernel/os_flag.o
 .debug_str     0x00000f6a      0x3e3 build/.obj/kernel/os_mbox.o
 .debug_str     0x00000f6a      0x246 build/.obj/kernel/os_mem.o
 .debug_str     0x00000f6a      0x42e build/.obj/kernel/os_mutex.o
 .debug_str     0x00000f6a      0x44e build/.obj/kernel/os_q.o
 .debug_str     0x00000f6a      0x3cd build/.obj/kernel/os_sem.o
 .debug_str     0x00000f6a      0x4a7 build/.obj/kernel/os_task.o
 .debug_str     0x00000f6a      0x381 build/.obj/kernel/os_time.o
 .debug_str     0x00000f6a      0x138 build/.obj/lib/os_lib.o
 .debug_str     0x00000f6a       0xa5 /usr/lib/gcc/arm-none-eabi/13.2.1/libgcc.a(_udivsi3.o)
 .debug_str     0x00000f6a       0xa3 /usr/lib/gcc/arm-none-eabi/13.2.1/libgcc.a(_divsi3.o)
 .debug_str     0x00000f6a       0xa6 /usr/lib/gcc/arm-none-eabi/13.2.1/libgcc.a(_dvmd_tls.o)

.debug_frame    0x00000000     0x111c
 .debug_frame   0x00000000       0xcc build/.obj/user/main.o
 .debug_frame   0x000000cc      0x154 build/.obj/arch/os_cpu_init.o
 .debug_frame   0x00000220       0xfc build/.obj/drivers/os_bsp.o
 .debug_frame   0x0000031c       0x30 build/.obj/drivers/os_timer.o
 .debug_frame   0x0000034c       0xd0 build/.obj/drivers/os_uart.o
 .debug_frame   0x0000041c      0x338 build/.obj/kernel/os_core.o
 .debug_frame   0x00000754      0x188 build/.obj/kernel/os_flag.o
 .debug_frame   0x000008dc      0x11c build/.obj/kernel/os_mbox.o
 .debug_frame   0x000009f8       0xd0 build/.obj/kernel/os_mem.o
 .debug_frame   0x00000ac8      0x100 build/.obj/kernel/os_mutex.o
 .debug_frame   0x00000bc8      0x190 build/.obj/kernel/os_q.o
 .debug_frame   0x00000d58       0xfc build/.obj/kernel/os_sem.o
 .debug_frame   0x00000e54      0x168 build/.obj/kernel/os_task.o
 .debug_frame   0x00000fbc       0xd0 build/.obj/kernel/os_time.o
 .debug_frame   0x0000108c       0x50 build/.obj/lib/os_lib.o
 .debug_frame   0x000010dc       0x20 /usr/lib/gcc/arm-none-eabi/13.2.1/libgcc.a(_udivsi3.o)
 .debug_frame   0x000010fc       0x20 /usr/lib/gcc/arm-none-eabi/13.2.1/libgcc.a(_divsi3.o)
