Component: ARM Compiler 5.06 update 1 (build 61) Tool: armlink [4d35a8]

==============================================================================

Section Cross References

    os_cpu_cs_keil.o(OS_CPU_CODE) refers (Special) to os_core.o(i.OSIntEnter) for OSIntEnter
    os_cpu_cs_keil.o(OS_CPU_CODE) refers (Special) to os_cpu_init.o(i.OSTaskSwHook) for OSTaskSwHook
    os_cpu_cs_keil.o(OS_CPU_CODE) refers to os_core.o(i.OSTimeTick) for OSTimeTick
    os_cpu_cs_keil.o(OS_CPU_CODE) refers to os_core.o(i.OSIntExit) for OSIntExit
    os_cpu_cs_keil.o(OS_CPU_CODE) refers to os.o(.data) for OSRunning
    os_cpu_cs_keil.o(OS_CPU_CODE) refers to os.o(.data) for OSTCBHighRdy
    os_cpu_cs_keil.o(OS_CPU_CODE) refers to os.o(.data) for OSTCBCur
    os_cpu_cs_keil.o(OS_CPU_CODE) refers to os.o(.data) for OSPrioCur
    os_cpu_cs_keil.o(OS_CPU_CODE) refers to os.o(.data) for OSPrioHighRdy
    os_cpu_cs_keil.o(OS_CPU_CODE) refers to os.o(.data) for OSIntNesting
    os_cpu_init.o(i.OSTaskDelHook) refers to os_uart.o(i.Uart_Printf) for Uart_Printf
    startup_keil_sim.o(STARTUP) refers to os_cpu_cs_keil.o(OS_CPU_CODE) for OSTickISR
    startup_keil_sim.o(STARTUP) refers to main.o(i.main) for main
    main.o(i.Task_Display) refers to os_sem.o(i.OSSemAccept) for OSSemAccept
    main.o(i.Task_Display) refers to os_bsp.o(i.Beep_Ctrl) for Beep_Ctrl
    main.o(i.Task_Display) refers to os_time.o(i.OSTimeDlyHMSM) for OSTimeDlyHMSM
    main.o(i.Task_Display) refers to os_mbox.o(i.OSMboxAccept) for OSMboxAccept
    main.o(i.Task_Display) refers to os_flag.o(i.OSFlagQuery) for OSFlagQuery
    main.o(i.Task_Display) refers to aeabi_sdiv.o(.text) for __aeabi_idivmod
    main.o(i.Task_Display) refers to os_bsp.o(i.LED_Set) for LED_Set
    main.o(i.Task_Display) refers to main.o(.data) for .data
    main.o(i.Task_Input) refers to os_bsp.o(i.Key_Scan) for Key_Scan
    main.o(i.Task_Input) refers to os_mutex.o(i.OSMutexPend) for OSMutexPend
    main.o(i.Task_Input) refers to os_uart.o(i.Uart_Printf) for Uart_Printf
    main.o(i.Task_Input) refers to os_mutex.o(i.OSMutexPost) for OSMutexPost
    main.o(i.Task_Input) refers to os_sem.o(i.OSSemPost) for OSSemPost
    main.o(i.Task_Input) refers to os_mbox.o(i.OSMboxPost) for OSMboxPost
    main.o(i.Task_Input) refers to os_time.o(i.OSTimeGet) for OSTimeGet
    main.o(i.Task_Input) refers to os_q.o(i.OSQPost) for OSQPost
    main.o(i.Task_Input) refers to os_mem.o(i.OSMemGet) for OSMemGet
    main.o(i.Task_Input) refers to os_task.o(i.OSTaskResume) for OSTaskResume
    main.o(i.Task_Input) refers to os_task.o(i.OSTaskSuspend) for OSTaskSuspend
    main.o(i.Task_Input) refers to os_time.o(i.OSTimeDlyHMSM) for OSTimeDlyHMSM
    main.o(i.Task_Input) refers to os_flag.o(i.OSFlagPost) for OSFlagPost
    main.o(i.Task_Input) refers to main.o(.data) for .data
    main.o(i.Task_Monitor) refers to os_time.o(i.OSTimeDlyHMSM) for OSTimeDlyHMSM
    main.o(i.Task_Monitor) refers to os_mem.o(i.OSMemQuery) for OSMemQuery
    main.o(i.Task_Monitor) refers to os_q.o(i.OSQQuery) for OSQQuery
    main.o(i.Task_Monitor) refers to os_mutex.o(i.OSMutexPend) for OSMutexPend
    main.o(i.Task_Monitor) refers to os_uart.o(i.Uart_Printf) for Uart_Printf
    main.o(i.Task_Monitor) refers to os_mutex.o(i.OSMutexPost) for OSMutexPost
    main.o(i.Task_Monitor) refers to main.o(.data) for .data
    main.o(i.Task_Monitor) refers to os.o(.data) for OSCPUUsage
    main.o(i.Task_Start) refers to os_sem.o(i.OSSemCreate) for OSSemCreate
    main.o(i.Task_Start) refers to os_mbox.o(i.OSMboxCreate) for OSMboxCreate
    main.o(i.Task_Start) refers to os_q.o(i.OSQCreate) for OSQCreate
    main.o(i.Task_Start) refers to os_mutex.o(i.OSMutexCreate) for OSMutexCreate
    main.o(i.Task_Start) refers to os_flag.o(i.OSFlagCreate) for OSFlagCreate
    main.o(i.Task_Start) refers to os_mem.o(i.OSMemCreate) for OSMemCreate
    main.o(i.Task_Start) refers to os_core.o(i.OSStatInit) for OSStatInit
    main.o(i.Task_Start) refers to os_mutex.o(i.OSMutexPend) for OSMutexPend
    main.o(i.Task_Start) refers to os_uart.o(i.Uart_Printf) for Uart_Printf
    main.o(i.Task_Start) refers to os_mutex.o(i.OSMutexPost) for OSMutexPost
    main.o(i.Task_Start) refers to os_task.o(i.OSTaskCreate) for OSTaskCreate
    main.o(i.Task_Start) refers to os_task.o(i.OSTaskDel) for OSTaskDel
    main.o(i.Task_Start) refers to main.o(.data) for .data
    main.o(i.Task_Start) refers to main.o(.bss) for .bss
    main.o(i.Task_Start) refers to main.o(i.Task_Input) for Task_Input
    main.o(i.Task_Start) refers to main.o(i.Task_Work) for Task_Work
    main.o(i.Task_Start) refers to main.o(i.Task_Display) for Task_Display
    main.o(i.Task_Start) refers to main.o(i.Task_Monitor) for Task_Monitor
    main.o(i.Task_Work) refers to os_q.o(i.OSQPend) for OSQPend
    main.o(i.Task_Work) refers to os_mutex.o(i.OSMutexPend) for OSMutexPend
    main.o(i.Task_Work) refers to os_uart.o(i.Uart_Printf) for Uart_Printf
[...]
    os_sem.o(i.OSSemDel) refers to os_core.o(i.OS_Sched) for OS_Sched
    os_sem.o(i.OSSemDel) refers to os.o(.data) for OSIntNesting
    os_sem.o(i.OSSemDel) refers to os.o(.data) for OSEventFreeList
    os_sem.o(i.OSSemPend) refers to os_cpu_cs_keil.o(OS_CPU_CODE) for OS_CPU_SR_Save
    os_sem.o(i.OSSemPend) refers to os_core.o(i.OS_EventTaskWait) for OS_EventTaskWait
    os_sem.o(i.OSSemPend) refers to os_core.o(i.OS_Sched) for OS_Sched
    os_sem.o(i.OSSemPend) refers to os_core.o(i.OS_EventTO) for OS_EventTO
    os_sem.o(i.OSSemPend) refers to os.o(.data) for OSIntNesting
    os_sem.o(i.OSSemPend) refers to os.o(.data) for OSTCBCur
    os_sem.o(i.OSSemPost) refers to os_cpu_cs_keil.o(OS_CPU_CODE) for OS_CPU_SR_Save
    os_sem.o(i.OSSemPost) refers to os_core.o(i.OS_EventTaskRdy) for OS_EventTaskRdy
    os_sem.o(i.OSSemPost) refers to os_core.o(i.OS_Sched) for OS_Sched
    os_sem.o(i.OSSemQuery) refers to os_cpu_cs_keil.o(OS_CPU_CODE) for OS_CPU_SR_Save
    os_sem.o(i.OSSemQuery) refers to rt_memcpy.o(.text) for __aeabi_memcpy
    os_task.o(i.OSTaskChangePrio) refers to os_cpu_cs_keil.o(OS_CPU_CODE) for OS_CPU_SR_Save
    os_task.o(i.OSTaskChangePrio) refers to os_core.o(i.OS_Sched) for OS_Sched
    os_task.o(i.OSTaskChangePrio) refers to os.o(.bss) for OSTCBPrioTbl
    os_task.o(i.OSTaskChangePrio) refers to os_core.o(.data) for OSMapTbl
    os_task.o(i.OSTaskChangePrio) refers to os.o(.data) for OSTCBCur
    os_task.o(i.OSTaskChangePrio) refers to os.o(.data) for OSRdyTbl
    os_task.o(i.OSTaskChangePrio) refers to os.o(.data) for OSRdyGrp
    os_task.o(i.OSTaskCreate) refers to os_cpu_cs_keil.o(OS_CPU_CODE) for OS_CPU_SR_Save
    os_task.o(i.OSTaskCreate) refers to os_cpu_init.o(i.OSTaskStkInit) for OSTaskStkInit
    os_task.o(i.OSTaskCreate) refers to os_core.o(i.OS_TCBInit) for OS_TCBInit
    os_task.o(i.OSTaskCreate) refers to os_core.o(i.OS_Sched) for OS_Sched
    os_task.o(i.OSTaskCreate) refers to os.o(.bss) for OSTCBPrioTbl
    os_task.o(i.OSTaskCreate) refers to os.o(.data) for OSTaskCtr
    os_task.o(i.OSTaskCreate) refers to os.o(.data) for OSRunning
    os_task.o(i.OSTaskDel) refers to os_cpu_cs_keil.o(OS_CPU_CODE) for OS_CPU_SR_Save
    os_task.o(i.OSTaskDel) refers to os_flag.o(i.OS_FlagUnlink) for OS_FlagUnlink
    os_task.o(i.OSTaskDel) refers to os_core.o(i.OS_Dummy) for OS_Dummy
    os_task.o(i.OSTaskDel) refers to os_cpu_init.o(i.OSTaskDelHook) for OSTaskDelHook
    os_task.o(i.OSTaskDel) refers to os_core.o(i.OS_Sched) for OS_Sched
    os_task.o(i.OSTaskDel) refers to os.o(.data) for OSIntNesting
    os_task.o(i.OSTaskDel) refers to os.o(.data) for OSTCBCur
    os_task.o(i.OSTaskDel) refers to os.o(.bss) for OSTCBPrioTbl
    os_task.o(i.OSTaskDel) refers to os.o(.data) for OSRdyTbl
    os_task.o(i.OSTaskDel) refers to os.o(.data) for OSRdyGrp
    os_task.o(i.OSTaskDel) refers to os.o(.data) for OSLockNesting
    os_task.o(i.OSTaskDel) refers to os.o(.data) for OSTaskCtr
    os_task.o(i.OSTaskDel) refers to os.o(.data) for OSTCBList
    os_task.o(i.OSTaskDel) refers to os.o(.data) for OSTCBFreeList
    os_task.o(i.OSTaskDelReq) refers to os_cpu_cs_keil.o(OS_CPU_CODE) for OS_CPU_SR_Save
    os_task.o(i.OSTaskDelReq) refers to os.o(.data) for OSTCBCur
    os_task.o(i.OSTaskDelReq) refers to os.o(.bss) for OSTCBPrioTbl
    os_task.o(i.OSTaskQuery) refers to os_cpu_cs_keil.o(OS_CPU_CODE) for OS_CPU_SR_Save
    os_task.o(i.OSTaskQuery) refers to rt_memcpy_w.o(.text) for __aeabi_memcpy4
    os_task.o(i.OSTaskQuery) refers to os.o(.data) for OSTCBCur
    os_task.o(i.OSTaskQuery) refers to os.o(.bss) for OSTCBPrioTbl
    os_task.o(i.OSTaskResume) refers to os_cpu_cs_keil.o(OS_CPU_CODE) for OS_CPU_SR_Save
    os_task.o(i.OSTaskResume) refers to os_core.o(i.OS_Sched) for OS_Sched
    os_task.o(i.OSTaskResume) refers to os.o(.bss) for OSTCBPrioTbl
    os_task.o(i.OSTaskResume) refers to os.o(.data) for OSRdyGrp
    os_task.o(i.OSTaskResume) refers to os.o(.data) for OSRdyTbl
    os_task.o(i.OSTaskSuspend) refers to os_cpu_cs_keil.o(OS_CPU_CODE) for OS_CPU_SR_Save
    os_task.o(i.OSTaskSuspend) refers to os_core.o(i.OS_Sched) for OS_Sched
    os_task.o(i.OSTaskSuspend) refers to os.o(.data) for OSTCBCur
    os_task.o(i.OSTaskSuspend) refers to os.o(.bss) for OSTCBPrioTbl
    os_task.o(i.OSTaskSuspend) refers to os.o(.data) for OSRdyTbl
    os_task.o(i.OSTaskSuspend) refers to os.o(.data) for OSRdyGrp
    os_time.o(i.OSTimeDly) refers to os_cpu_cs_keil.o(OS_CPU_CODE) for OS_CPU_SR_Save
    os_time.o(i.OSTimeDly) refers to os_core.o(i.OS_Sched) for OS_Sched
    os_time.o(i.OSTimeDly) refers to os.o(.data) for OSTCBCur
    os_time.o(i.OSTimeDly) refers to os.o(.data) for OSRdyTbl
    os_time.o(i.OSTimeDly) refers to os.o(.data) for OSRdyGrp
    os_time.o(i.OSTimeDlyHMSM) refers to aeabi_sdiv.o(.text_udiv) for __aeabi_uidivmod
    os_time.o(i.OSTimeDlyHMSM) refers to os_time.o(i.OSTimeDly) for OSTimeDly
    os_time.o(i.OSTimeDlyResume) refers to os_cpu_cs_keil.o(OS_CPU_CODE) for OS_CPU_SR_Save
    os_time.o(i.OSTimeDlyResume) refers to os_core.o(i.OS_Sched) for OS_Sched
    os_time.o(i.OSTimeDlyResume) refers to os.o(.bss) for OSTCBPrioTbl
    os_time.o(i.OSTimeDlyResume) refers to os.o(.data) for OSRdyGrp
    os_time.o(i.OSTimeDlyResume) refers to os.o(.data) for OSRdyTbl
    os_time.o(i.OSTimeGet) refers to os_cpu_cs_keil.o(OS_CPU_CODE) for OS_CPU_SR_Save
    os_time.o(i.OSTimeGet) refers to os.o(.data) for OSTime
    os_time.o(i.OSTimeSet) refers to os_cpu_cs_keil.o(OS_CPU_CODE) for OS_CPU_SR_Save
    os_time.o(i.OSTimeSet) refers to os.o(.data) for OSTime
    os_bsp.o(i.BSP_Init) refers to os_uart.o(i.Uart_Init) for Uart_Init
    os_bsp.o(i.BSP_Init) refers to os_bsp.o(i.Beep_Init) for Beep_Init
    os_bsp.o(i.BSP_Init) refers to os_bsp.o(i.LED_Init) for LED_Init
    os_bsp.o(i.BSP_Init) refers to os_bsp.o(i.Key_Init) for Key_Init
    os_bsp.o(i.BSP_Init) refers to os_timer.o(i.InitTimer4) for InitTimer4
    os_bsp.o(i.Beep_Init) refers to os_bsp.o(i.Beep_Ctrl) for Beep_Ctrl
    os_bsp.o(i.LED_Init) refers to os_bsp.o(i.LED_Set) for LED_Set
    os_timer.o(i.InitTimer4) refers to os_cpu_cs_keil.o(OS_CPU_CODE) for OSTickISR
    os_uart.o(i.Uart_Init) refers to aeabi_sdiv.o(.text) for __aeabi_idivmod
    os_uart.o(i.Uart_Printf) refers to os_uart.o(i.int_to_str) for int_to_str
    os_uart.o(i.Uart_Printf) refers to os_uart.o(i.Uart_SendByte) for Uart_SendByte
    os_uart.o(i.int_to_str) refers to aeabi_sdiv.o(.text) for __aeabi_idivmod
    rt_memcpy.o(.text) refers to rt_memcpy_w.o(.text) for __aeabi_memcpy4
    aeabi_sdiv.o(.text_udiv) refers to aeabi_sdiv.o(.text) for __arm_div2
    aeabi_sdiv_div0.o(.text_udiv) refers to aeabi_sdiv_div0.o(.text) for __arm_div2
    __main.o(!!!main) refers to __rtentry.o(.ARM.Collect$$rtentry$$00000000) for __rt_entry
    __rtentry.o(.ARM.Collect$$rtentry$$00000000) refers (Special) to __rtentry2.o(.ARM.Collect$$rtentry$$0000000A) for __rt_entry_li
    __rtentry.o(.ARM.Collect$$rtentry$$00000000) refers (Special) to __rtentry2.o(.ARM.Collect$$rtentry$$0000000D) for __rt_entry_main
    __rtentry.o(.ARM.Collect$$rtentry$$00000000) refers (Special) to __rtentry2.o(.ARM.Collect$$rtentry$$0000000C) for __rt_entry_postli_1
    __rtentry.o(.ARM.Collect$$rtentry$$00000000) refers (Special) to __rtentry2.o(.ARM.Collect$$rtentry$$00000009) for __rt_entry_postsh_1
    __rtentry.o(.ARM.Collect$$rtentry$$00000000) refers (Special) to __rtentry2.o(.ARM.Collect$$rtentry$$00000002) for __rt_entry_presh_1
    __rtentry.o(.ARM.Collect$$rtentry$$00000000) refers (Special) to __rtentry4.o(.ARM.Collect$$rtentry$$00000004) for __rt_entry_sh
    aeabi_idiv0_sigfpe.o(.text) refers to rt_div0.o(.text) for __rt_div0
    __rtentry2.o(.ARM.Collect$$rtentry$$00000008) refers to boardinit2.o(.text) for _platform_post_stackheap_init
    __rtentry2.o(.ARM.Collect$$rtentry$$0000000A) refers to libinit.o(.ARM.Collect$$libinit$$00000000) for __rt_lib_init
    __rtentry2.o(.ARM.Collect$$rtentry$$0000000B) refers to boardinit3.o(.text) for _platform_post_lib_init
    __rtentry2.o(.ARM.Collect$$rtentry$$0000000D) refers to exit.o(.text) for exit
    __rtentry2.o(.ARM.Collect$$rtentry$$0000000D) refers to main.o(i.main) for main
    __rtentry2.o(.ARM.exidx) refers to __rtentry2.o(.ARM.Collect$$rtentry$$00000001) for .ARM.Collect$$rtentry$$00000001
    __rtentry2.o(.ARM.exidx) refers to __rtentry2.o(.ARM.Collect$$rtentry$$00000008) for .ARM.Collect$$rtentry$$00000008
    __rtentry2.o(.ARM.exidx) refers to __rtentry2.o(.ARM.Collect$$rtentry$$0000000A) for .ARM.Collect$$rtentry$$0000000A
    __rtentry2.o(.ARM.exidx) refers to __rtentry2.o(.ARM.Collect$$rtentry$$0000000B) for .ARM.Collect$$rtentry$$0000000B
    __rtentry2.o(.ARM.exidx) refers to __rtentry2.o(.ARM.Collect$$rtentry$$0000000D) for .ARM.Collect$$rtentry$$0000000D
    __rtentry4.o(.ARM.Collect$$rtentry$$00000004) refers to sys_stackheap_outer.o(.text) for __user_setup_stackheap
    __rtentry4.o(.ARM.exidx) refers to __rtentry4.o(.ARM.Collect$$rtentry$$00000004) for .ARM.Collect$$rtentry$$00000004
    rt_div0.o(.text) refers to defsig_fpe_outer.o(.text) for __rt_SIGFPE
    sys_stackheap_outer.o(.text) refers to libspace.o(.text) for __user_perproc_libspace
    sys_stackheap_outer.o(.text) refers to sys_stackheap.o(.text) for __user_initial_stackheap
    exit.o(.text) refers to rtexit.o(.ARM.Collect$$rtexit$$00000000) for __rt_exit
    defsig_fpe_outer.o(.text) refers to defsig_fpe_inner.o(.text) for __rt_SIGFPE_inner
    defsig_fpe_outer.o(.text) refers to defsig_exit.o(.text) for __sig_exit
    defsig_fpe_formal.o(.text) refers to rt_raise.o(.text) for __rt_raise
    libinit.o(.ARM.Collect$$libinit$$00000000) refers (Special) to libinit2.o(.ARM.Collect$$libinit$$0000002E) for __rt_lib_init_alloca_1
    libinit.o(.ARM.Collect$$libinit$$00000000) refers (Special) to libinit2.o(.ARM.Collect$$libinit$$0000002C) for __rt_lib_init_argv_1
    libinit.o(.ARM.Collect$$libinit$$00000000) refers (Special) to libinit2.o(.ARM.Collect$$libinit$$0000001B) for __rt_lib_init_atexit_1
    libinit.o(.ARM.Collect$$libinit$$00000000) refers (Special) to libinit2.o(.ARM.Collect$$libinit$$00000021) for __rt_lib_init_clock_1
    libinit.o(.ARM.Collect$$libinit$$00000000) refers (Special) to libinit2.o(.ARM.Collect$$libinit$$00000032) for __rt_lib_init_cpp_1
    libinit.o(.ARM.Collect$$libinit$$00000000) refers (Special) to libinit2.o(.ARM.Collect$$libinit$$00000030) for __rt_lib_init_exceptions_1
    libinit.o(.ARM.Collect$$libinit$$00000000) refers (Special) to libinit2.o(.ARM.Collect$$libinit$$00000002) for __rt_lib_init_fp_1
    libinit.o(.ARM.Collect$$libinit$$00000000) refers (Special) to libinit2.o(.ARM.Collect$$libinit$$0000001F) for __rt_lib_init_fp_trap_1
    libinit.o(.ARM.Collect$$libinit$$00000000) refers (Special) to libinit2.o(.ARM.Collect$$libinit$$00000023) for __rt_lib_init_getenv_1
    libinit.o(.ARM.Collect$$libinit$$00000000) refers (Special) to libinit2.o(.ARM.Collect$$libinit$$0000000A) for __rt_lib_init_heap_1
    libinit.o(.ARM.Collect$$libinit$$00000000) refers (Special) to libinit2.o(.ARM.Collect$$libinit$$00000011) for __rt_lib_init_lc_collate_1
    libinit.o(.ARM.Collect$$libinit$$00000000) refers (Special) to libinit2.o(.ARM.Collect$$libinit$$00000013) for __rt_lib_init_lc_ctype_1
    libinit.o(.ARM.Collect$$libinit$$00000000) refers (Special) to libinit2.o(.ARM.Collect$$libinit$$00000015) for __rt_lib_init_lc_monetary_1
    libinit.o(.ARM.Collect$$libinit$$00000000) refers (Special) to libinit2.o(.ARM.Collect$$libinit$$00000017) for __rt_lib_init_lc_numeric_1
    libinit.o(.ARM.Collect$$libinit$$00000000) refers (Special) to libinit2.o(.ARM.Collect$$libinit$$00000019) for __rt_lib_init_lc_time_1
    libinit.o(.ARM.Collect$$libinit$$00000000) refers (Special) to libinit2.o(.ARM.Collect$$libinit$$00000004) for __rt_lib_init_preinit_1
    libinit.o(.ARM.Collect$$libinit$$00000000) refers (Special) to libinit2.o(.ARM.Collect$$libinit$$0000000E) for __rt_lib_init_rand_1
    libinit.o(.ARM.Collect$$libinit$$00000000) refers (Special) to libinit2.o(.ARM.Collect$$libinit$$00000033) for __rt_lib_init_return
    libinit.o(.ARM.Collect$$libinit$$00000000) refers (Special) to libinit2.o(.ARM.Collect$$libinit$$0000001D) for __rt_lib_init_signal_1
    libinit.o(.ARM.Collect$$libinit$$00000000) refers (Special) to libinit2.o(.ARM.Collect$$libinit$$00000025) for __rt_lib_init_stdio_1
    libinit.o(.ARM.Collect$$libinit$$00000000) refers (Special) to libinit2.o(.ARM.Collect$$libinit$$0000000C) for __rt_lib_init_user_alloc_1
    libspace.o(.text) refers to libspace.o(.bss) for __libspace_start
    sys_stackheap.o(.text) refers (Special) to indicate_semi.o(.text) for __semihosting_library_function
    sys_stackheap.o(.text) refers to use_no_semi.o(.text) for __I$use$semihosting
    rtexit.o(.ARM.Collect$$rtexit$$00000000) refers (Special) to rtexit2.o(.ARM.Collect$$rtexit$$00000004) for __rt_exit_exit
    rtexit.o(.ARM.Collect$$rtexit$$00000000) refers (Special) to rtexit2.o(.ARM.Collect$$rtexit$$00000003) for __rt_exit_ls
    rtexit.o(.ARM.Collect$$rtexit$$00000000) refers (Special) to rtexit2.o(.ARM.Collect$$rtexit$$00000002) for __rt_exit_prels_1
    rtexit.o(.ARM.exidx) refers (Special) to rtexit2.o(.ARM.Collect$$rtexit$$00000004) for __rt_exit_exit
    rtexit.o(.ARM.exidx) refers (Special) to rtexit2.o(.ARM.Collect$$rtexit$$00000003) for __rt_exit_ls
    rtexit.o(.ARM.exidx) refers (Special) to rtexit2.o(.ARM.Collect$$rtexit$$00000002) for __rt_exit_prels_1
    rtexit.o(.ARM.exidx) refers to rtexit.o(.ARM.Collect$$rtexit$$00000000) for .ARM.Collect$$rtexit$$00000000
    rt_raise.o(.text) refers to __raise.o(.text) for __raise
    rt_raise.o(.text) refers to sys_exit.o(.text) for _sys_exit
    defsig_exit.o(.text) refers to sys_exit.o(.text) for _sys_exit
    defsig_fpe_inner.o(.text) refers to defsig_general.o(.text) for __default_signal_display
    libinit2.o(.ARM.Collect$$libinit$$00000001) refers to fpinit.o(x$fpl$fpinit) for _fp_init
    libinit2.o(.ARM.Collect$$libinit$$00000010) refers to libinit2.o(.ARM.Collect$$libinit$$0000000F) for .ARM.Collect$$libinit$$0000000F
    libinit2.o(.ARM.Collect$$libinit$$00000012) refers to libinit2.o(.ARM.Collect$$libinit$$0000000F) for .ARM.Collect$$libinit$$0000000F
    libinit2.o(.ARM.Collect$$libinit$$00000014) refers to libinit2.o(.ARM.Collect$$libinit$$0000000F) for .ARM.Collect$$libinit$$0000000F
    libinit2.o(.ARM.Collect$$libinit$$00000016) refers to libinit2.o(.ARM.Collect$$libinit$$0000000F) for .ARM.Collect$$libinit$$0000000F
    libinit2.o(.ARM.Collect$$libinit$$00000018) refers to libinit2.o(.ARM.Collect$$libinit$$0000000F) for .ARM.Collect$$libinit$$0000000F
    libinit2.o(.ARM.Collect$$libinit$$00000026) refers to argv_veneer.o(.emb_text) for __ARM_argv_veneer
    libinit2.o(.ARM.Collect$$libinit$$00000027) refers to argv_veneer.o(.emb_text) for __ARM_argv_veneer
    sys_exit.o(.text) refers (Special) to use_no_semi.o(.text) for __I$use$semihosting
    sys_exit.o(.text) refers (Special) to indicate_semi.o(.text) for __semihosting_library_function
    rtexit2.o(.ARM.Collect$$rtexit$$00000003) refers to libshutdown.o(.ARM.Collect$$libshutdown$$00000000) for __rt_lib_shutdown
    rtexit2.o(.ARM.Collect$$rtexit$$00000004) refers to sys_exit.o(.text) for _sys_exit
    rtexit2.o(.ARM.exidx) refers to rtexit2.o(.ARM.Collect$$rtexit$$00000001) for .ARM.Collect$$rtexit$$00000001
    rtexit2.o(.ARM.exidx) refers to rtexit2.o(.ARM.Collect$$rtexit$$00000003) for .ARM.Collect$$rtexit$$00000003
    rtexit2.o(.ARM.exidx) refers to rtexit2.o(.ARM.Collect$$rtexit$$00000004) for .ARM.Collect$$rtexit$$00000004
    __raise.o(.text) refers to __raise.o(i.__ARM_common_call_via_r2) for __ARM_common_call_via_r2
    __raise.o(.text) refers to defsig.o(CL$$defsig) for __default_signal_handler
    defsig_general.o(.text) refers to sys_wrch.o(.text) for _ttywrch
    argv_veneer.o(.emb_text) refers to no_argv.o(.text) for __ARM_get_argv
    sys_wrch.o(.text) refers (Special) to use_no_semi.o(.text) for __I$use$semihosting
    sys_wrch.o(.text) refers (Special) to indicate_semi.o(.text) for __semihosting_library_function
    defsig.o(CL$$defsig) refers to defsig_fpe_inner.o(.text) for __rt_SIGFPE_inner
    defsig.o(CL$$defsig) refers to defsig_rtmem_inner.o(.text) for __rt_SIGRTMEM_inner
    _get_argv_nomalloc.o(.text) refers (Special) to hrguard.o(.text) for __heap_region$guard
    _get_argv_nomalloc.o(.text) refers to defsig_rtmem_outer.o(.text) for __rt_SIGRTMEM
    _get_argv_nomalloc.o(.text) refers to sys_command.o(.text) for _sys_command_string
    libshutdown.o(.ARM.Collect$$libshutdown$$00000000) refers (Special) to libshutdown2.o(.ARM.Collect$$libshutdown$$00000002) for __rt_lib_shutdown_cpp_1
    libshutdown.o(.ARM.Collect$$libshutdown$$00000000) refers (Special) to libshutdown2.o(.ARM.Collect$$libshutdown$$00000007) for __rt_lib_shutdown_fp_trap_1
    libshutdown.o(.ARM.Collect$$libshutdown$$00000000) refers (Special) to libshutdown2.o(.ARM.Collect$$libshutdown$$0000000F) for __rt_lib_shutdown_heap_1
    libshutdown.o(.ARM.Collect$$libshutdown$$00000000) refers (Special) to libshutdown2.o(.ARM.Collect$$libshutdown$$00000010) for __rt_lib_shutdown_return
    libshutdown.o(.ARM.Collect$$libshutdown$$00000000) refers (Special) to libshutdown2.o(.ARM.Collect$$libshutdown$$0000000A) for __rt_lib_shutdown_signal_1
    libshutdown.o(.ARM.Collect$$libshutdown$$00000000) refers (Special) to libshutdown2.o(.ARM.Collect$$libshutdown$$00000004) for __rt_lib_shutdown_stdio_1
    libshutdown.o(.ARM.Collect$$libshutdown$$00000000) refers (Special) to libshutdown2.o(.ARM.Collect$$libshutdown$$0000000C) for __rt_lib_shutdown_user_alloc_1
    sys_command.o(.text) refers (Special) to use_no_semi.o(.text) for __I$use$semihosting
    sys_command.o(.text) refers (Special) to indicate_semi.o(.text) for __semihosting_library_function
    defsig_abrt_inner.o(.text) refers to defsig_general.o(.text) for __default_signal_display
    defsig_rtred_inner.o(.text) refers to defsig_general.o(.text) for __default_signal_display
    defsig_rtmem_inner.o(.text) refers to defsig_general.o(.text) for __default_signal_display
    defsig_rtmem_outer.o(.text) refers to defsig_rtmem_inner.o(.text) for __rt_SIGRTMEM_inner
    defsig_rtmem_outer.o(.text) refers to defsig_exit.o(.text) for __sig_exit
    defsig_rtmem_formal.o(.text) refers to rt_raise.o(.text) for __rt_raise
    defsig_stak_inner.o(.text) refers to defsig_general.o(.text) for __default_signal_display
    defsig_pvfn_inner.o(.text) refers to defsig_general.o(.text) for __default_signal_display
    defsig_cppl_inner.o(.text) refers to defsig_general.o(.text) for __default_signal_display
    defsig_segv_inner.o(.text) refers to defsig_general.o(.text) for __default_signal_display
    defsig_other.o(.text) refers to defsig_general.o(.text) for __default_signal_display


==============================================================================

Removing Unused input sections from the image.

    Removing os_lib.o(i.memcpy), (60 bytes).
    Removing os_lib.o(i.memset), (24 bytes).
    Removing os_core.o(i.OSSchedLock), (68 bytes).
    Removing os_core.o(i.OSSchedUnlock), (108 bytes).
    Removing os_flag.o(i.OSFlagAccept), (268 bytes).
    Removing os_flag.o(i.OSFlagDel), (268 bytes).
    Removing os_flag.o(i.OSFlagPend), (484 bytes).
    Removing os_flag.o(i.OS_FlagBlock), (156 bytes).
    Removing os_mbox.o(i.OSMboxDel), (280 bytes).
    Removing os_mbox.o(i.OSMboxPend), (244 bytes).
    Removing os_mbox.o(i.OSMboxPostOpt), (8 bytes).
    Removing os_mbox.o(i.OSMboxQuery), (84 bytes).
    Removing os_mutex.o(i.OSMutexAccept), (168 bytes).
    Removing os_mutex.o(i.OSMutexDel), (324 bytes).
    Removing os_mutex.o(i.OSMutexQuery), (152 bytes).
    Removing os_q.o(i.OSQAccept), (124 bytes).
    Removing os_q.o(i.OSQDel), (324 bytes).
    Removing os_q.o(i.OSQFlush), (84 bytes).
    Removing os_q.o(i.OSQPostFront), (200 bytes).
    Removing os_q.o(i.OSQPostOpt), (8 bytes).
    Removing os_sem.o(i.OSSemDel), (280 bytes).
    Removing os_sem.o(i.OSSemPend), (232 bytes).
    Removing os_sem.o(i.OSSemQuery), (96 bytes).
    Removing os_task.o(i.OSTaskChangePrio), (400 bytes).
    Removing os_task.o(i.OSTaskCreateExt), (8 bytes).
    Removing os_task.o(i.OSTaskDelReq), (120 bytes).
    Removing os_task.o(i.OSTaskQuery), (112 bytes).
    Removing os_task.o(i.OSTaskStkChk), (8 bytes).
    Removing os_time.o(i.OSTimeDlyResume), (180 bytes).
    Removing os_time.o(i.OSTimeSet), (32 bytes).

30 unused section(s) (total 4904 bytes) removed from the image.

==============================================================================

Adding Veneers to the image

    Adding AT veneer (8 bytes, Inline) for call to '__rt_lib_init' from __rtentry2.o(.ARM.Collect$$rtentry$$0000000A).
    Adding AT veneer (8 bytes, Inline) for call to '__rt_lib_shutdown' from rtexit2.o(.ARM.Collect$$rtexit$$00000003).
    Adding TA veneer (4 bytes, Inline) for call to '__rt_exit' from exit.o(.text).
    Adding AT veneer (8 bytes, Inline) for call to '_sys_exit' from rtexit2.o(.ARM.Collect$$rtexit$$00000004).

4 Veneer(s) (total 28 bytes) added to the image.

==============================================================================

Image Symbol Table

    Local Symbols

    Symbol Name                              Value     Ov Type        Size  Object(Section)

    STARTUP                                  0x00000000   Section       88  startup_keil_sim.o(STARTUP)
    ../clib/angel/boardlib.s                 0x00000000   Number         0  boardshut.o ABSOLUTE
    ../clib/angel/boardlib.s                 0x00000000   Number         0  boardinit1.o ABSOLUTE
    ../clib/angel/boardlib.s                 0x00000000   Number         0  boardinit3.o ABSOLUTE
    ../clib/angel/boardlib.s                 0x00000000   Number         0  boardinit2.o ABSOLUTE
    ../clib/angel/dczerorl2.s                0x00000000   Number         0  __dczerorl2.o ABSOLUTE
    ../clib/angel/handlers.s                 0x00000000   Number         0  __scatter_zi.o ABSOLUTE
    ../clib/angel/kernel.s                   0x00000000   Number         0  __rtentry4.o ABSOLUTE
    ../clib/angel/kernel.s                   0x00000000   Number         0  __rtentry2.o ABSOLUTE
    ../clib/angel/kernel.s                   0x00000000   Number         0  rtexit.o ABSOLUTE
    ../clib/angel/kernel.s                   0x00000000   Number         0  __rtentry.o ABSOLUTE
    ../clib/angel/kernel.s                   0x00000000   Number         0  rtexit2.o ABSOLUTE
    ../clib/angel/rt.s                       0x00000000   Number         0  aeabi_idiv0.o ABSOLUTE
    ../clib/angel/rt.s                       0x00000000   Number         0  aeabi_idiv0_sigfpe.o ABSOLUTE
    ../clib/angel/rt.s                       0x00000000   Number         0  rt_raise.o ABSOLUTE
    ../clib/angel/rt.s                       0x00000000   Number         0  rt_div0.o ABSOLUTE
    ../clib/angel/scatter.s                  0x00000000   Number         0  __scatter.o ABSOLUTE
    ../clib/angel/startup.s                  0x00000000   Number         0  __main.o ABSOLUTE
    ../clib/angel/sys.s                      0x00000000   Number         0  sys_stackheap.o ABSOLUTE
    ../clib/angel/sys.s                      0x00000000   Number         0  libspace.o ABSOLUTE
    ../clib/angel/sys.s                      0x00000000   Number         0  sys_stackheap_outer.o ABSOLUTE
    ../clib/angel/sys.s                      0x00000000   Number         0  indicate_semi.o ABSOLUTE
    ../clib/angel/sys.s                      0x00000000   Number         0  use_no_semi.o ABSOLUTE
    ../clib/angel/sysapp.c                   0x00000000   Number         0  sys_wrch.o ABSOLUTE
    ../clib/angel/sysapp.c                   0x00000000   Number         0  sys_exit.o ABSOLUTE
    ../clib/angel/sysapp.c                   0x00000000   Number         0  sys_command.o ABSOLUTE
    ../clib/armsys.c                         0x00000000   Number         0  _get_argv_nomalloc.o ABSOLUTE
    ../clib/armsys.c                         0x00000000   Number         0  no_argv.o ABSOLUTE
    ../clib/armsys.c                         0x00000000   Number         0  argv_veneer.o ABSOLUTE
    ../clib/armsys.c                         0x00000000   Number         0  argv_veneer.o ABSOLUTE
    ../clib/division.s                       0x00000000   Number         0  aeabi_sdiv.o ABSOLUTE
    ../clib/division.s                       0x00000000   Number         0  aeabi_sdiv_div0.o ABSOLUTE
    ../clib/divrt.s                          0x00000000   Number         0  divrt_7tdmi.o ABSOLUTE
    ../clib/divrt.s                          0x00000000   Number         0  divrt_7tdmi_div0.o ABSOLUTE
    ../clib/heapalloc.c                      0x00000000   Number         0  hrguard.o ABSOLUTE
    ../clib/libinit.s                        0x00000000   Number         0  libshutdown2.o ABSOLUTE
    ../clib/libinit.s                        0x00000000   Number         0  libinit2.o ABSOLUTE
    ../clib/libinit.s                        0x00000000   Number         0  libshutdown.o ABSOLUTE
    ../clib/libinit.s                        0x00000000   Number         0  libinit.o ABSOLUTE
    ../clib/memcpset.s                       0x00000000   Number         0  rt_memcpy.o ABSOLUTE
    ../clib/memcpset.s                       0x00000000   Number         0  rt_memcpy_w.o ABSOLUTE
    ../clib/signal.c                         0x00000000   Number         0  defsig_rtmem_outer.o ABSOLUTE
    ../clib/signal.c                         0x00000000   Number         0  defsig_rtmem_inner.o ABSOLUTE
    ../clib/signal.c                         0x00000000   Number         0  defsig_rtred_inner.o ABSOLUTE
    ../clib/signal.c                         0x00000000   Number         0  defsig_general.o ABSOLUTE
    ../clib/signal.c                         0x00000000   Number         0  __raise.o ABSOLUTE
    ../clib/signal.c                         0x00000000   Number         0  defsig_fpe_formal.o ABSOLUTE
    ../clib/signal.c                         0x00000000   Number         0  defsig_fpe_outer.o ABSOLUTE
    ../clib/signal.c                         0x00000000   Number         0  defsig_fpe_inner.o ABSOLUTE
    ../clib/signal.c                         0x00000000   Number         0  defsig_exit.o ABSOLUTE
    ../clib/signal.c                         0x00000000   Number         0  defsig_cppl_inner.o ABSOLUTE
    ../clib/signal.c                         0x00000000   Number         0  defsig_other.o ABSOLUTE
    ../clib/signal.c                         0x00000000   Number         0  defsig_segv_inner.o ABSOLUTE
    ../clib/signal.c                         0x00000000   Number         0  defsig_abrt_inner.o ABSOLUTE
    ../clib/signal.c                         0x00000000   Number         0  defsig_pvfn_inner.o ABSOLUTE
    ../clib/signal.c                         0x00000000   Number         0  defsig_stak_inner.o ABSOLUTE
    ../clib/signal.c                         0x00000000   Number         0  defsig_rtmem_formal.o ABSOLUTE
    ../clib/signal.s                         0x00000000   Number         0  defsig.o ABSOLUTE
    ../clib/stdlib.c                         0x00000000   Number         0  exit.o ABSOLUTE
    ../fplib/fpinit.s                        0x00000000   Number         0  fpinit.o ABSOLUTE
    arch_keil\os_cpu_cs_keil.S               0x00000000   Number         0  os_cpu_cs_keil.o ABSOLUTE
    arch_keil\os_cpu_init.c                  0x00000000   Number         0  os_cpu_init.o ABSOLUTE
    arch_keil\startup_keil_sim.S             0x00000000   Number         0  startup_keil_sim.o ABSOLUTE
    dc.s                                     0x00000000   Number         0  dc.o ABSOLUTE
    drivers\os_bsp.c                         0x00000000   Number         0  os_bsp.o ABSOLUTE
    drivers\os_timer.c                       0x00000000   Number         0  os_timer.o ABSOLUTE
    drivers\os_uart.c                        0x00000000   Number         0  os_uart.o ABSOLUTE
    kernel\os.c                              0x00000000   Number         0  os.o ABSOLUTE
    kernel\os_core.c                         0x00000000   Number         0  os_core.o ABSOLUTE
    kernel\os_flag.c                         0x00000000   Number         0  os_flag.o ABSOLUTE
    kernel\os_mbox.c                         0x00000000   Number         0  os_mbox.o ABSOLUTE
    kernel\os_mem.c                          0x00000000   Number         0  os_mem.o ABSOLUTE
    kernel\os_mutex.c                        0x00000000   Number         0  os_mutex.o ABSOLUTE
    kernel\os_q.c                            0x00000000   Number         0  os_q.o ABSOLUTE
    kernel\os_sem.c                          0x00000000   Number         0  os_sem.o ABSOLUTE
    kernel\os_task.c                         0x00000000   Number         0  os_task.o ABSOLUTE
    kernel\os_time.c                         0x00000000   Number         0  os_time.o ABSOLUTE
    lib\os_lib.c                             0x00000000   Number         0  os_lib.o ABSOLUTE
    user\main.c                              0x00000000   Number         0  main.o ABSOLUTE
    !!!main                                  0x00000058   Section        8  __main.o(!!!main)
    !!!scatter                               0x00000060   Section       60  __scatter.o(!!!scatter)
    !!dczerorl2                              0x0000009c   Section       92  __dczerorl2.o(!!dczerorl2)
    _decompress_loop                         0x000000a7   Thumb Code     0  __dczerorl2.o(!!dczerorl2)
    _decompress_zerolen                      0x000000b5   Thumb Code     0  __dczerorl2.o(!!dczerorl2)
    _decompress_litn                         0x000000bd   Thumb Code     0  __dczerorl2.o(!!dczerorl2)
    _decompress_lit                          0x000000c1   Thumb Code     0  __dczerorl2.o(!!dczerorl2)
    _decompress_copyorzero                   0x000000cd   Thumb Code     0  __dczerorl2.o(!!dczerorl2)
    _decompress_zero                         0x000000d5   Thumb Code     0  __dczerorl2.o(!!dczerorl2)
    _decompress_copyn                        0x000000df   Thumb Code     0  __dczerorl2.o(!!dczerorl2)
    _decompress_copy                         0x000000e7   Thumb Code     0  __dczerorl2.o(!!dczerorl2)
    _decompress_end                          0x000000f3   Thumb Code     0  __dczerorl2.o(!!dczerorl2)
    !!handler_zi                             0x000000f8   Section       44  __scatter_zi.o(!!handler_zi)
    .ARM.Collect$$libinit$$00000000          0x0000012c   Section        2  libinit.o(.ARM.Collect$$libinit$$00000000)
    .ARM.Collect$$libinit$$00000002          0x0000012e   Section        0  libinit2.o(.ARM.Collect$$libinit$$00000002)
    .ARM.Collect$$libinit$$00000004          0x0000012e   Section        0  libinit2.o(.ARM.Collect$$libinit$$00000004)
    .ARM.Collect$$libinit$$0000000A          0x0000012e   Section        0  libinit2.o(.ARM.Collect$$libinit$$0000000A)
    .ARM.Collect$$libinit$$0000000C          0x0000012e   Section        0  libinit2.o(.ARM.Collect$$libinit$$0000000C)
    .ARM.Collect$$libinit$$0000000E          0x0000012e   Section        0  libinit2.o(.ARM.Collect$$libinit$$0000000E)
    .ARM.Collect$$libinit$$00000011          0x0000012e   Section        0  libinit2.o(.ARM.Collect$$libinit$$00000011)
    .ARM.Collect$$libinit$$00000013          0x0000012e   Section        0  libinit2.o(.ARM.Collect$$libinit$$00000013)
    .ARM.Collect$$libinit$$00000015          0x0000012e   Section        0  libinit2.o(.ARM.Collect$$libinit$$00000015)
    .ARM.Collect$$libinit$$00000017          0x0000012e   Section        0  libinit2.o(.ARM.Collect$$libinit$$00000017)
    .ARM.Collect$$libinit$$00000019          0x0000012e   Section        0  libinit2.o(.ARM.Collect$$libinit$$00000019)
    .ARM.Collect$$libinit$$0000001B          0x0000012e   Section        0  libinit2.o(.ARM.Collect$$libinit$$0000001B)
    .ARM.Collect$$libinit$$0000001D          0x0000012e   Section        0  libinit2.o(.ARM.Collect$$libinit$$0000001D)
    .ARM.Collect$$libinit$$0000001F          0x0000012e   Section        0  libinit2.o(.ARM.Collect$$libinit$$0000001F)
    .ARM.Collect$$libinit$$00000021          0x0000012e   Section        0  libinit2.o(.ARM.Collect$$libinit$$00000021)
    .ARM.Collect$$libinit$$00000023          0x0000012e   Section        0  libinit2.o(.ARM.Collect$$libinit$$00000023)
    .ARM.Collect$$libinit$$00000025          0x0000012e   Section        0  libinit2.o(.ARM.Collect$$libinit$$00000025)
    .ARM.Collect$$libinit$$0000002C          0x0000012e   Section        0  libinit2.o(.ARM.Collect$$libinit$$0000002C)
    .ARM.Collect$$libinit$$0000002E          0x0000012e   Section        0  libinit2.o(.ARM.Collect$$libinit$$0000002E)
    .ARM.Collect$$libinit$$00000030          0x0000012e   Section        0  libinit2.o(.ARM.Collect$$libinit$$00000030)
    .ARM.Collect$$libinit$$00000032          0x0000012e   Section        0  libinit2.o(.ARM.Collect$$libinit$$00000032)
    .ARM.Collect$$libinit$$00000033          0x0000012e   Section       12  libinit2.o(.ARM.Collect$$libinit$$00000033)
    .ARM.Collect$$libshutdown$$00000000      0x00000144   Section        4  libshutdown.o(.ARM.Collect$$libshutdown$$00000000)
    .ARM.Collect$$libshutdown$$00000002      0x00000148   Section        0  libshutdown2.o(.ARM.Collect$$libshutdown$$00000002)
    .ARM.Collect$$libshutdown$$00000004      0x00000148   Section        0  libshutdown2.o(.ARM.Collect$$libshutdown$$00000004)
    .ARM.Collect$$libshutdown$$00000007      0x00000148   Section        0  libshutdown2.o(.ARM.Collect$$libshutdown$$00000007)
    .ARM.Collect$$libshutdown$$0000000A      0x00000148   Section        0  libshutdown2.o(.ARM.Collect$$libshutdown$$0000000A)
    .ARM.Collect$$libshutdown$$0000000C      0x00000148   Section        0  libshutdown2.o(.ARM.Collect$$libshutdown$$0000000C)
    .ARM.Collect$$libshutdown$$0000000F      0x00000148   Section        0  libshutdown2.o(.ARM.Collect$$libshutdown$$0000000F)
    .ARM.Collect$$libshutdown$$00000010      0x00000148   Section        6  libshutdown2.o(.ARM.Collect$$libshutdown$$00000010)
    .ARM.Collect$$rtentry$$00000000          0x00000150   Section        0  __rtentry.o(.ARM.Collect$$rtentry$$00000000)
    .ARM.Collect$$rtentry$$00000002          0x00000150   Section        0  __rtentry2.o(.ARM.Collect$$rtentry$$00000002)
    .ARM.Collect$$rtentry$$00000004          0x00000150   Section        8  __rtentry4.o(.ARM.Collect$$rtentry$$00000004)
    .ARM.Collect$$rtentry$$00000009          0x00000158   Section        0  __rtentry2.o(.ARM.Collect$$rtentry$$00000009)
    .ARM.Collect$$rtentry$$0000000A          0x00000158   Section        4  __rtentry2.o(.ARM.Collect$$rtentry$$0000000A)
    .ARM.Collect$$rtentry$$0000000C          0x0000015c   Section        0  __rtentry2.o(.ARM.Collect$$rtentry$$0000000C)
    .ARM.Collect$$rtentry$$0000000D          0x0000015c   Section       40  __rtentry2.o(.ARM.Collect$$rtentry$$0000000D)
    .ARM.Collect$$rtexit$$00000000           0x00000188   Section        4  rtexit.o(.ARM.Collect$$rtexit$$00000000)
    .ARM.Collect$$rtexit$$00000002           0x0000018c   Section        0  rtexit2.o(.ARM.Collect$$rtexit$$00000002)
    .ARM.Collect$$rtexit$$00000003           0x0000018c   Section        4  rtexit2.o(.ARM.Collect$$rtexit$$00000003)
    .ARM.Collect$$rtexit$$00000004           0x00000190   Section        8  rtexit2.o(.ARM.Collect$$rtexit$$00000004)
    .text                                    0x00000198   Section      384  aeabi_sdiv.o(.text)
    __arm_div8                               0x000001c4   ARM Code       0  aeabi_sdiv.o(.text)
    __arm_div5                               0x000001e8   ARM Code       0  aeabi_sdiv.o(.text)
    __arm_div2                               0x0000020c   ARM Code       0  aeabi_sdiv.o(.text)
    __arm_div_large                          0x00000248   ARM Code       0  aeabi_sdiv.o(.text)
    .text                                    0x00000318   Section       96  sys_stackheap_outer.o(.text)
    .text                                    0x00000378   Section        0  exit.o(.text)
    .text                                    0x0000038c   Section       12  libspace.o(.text)
    .text                                    0x00000398   Section       80  sys_stackheap.o(.text)
    .text                                    0x000003f0   Section        0  sys_exit.o(.text)
    .text                                    0x000003fc   Section        4  use_no_semi.o(.text)
    .text                                    0x00000400   Section        0  indicate_semi.o(.text)
    .text_udiv                               0x00000400   Section       36  aeabi_sdiv.o(.text_udiv)
    OS_CPU_CODE                              0x00000424   Section      340  os_cpu_cs_keil.o(OS_CPU_CODE)
    i.BSP_Init                               0x00000578   Section        0  os_bsp.o(i.BSP_Init)
    i.Beep_Ctrl                              0x000005a4   Section        0  os_bsp.o(i.Beep_Ctrl)
    i.Beep_Init                              0x000005c0   Section        0  os_bsp.o(i.Beep_Init)
    i.InitTimer4                             0x000005e4   Section        0  os_timer.o(i.InitTimer4)
    i.Key_Init                               0x00000684   Section        0  os_bsp.o(i.Key_Init)
    i.Key_Scan                               0x000006a0   Section        0  os_bsp.o(i.Key_Scan)
    i.LED_Init                               0x000006f4   Section        0  os_bsp.o(i.LED_Init)
    i.LED_Set                                0x00000718   Section        0  os_bsp.o(i.LED_Set)
    i.OSFlagCreate                           0x0000074c   Section        0  os_flag.o(i.OSFlagCreate)
    i.OSFlagPost                             0x000007c8   Section        0  os_flag.o(i.OSFlagPost)
    i.OSFlagQuery                            0x000008ec   Section        0  os_flag.o(i.OSFlagQuery)
    i.OSInit                                 0x0000093c   Section        0  os_core.o(i.OSInit)
    i.OSInitHookBegin                        0x00000b24   Section        0  os_cpu_init.o(i.OSInitHookBegin)
    i.OSInitHookEnd                          0x00000b28   Section        0  os_cpu_init.o(i.OSInitHookEnd)
    i.OSIntEnter                             0x00000b2c   Section        0  os_core.o(i.OSIntEnter)
    i.OSIntExit                              0x00000b5c   Section        0  os_core.o(i.OSIntExit)
    i.OSMboxAccept                           0x00000c4c   Section        0  os_mbox.o(i.OSMboxAccept)
    i.OSMboxCreate                           0x00000c8c   Section        0  os_mbox.o(i.OSMboxCreate)
    i.OSMboxPost                             0x00000cfc   Section        0  os_mbox.o(i.OSMboxPost)
    i.OSMemCreate                            0x00000d94   Section        0  os_mem.o(i.OSMemCreate)
    i.OSMemGet                               0x00000e54   Section        0  os_mem.o(i.OSMemGet)
    i.OSMemPut                               0x00000ebc   Section        0  os_mem.o(i.OSMemPut)
    i.OSMemQuery                             0x00000f24   Section        0  os_mem.o(i.OSMemQuery)
    i.OSMutexCreate                          0x00000f90   Section        0  os_mutex.o(i.OSMutexCreate)
    i.OSMutexPend                            0x0000105c   Section        0  os_mutex.o(i.OSMutexPend)
    i.OSMutexPost                            0x00001224   Section        0  os_mutex.o(i.OSMutexPost)
    i.OSQCreate                              0x000013a8   Section        0  os_q.o(i.OSQCreate)
    i.OSQPend                                0x00001474   Section        0  os_q.o(i.OSQPend)
    i.OSQPost                                0x000015a4   Section        0  os_q.o(i.OSQPost)
    i.OSQQuery                               0x00001670   Section        0  os_q.o(i.OSQQuery)
    i.OSSemAccept                            0x000016f0   Section        0  os_sem.o(i.OSSemAccept)
    i.OSSemCreate                            0x00001740   Section        0  os_sem.o(i.OSSemCreate)
    i.OSSemPost                              0x000017ac   Section        0  os_sem.o(i.OSSemPost)
    i.OSStart                                0x00001840   Section        0  os_core.o(i.OSStart)
    i.OSStatInit                             0x000018c4   Section        0  os_core.o(i.OSStatInit)
    i.OSTCBInitHook                          0x0000191c   Section        0  os_cpu_init.o(i.OSTCBInitHook)
    i.OSTaskCreate                           0x00001920   Section        0  os_task.o(i.OSTaskCreate)
    i.OSTaskCreateHook                       0x000019fc   Section        0  os_cpu_init.o(i.OSTaskCreateHook)
    i.OSTaskDel                              0x00001a00   Section        0  os_task.o(i.OSTaskDel)
    i.OSTaskDelHook                          0x00001bbc   Section        0  os_cpu_init.o(i.OSTaskDelHook)
    i.OSTaskIdleHook                         0x00001bf0   Section        0  os_cpu_init.o(i.OSTaskIdleHook)
    i.OSTaskResume                           0x00001bf4   Section        0  os_task.o(i.OSTaskResume)
    i.OSTaskStatHook                         0x00001ca8   Section        0  os_cpu_init.o(i.OSTaskStatHook)
    i.OSTaskStkInit                          0x00001cac   Section        0  os_cpu_init.o(i.OSTaskStkInit)
    i.OSTaskSuspend                          0x00001cfc   Section        0  os_task.o(i.OSTaskSuspend)
    i.OSTaskSwHook                           0x00001dc0   Section        0  os_cpu_init.o(i.OSTaskSwHook)
    i.OSTimeDly                              0x00001dc4   Section        0  os_time.o(i.OSTimeDly)
    i.OSTimeDlyHMSM                          0x00001e30   Section        0  os_time.o(i.OSTimeDlyHMSM)
    i.OSTimeGet                              0x00001ef4   Section        0  os_time.o(i.OSTimeGet)
    i.OSTimeTick                             0x00001f18   Section        0  os_core.o(i.OSTimeTick)
    i.OSTimeTickHook                         0x00001fec   Section        0  os_cpu_init.o(i.OSTimeTickHook)
    i.OS_Dummy                               0x00001ff0   Section        0  os_core.o(i.OS_Dummy)
    i.OS_EventTO                             0x00001ff4   Section        0  os_core.o(i.OS_EventTO)
    i.OS_EventTaskRdy                        0x00002044   Section        0  os_core.o(i.OS_EventTaskRdy)
    i.OS_EventTaskWait                       0x000020e4   Section        0  os_core.o(i.OS_EventTaskWait)
    i.OS_EventWaitListInit                   0x00002164   Section        0  os_core.o(i.OS_EventWaitListInit)
    i.OS_FlagInit                            0x00002178   Section        0  os_flag.o(i.OS_FlagInit)
    i.OS_FlagTaskRdy                         0x000021c0   Section        0  os_flag.o(i.OS_FlagTaskRdy)
    OS_FlagTaskRdy                           0x000021c0   ARM Code     116  os_flag.o(i.OS_FlagTaskRdy)
    i.OS_FlagUnlink                          0x0000223c   Section        0  os_flag.o(i.OS_FlagUnlink)
    i.OS_MemInit                             0x00002278   Section        0  os_mem.o(i.OS_MemInit)
    i.OS_QInit                               0x000022dc   Section        0  os_q.o(i.OS_QInit)
    i.OS_Sched                               0x00002320   Section        0  os_core.o(i.OS_Sched)
    i.OS_TCBInit                             0x000023d8   Section        0  os_core.o(i.OS_TCBInit)
    i.OS_TaskIdle                            0x000024ec   Section        0  os_core.o(i.OS_TaskIdle)
    i.OS_TaskStat                            0x00002510   Section        0  os_core.o(i.OS_TaskStat)
    i.Task_Display                           0x000025cc   Section        0  main.o(i.Task_Display)
    i.Task_Input                             0x00002694   Section        0  main.o(i.Task_Input)
    i.Task_Monitor                           0x000028e0   Section        0  main.o(i.Task_Monitor)
    i.Task_Start                             0x000029c8   Section        0  main.o(i.Task_Start)
    i.Task_Work                              0x00002b04   Section        0  main.o(i.Task_Work)
    i.Uart_Init                              0x00002bb0   Section        0  os_uart.o(i.Uart_Init)
    i.Uart_Printf                            0x00002c24   Section        0  os_uart.o(i.Uart_Printf)
    i.Uart_SendByte                          0x00002df8   Section        0  os_uart.o(i.Uart_SendByte)
    i.int_to_str                             0x00002e30   Section        0  os_uart.o(i.int_to_str)
    int_to_str                               0x00002e30   ARM Code     196  os_uart.o(i.int_to_str)
    i.main                                   0x00002ef4   Section        0  main.o(i.main)
    .data                                    0x40000000   Section       36  main.o(.data)
    work_task_suspended                      0x40000000   Data           1  main.o(.data)
    led1_state                               0x40000004   Data           4  main.o(.data)
    shift                                    0x40000008   Data           4  main.o(.data)
    .data                                    0x40000024   Section        4  os.o(.data)
    .data                                    0x40000028   Section        1  os.o(.data)
    .data                                    0x40000029   Section        1  os.o(.data)
    .data                                    0x4000002a   Section        1  os.o(.data)
    .data                                    0x4000002b   Section        1  os.o(.data)
    .data                                    0x4000002c   Section        1  os.o(.data)
    .data                                    0x4000002d   Section        1  os.o(.data)
    .data                                    0x4000002e   Section        1  os.o(.data)
    .data                                    0x4000002f   Section        1  os.o(.data)
    .data                                    0x40000030   Section        4  os.o(.data)
    .data                                    0x40000034   Section        4  os.o(.data)
    .data                                    0x40000038   Section        4  os.o(.data)
    .data                                    0x4000003c   Section        4  os.o(.data)
    .data                                    0x40000040   Section        1  os.o(.data)
    .data                                    0x40000041   Section        1  os.o(.data)
    .data                                    0x40000044   Section        4  os.o(.data)
    .data                                    0x40000048   Section        4  os.o(.data)
    .data                                    0x4000004c   Section        4  os.o(.data)
    .data                                    0x40000050   Section        4  os.o(.data)
    .data                                    0x40000054   Section        4  os.o(.data)
    .data                                    0x40000058   Section        4  os.o(.data)
    .data                                    0x4000005c   Section        4  os.o(.data)
    .data                                    0x40000060   Section        4  os.o(.data)
    .data                                    0x40000064   Section        8  os.o(.data)
    .data                                    0x4000006c   Section      264  os_core.o(.data)
    .bss                                     0x40000174   Section    10920  main.o(.bss)
    .bss                                     0x40002c1c   Section      256  os.o(.bss)
    .bss                                     0x40002d1c   Section     2048  os.o(.bss)
    .bss                                     0x4000351c   Section      252  os.o(.bss)
    .bss                                     0x40003618   Section      320  os.o(.bss)
    .bss                                     0x40003758   Section      100  os.o(.bss)
    .bss                                     0x400037bc   Section       60  os.o(.bss)
    .bss                                     0x400037f8   Section      100  os.o(.bss)
    .bss                                     0x4000385c   Section      120  os.o(.bss)
    .bss                                     0x400038d4   Section       96  libspace.o(.bss)

    Global Symbols

    Symbol Name                              Value     Ov Type        Size  Object(Section)

    BuildAttributes$$THM_ISAv1$ARM_ISAv4$S$PE$A:L22$X:L11$S22$IEEE1$IW$USESV6$~STKCKD$USESV7$~SHL$OSPACE$ROPI$EBA8$UX$STANDARDLIB$REQ8$PRES8$EABIv2 0x00000000   Number         0  anon$$obj.o ABSOLUTE
    __ARM_use_no_argv                        0x00000000   Number         0  main.o ABSOLUTE
    _start                                   0x00000000   ARM Code       0  startup_keil_sim.o(STARTUP)
    Image$$ZI$$Limit                          - Undefined Weak Reference
    __ARM_exceptions_init                     - Undefined Weak Reference
    __alloca_initialize                       - Undefined Weak Reference
    __arm_preinit_                            - Undefined Weak Reference
    __cpp_initialize__aeabi_                  - Undefined Weak Reference
    __cxa_finalize                            - Undefined Weak Reference
    __rt_locale                               - Undefined Weak Reference
    __sigvec_lookup                           - Undefined Weak Reference
    _atexit_init                              - Undefined Weak Reference
    _call_atexit_fns                          - Undefined Weak Reference
    _clock_init                               - Undefined Weak Reference
    _fp_trap_init                             - Undefined Weak Reference
    _fp_trap_shutdown                         - Undefined Weak Reference
    _get_lc_collate                           - Undefined Weak Reference
    _get_lc_ctype                             - Undefined Weak Reference
    _get_lc_monetary                          - Undefined Weak Reference
    _get_lc_numeric                           - Undefined Weak Reference
    _get_lc_time                              - Undefined Weak Reference
    _getenv_init                              - Undefined Weak Reference
    _handle_redirection                       - Undefined Weak Reference
    _init_alloc                               - Undefined Weak Reference
    _init_user_alloc                          - Undefined Weak Reference
    _initio                                   - Undefined Weak Reference
    _rand_init                                - Undefined Weak Reference
    _signal_finish                            - Undefined Weak Reference
    _signal_init                              - Undefined Weak Reference
    _terminate_alloc                          - Undefined Weak Reference
    _terminate_user_alloc                     - Undefined Weak Reference
    _terminateio                              - Undefined Weak Reference
    Reset_Handler                            0x00000038   ARM Code       0  startup_keil_sim.o(STARTUP)
    __main                                   0x00000058   ARM Code       8  __main.o(!!!main)
    __scatterload                            0x00000060   ARM Code       0  __scatter.o(!!!scatter)
    __scatterload_rt2                        0x00000060   ARM Code      52  __scatter.o(!!!scatter)
    __scatterload_null                       0x00000074   ARM Code       0  __scatter.o(!!!scatter)
    __decompress                             0x0000009c   ARM Code      92  __dczerorl2.o(!!dczerorl2)
    __decompress1                            0x0000009c   ARM Code       0  __dczerorl2.o(!!dczerorl2)
    __scatterload_zeroinit                   0x000000f8   ARM Code      44  __scatter_zi.o(!!handler_zi)
    Inline ARM to Thumb Veneer to __rt_lib_init 0x00000124   ARM Code       8  libinit.o(.ARM.Collect$$libinit$$00000000)
    __rt_lib_init                            0x0000012d   Thumb Code     0  libinit.o(.ARM.Collect$$libinit$$00000000)
    __rt_lib_init_alloca_1                   0x0000012f   Thumb Code     0  libinit2.o(.ARM.Collect$$libinit$$0000002E)
    __rt_lib_init_argv_1                     0x0000012f   Thumb Code     0  libinit2.o(.ARM.Collect$$libinit$$0000002C)
    __rt_lib_init_atexit_1                   0x0000012f   Thumb Code     0  libinit2.o(.ARM.Collect$$libinit$$0000001B)
    __rt_lib_init_clock_1                    0x0000012f   Thumb Code     0  libinit2.o(.ARM.Collect$$libinit$$00000021)
    __rt_lib_init_cpp_1                      0x0000012f   Thumb Code     0  libinit2.o(.ARM.Collect$$libinit$$00000032)
    __rt_lib_init_exceptions_1               0x0000012f   Thumb Code     0  libinit2.o(.ARM.Collect$$libinit$$00000030)
    __rt_lib_init_fp_1                       0x0000012f   Thumb Code     0  libinit2.o(.ARM.Collect$$libinit$$00000002)
    __rt_lib_init_fp_trap_1                  0x0000012f   Thumb Code     0  libinit2.o(.ARM.Collect$$libinit$$0000001F)
    __rt_lib_init_getenv_1                   0x0000012f   Thumb Code     0  libinit2.o(.ARM.Collect$$libinit$$00000023)
    __rt_lib_init_heap_1                     0x0000012f   Thumb Code     0  libinit2.o(.ARM.Collect$$libinit$$0000000A)
    __rt_lib_init_lc_collate_1               0x0000012f   Thumb Code     0  libinit2.o(.ARM.Collect$$libinit$$00000011)
    __rt_lib_init_lc_ctype_1                 0x0000012f   Thumb Code     0  libinit2.o(.ARM.Collect$$libinit$$00000013)
    __rt_lib_init_lc_monetary_1              0x0000012f   Thumb Code     0  libinit2.o(.ARM.Collect$$libinit$$00000015)
    __rt_lib_init_lc_numeric_1               0x0000012f   Thumb Code     0  libinit2.o(.ARM.Collect$$libinit$$00000017)
    __rt_lib_init_lc_time_1                  0x0000012f   Thumb Code     0  libinit2.o(.ARM.Collect$$libinit$$00000019)
    __rt_lib_init_preinit_1                  0x0000012f   Thumb Code     0  libinit2.o(.ARM.Collect$$libinit$$00000004)
    __rt_lib_init_rand_1                     0x0000012f   Thumb Code     0  libinit2.o(.ARM.Collect$$libinit$$0000000E)
    __rt_lib_init_return                     0x0000012f   Thumb Code     0  libinit2.o(.ARM.Collect$$libinit$$00000033)
    __rt_lib_init_signal_1                   0x0000012f   Thumb Code     0  libinit2.o(.ARM.Collect$$libinit$$0000001D)
    __rt_lib_init_stdio_1                    0x0000012f   Thumb Code     0  libinit2.o(.ARM.Collect$$libinit$$00000025)
    __rt_lib_init_user_alloc_1               0x0000012f   Thumb Code     0  libinit2.o(.ARM.Collect$$libinit$$0000000C)
    Inline ARM to Thumb Veneer to __rt_lib_shutdown 0x0000013c   ARM Code       8  libshutdown.o(.ARM.Collect$$libshutdown$$00000000)
    __rt_lib_shutdown                        0x00000145   Thumb Code     0  libshutdown.o(.ARM.Collect$$libshutdown$$00000000)
    __rt_lib_shutdown_cpp_1                  0x00000149   Thumb Code     0  libshutdown2.o(.ARM.Collect$$libshutdown$$00000002)
    __rt_lib_shutdown_fp_trap_1              0x00000149   Thumb Code     0  libshutdown2.o(.ARM.Collect$$libshutdown$$00000007)
    __rt_lib_shutdown_heap_1                 0x00000149   Thumb Code     0  libshutdown2.o(.ARM.Collect$$libshutdown$$0000000F)
    __rt_lib_shutdown_return                 0x00000149   Thumb Code     0  libshutdown2.o(.ARM.Collect$$libshutdown$$00000010)
    __rt_lib_shutdown_signal_1               0x00000149   Thumb Code     0  libshutdown2.o(.ARM.Collect$$libshutdown$$0000000A)
    __rt_lib_shutdown_stdio_1                0x00000149   Thumb Code     0  libshutdown2.o(.ARM.Collect$$libshutdown$$00000004)
    __rt_lib_shutdown_user_alloc_1           0x00000149   Thumb Code     0  libshutdown2.o(.ARM.Collect$$libshutdown$$0000000C)
    __rt_entry                               0x00000150   ARM Code       0  __rtentry.o(.ARM.Collect$$rtentry$$00000000)
    __rt_entry_presh_1                       0x00000150   ARM Code       0  __rtentry2.o(.ARM.Collect$$rtentry$$00000002)
    __rt_entry_sh                            0x00000150   ARM Code       0  __rtentry4.o(.ARM.Collect$$rtentry$$00000004)
    __rt_entry_li                            0x00000158   ARM Code       0  __rtentry2.o(.ARM.Collect$$rtentry$$0000000A)
    __rt_entry_postsh_1                      0x00000158   ARM Code       0  __rtentry2.o(.ARM.Collect$$rtentry$$00000009)
    __rt_entry_main                          0x0000015c   ARM Code       0  __rtentry2.o(.ARM.Collect$$rtentry$$0000000D)
    __rt_entry_postli_1                      0x0000015c   ARM Code       0  __rtentry2.o(.ARM.Collect$$rtentry$$0000000C)
    Inline Thumb to ARM Veneer to __rt_exit  0x00000185   Thumb Code     4  rtexit.o(.ARM.Collect$$rtexit$$00000000)
    __rt_exit                                0x00000188   ARM Code       0  rtexit.o(.ARM.Collect$$rtexit$$00000000)
    __rt_exit_ls                             0x0000018c   ARM Code       0  rtexit2.o(.ARM.Collect$$rtexit$$00000003)
    __rt_exit_prels_1                        0x0000018c   ARM Code       0  rtexit2.o(.ARM.Collect$$rtexit$$00000002)
    __rt_exit_exit                           0x00000190   ARM Code       0  rtexit2.o(.ARM.Collect$$rtexit$$00000004)
    __aeabi_idiv                             0x00000198   ARM Code       0  aeabi_sdiv.o(.text)
    __aeabi_idivmod                          0x00000198   ARM Code     384  aeabi_sdiv.o(.text)
    __user_setup_stackheap                   0x00000318   ARM Code      96  sys_stackheap_outer.o(.text)
    exit                                     0x00000379   Thumb Code    20  exit.o(.text)
    __user_libspace                          0x0000038c   ARM Code      12  libspace.o(.text)
    __user_perproc_libspace                  0x0000038c   ARM Code       0  libspace.o(.text)
    __user_perthread_libspace                0x0000038c   ARM Code       0  libspace.o(.text)
    __user_initial_stackheap                 0x00000398   ARM Code      80  sys_stackheap.o(.text)
    _RW_Limit                                0x000003e4   Data           0  sys_stackheap.o(.text)
    Inline ARM to Thumb Veneer to _sys_exit  0x000003e8   ARM Code       8  sys_exit.o(.text)
    _sys_exit                                0x000003f1   Thumb Code     8  sys_exit.o(.text)
    __I$use$semihosting                      0x000003fc   ARM Code       0  use_no_semi.o(.text)
    __use_no_semihosting_swi                 0x000003fc   ARM Code       4  use_no_semi.o(.text)
    __aeabi_uidiv                            0x00000400   ARM Code       0  aeabi_sdiv.o(.text_udiv)
    __aeabi_uidivmod                         0x00000400   ARM Code      36  aeabi_sdiv.o(.text_udiv)
    __semihosting_library_function           0x00000400   ARM Code       0  indicate_semi.o(.text)
    OS_CPU_SR_Save                           0x00000424   ARM Code       0  os_cpu_cs_keil.o(OS_CPU_CODE)
    OS_CPU_SR_Restore                        0x00000434   ARM Code       0  os_cpu_cs_keil.o(OS_CPU_CODE)
    OSStartHighRdy                           0x0000043c   ARM Code       0  os_cpu_cs_keil.o(OS_CPU_CODE)
    OSCtxSw                                  0x00000460   ARM Code       0  os_cpu_cs_keil.o(OS_CPU_CODE)
    OSIntCtxSw                               0x000004b0   ARM Code       0  os_cpu_cs_keil.o(OS_CPU_CODE)
    OSTickISR                                0x000004e4   ARM Code       0  os_cpu_cs_keil.o(OS_CPU_CODE)
    BSP_Init                                 0x00000578   ARM Code      36  os_bsp.o(i.BSP_Init)
    Beep_Ctrl                                0x000005a4   ARM Code      28  os_bsp.o(i.Beep_Ctrl)
    Beep_Init                                0x000005c0   ARM Code      36  os_bsp.o(i.Beep_Init)
    InitTimer4                               0x000005e4   ARM Code     152  os_timer.o(i.InitTimer4)
    Key_Init                                 0x00000684   ARM Code      24  os_bsp.o(i.Key_Init)
    Key_Scan                                 0x000006a0   ARM Code      84  os_bsp.o(i.Key_Scan)
    LED_Init                                 0x000006f4   ARM Code      36  os_bsp.o(i.LED_Init)
    LED_Set                                  0x00000718   ARM Code      52  os_bsp.o(i.LED_Set)
    OSFlagCreate                             0x0000074c   ARM Code     116  os_flag.o(i.OSFlagCreate)
    OSFlagPost                               0x000007c8   ARM Code     292  os_flag.o(i.OSFlagPost)
    OSFlagQuery                              0x000008ec   ARM Code      80  os_flag.o(i.OSFlagQuery)
    OSInit                                   0x0000093c   ARM Code     380  os_core.o(i.OSInit)
    OSInitHookBegin                          0x00000b24   ARM Code       4  os_cpu_init.o(i.OSInitHookBegin)
    OSInitHookEnd                            0x00000b28   ARM Code       4  os_cpu_init.o(i.OSInitHookEnd)
    OSIntEnter                               0x00000b2c   ARM Code      40  os_core.o(i.OSIntEnter)
    OSIntExit                                0x00000b5c   ARM Code     192  os_core.o(i.OSIntExit)
    OSMboxAccept                             0x00000c4c   ARM Code      64  os_mbox.o(i.OSMboxAccept)
    OSMboxCreate                             0x00000c8c   ARM Code     104  os_mbox.o(i.OSMboxCreate)
    OSMboxPost                               0x00000cfc   ARM Code     152  os_mbox.o(i.OSMboxPost)
    OSMemCreate                              0x00000d94   ARM Code     188  os_mem.o(i.OSMemCreate)
    OSMemGet                                 0x00000e54   ARM Code     104  os_mem.o(i.OSMemGet)
    OSMemPut                                 0x00000ebc   ARM Code     104  os_mem.o(i.OSMemPut)
    OSMemQuery                               0x00000f24   ARM Code     108  os_mem.o(i.OSMemQuery)
    OSMutexCreate                            0x00000f90   ARM Code     192  os_mutex.o(i.OSMutexCreate)
    OSMutexPend                              0x0000105c   ARM Code     432  os_mutex.o(i.OSMutexPend)
    OSMutexPost                              0x00001224   ARM Code     364  os_mutex.o(i.OSMutexPost)
    OSQCreate                                0x000013a8   ARM Code     192  os_q.o(i.OSQCreate)
    OSQPend                                  0x00001474   ARM Code     296  os_q.o(i.OSQPend)
    OSQPost                                  0x000015a4   ARM Code     204  os_q.o(i.OSQPost)
    OSQQuery                                 0x00001670   ARM Code     128  os_q.o(i.OSQQuery)
    OSSemAccept                              0x000016f0   ARM Code      80  os_sem.o(i.OSSemAccept)
    OSSemCreate                              0x00001740   ARM Code     100  os_sem.o(i.OSSemCreate)
    OSSemPost                                0x000017ac   ARM Code     144  os_sem.o(i.OSSemPost)
    OSStart                                  0x00001840   ARM Code      96  os_core.o(i.OSStart)
    OSStatInit                               0x000018c4   ARM Code      76  os_core.o(i.OSStatInit)
    OSTCBInitHook                            0x0000191c   ARM Code       4  os_cpu_init.o(i.OSTCBInitHook)
    OSTaskCreate                             0x00001920   ARM Code     208  os_task.o(i.OSTaskCreate)
    OSTaskCreateHook                         0x000019fc   ARM Code       4  os_cpu_init.o(i.OSTaskCreateHook)
    OSTaskDel                                0x00001a00   ARM Code     408  os_task.o(i.OSTaskDel)
    OSTaskDelHook                            0x00001bbc   ARM Code      16  os_cpu_init.o(i.OSTaskDelHook)
    OSTaskIdleHook                           0x00001bf0   ARM Code       4  os_cpu_init.o(i.OSTaskIdleHook)
    OSTaskResume                             0x00001bf4   ARM Code     168  os_task.o(i.OSTaskResume)
    OSTaskStatHook                           0x00001ca8   ARM Code       4  os_cpu_init.o(i.OSTaskStatHook)
    OSTaskStkInit                            0x00001cac   ARM Code      80  os_cpu_init.o(i.OSTaskStkInit)
    OSTaskSuspend                            0x00001cfc   ARM Code     180  os_task.o(i.OSTaskSuspend)
    OSTaskSwHook                             0x00001dc0   ARM Code       4  os_cpu_init.o(i.OSTaskSwHook)
    OSTimeDly                                0x00001dc4   ARM Code      96  os_time.o(i.OSTimeDly)
    OSTimeDlyHMSM                            0x00001e30   ARM Code     196  os_time.o(i.OSTimeDlyHMSM)
    OSTimeGet                                0x00001ef4   ARM Code      32  os_time.o(i.OSTimeGet)
    OSTimeTick                               0x00001f18   ARM Code     192  os_core.o(i.OSTimeTick)
    OSTimeTickHook                           0x00001fec   ARM Code       4  os_cpu_init.o(i.OSTimeTickHook)
    OS_Dummy                                 0x00001ff0   ARM Code       4  os_core.o(i.OS_Dummy)
    OS_EventTO                               0x00001ff4   ARM Code      76  os_core.o(i.OS_EventTO)
    OS_EventTaskRdy                          0x00002044   ARM Code     144  os_core.o(i.OS_EventTaskRdy)
    OS_EventTaskWait                         0x000020e4   ARM Code     116  os_core.o(i.OS_EventTaskWait)
    OS_EventWaitListInit                     0x00002164   ARM Code      20  os_core.o(i.OS_EventWaitListInit)
    OS_FlagInit                              0x00002178   ARM Code      64  os_flag.o(i.OS_FlagInit)
    OS_FlagUnlink                            0x0000223c   ARM Code      60  os_flag.o(i.OS_FlagUnlink)
    OS_MemInit                               0x00002278   ARM Code      92  os_mem.o(i.OS_MemInit)
    OS_QInit                                 0x000022dc   ARM Code      60  os_q.o(i.OS_QInit)
    OS_Sched                                 0x00002320   ARM Code     144  os_core.o(i.OS_Sched)
    OS_TCBInit                               0x000023d8   ARM Code     252  os_core.o(i.OS_TCBInit)
    OS_TaskIdle                              0x000024ec   ARM Code      32  os_core.o(i.OS_TaskIdle)
    OS_TaskStat                              0x00002510   ARM Code     168  os_core.o(i.OS_TaskStat)
    Task_Display                             0x000025cc   ARM Code     196  main.o(i.Task_Display)
    Task_Input                               0x00002694   ARM Code     408  main.o(i.Task_Input)
    Task_Monitor                             0x000028e0   ARM Code     128  main.o(i.Task_Monitor)
    Task_Start                               0x000029c8   ARM Code     236  main.o(i.Task_Start)
    Task_Work                                0x00002b04   ARM Code     116  main.o(i.Task_Work)
    Uart_Init                                0x00002bb0   ARM Code     116  os_uart.o(i.Uart_Init)
    Uart_Printf                              0x00002c24   ARM Code     448  os_uart.o(i.Uart_Printf)
    Uart_SendByte                            0x00002df8   ARM Code      56  os_uart.o(i.Uart_SendByte)
    main                                     0x00002ef4   ARM Code      48  main.o(i.main)
    Region$$Table$$Base                      0x00002f2c   Number         0  anon$$obj.o(Region$$Table)
    Region$$Table$$Limit                     0x00002f4c   Number         0  anon$$obj.o(Region$$Table)
    SemBeep                                  0x4000000c   Data           4  main.o(.data)
    MboxLed                                  0x40000010   Data           4  main.o(.data)
    DataQueue                                0x40000014   Data           4  main.o(.data)
    UartMutex                                0x40000018   Data           4  main.o(.data)
    SysModeFlag                              0x4000001c   Data           4  main.o(.data)
    MemPartition                             0x40000020   Data           4  main.o(.data)
    OSTime                                   0x40000024   Data           4  os.o(.data)
    OSIntNesting                             0x40000028   Data           1  os.o(.data)
    OSIntExitY                               0x40000029   Data           1  os.o(.data)
    OSLockNesting                            0x4000002a   Data           1  os.o(.data)
    OSPrioCur                                0x4000002b   Data           1  os.o(.data)
    OSPrioHighRdy                            0x4000002c   Data           1  os.o(.data)
    OSRdyGrp                                 0x4000002d   Data           1  os.o(.data)
    OSRunning                                0x4000002e   Data           1  os.o(.data)
    OSTaskCtr                                0x4000002f   Data           1  os.o(.data)
    OSCtxSwCtr                               0x40000030   Data           4  os.o(.data)
    OSIdleCtr                                0x40000034   Data           4  os.o(.data)
    OSIdleCtrRun                             0x40000038   Data           4  os.o(.data)
    OSIdleCtrMax                             0x4000003c   Data           4  os.o(.data)
    OSStatRdy                                0x40000040   Data           1  os.o(.data)
    OSCPUUsage                               0x40000041   Data           1  os.o(.data)
    OSTCBCur                                 0x40000044   Data           4  os.o(.data)
    OSTCBFreeList                            0x40000048   Data           4  os.o(.data)
    OSTCBHighRdy                             0x4000004c   Data           4  os.o(.data)
    OSTCBList                                0x40000050   Data           4  os.o(.data)
    OSEventFreeList                          0x40000054   Data           4  os.o(.data)
    OSFlagFreeList                           0x40000058   Data           4  os.o(.data)
    OSMemFreeList                            0x4000005c   Data           4  os.o(.data)
    OSQFreeList                              0x40000060   Data           4  os.o(.data)
    OSRdyTbl                                 0x40000064   Data           8  os.o(.data)
    OSMapTbl                                 0x4000006c   Data           8  os_core.o(.data)
    OSUnMapTbl                               0x40000074   Data         256  os_core.o(.data)
    StartStk                                 0x40000174   Data        2048  main.o(.bss)
    InputStk                                 0x40000974   Data        2048  main.o(.bss)
    WorkStk                                  0x40001174   Data        2048  main.o(.bss)
    DisplayStk                               0x40001974   Data        2048  main.o(.bss)
    MonitorStk                               0x40002174   Data        2048  main.o(.bss)
    QMsgTbl                                  0x40002974   Data          40  main.o(.bss)
    MemStorage                               0x4000299c   Data         640  main.o(.bss)
    OSTaskIdleStk                            0x40002c1c   Data         256  os.o(.bss)
    OSTaskStatStk                            0x40002d1c   Data        2048  os.o(.bss)
    OSTCBPrioTbl                             0x4000351c   Data         252  os.o(.bss)
    OSTCBTbl                                 0x40003618   Data         320  os.o(.bss)
    OSEventTbl                               0x40003758   Data         100  os.o(.bss)
    OSFlagTbl                                0x400037bc   Data          60  os.o(.bss)
    OSMemTbl                                 0x400037f8   Data         100  os.o(.bss)
    OSQTbl                                   0x4000385c   Data         120  os.o(.bss)
    __libspace_start                         0x400038d4   Data          96  libspace.o(.bss)
    __temporary_stack_top$libspace           0x40003934   Data           0  libspace.o(.bss)



==============================================================================

Memory Map of the image

  Image Entry point : 0x00000000

  Load Region LR_ROM (Base: 0x00000000, Size: 0x000030c0, Max: 0x00200000, ABSOLUTE, COMPRESSED[0x00002f70])

    Execution Region ER_ROM (Exec base: 0x00000000, Load base: 0x00000000, Size: 0x00002f4c, Max: 0x00200000, ABSOLUTE)

    Exec Addr    Load Addr    Size         Type   Attr      Idx    E Section Name        Object

    0x00000000   0x00000000   0x00000058   Code   RO          108  * STARTUP             startup_keil_sim.o
    0x00000058   0x00000058   0x00000008   Code   RO          836  * !!!main             c_t.l(__main.o)
    0x00000060   0x00000060   0x0000003c   Code   RO         1009    !!!scatter          c_t.l(__scatter.o)
    0x0000009c   0x0000009c   0x0000005c   Code   RO         1007    !!dczerorl2         c_t.l(__dczerorl2.o)
    0x000000f8   0x000000f8   0x0000002c   Code   RO         1011    !!handler_zi        c_t.l(__scatter_zi.o)
    0x00000124   0x00000124   0x00000008   Ven    RO          873    .ARM.Collect$$libinit$$00000000  c_t.l(libinit.o)
    0x0000012c   0x0000012c   0x00000002   Code   RO          873    .ARM.Collect$$libinit$$00000000  c_t.l(libinit.o)
    0x0000012e   0x0000012e   0x00000000   Code   RO          888    .ARM.Collect$$libinit$$00000002  c_t.l(libinit2.o)
    0x0000012e   0x0000012e   0x00000000   Code   RO          890    .ARM.Collect$$libinit$$00000004  c_t.l(libinit2.o)
    0x0000012e   0x0000012e   0x00000000   Code   RO          893    .ARM.Collect$$libinit$$0000000A  c_t.l(libinit2.o)
    0x0000012e   0x0000012e   0x00000000   Code   RO          895    .ARM.Collect$$libinit$$0000000C  c_t.l(libinit2.o)
    0x0000012e   0x0000012e   0x00000000   Code   RO          897    .ARM.Collect$$libinit$$0000000E  c_t.l(libinit2.o)
    0x0000012e   0x0000012e   0x00000000   Code   RO          900    .ARM.Collect$$libinit$$00000011  c_t.l(libinit2.o)
    0x0000012e   0x0000012e   0x00000000   Code   RO          902    .ARM.Collect$$libinit$$00000013  c_t.l(libinit2.o)
    0x0000012e   0x0000012e   0x00000000   Code   RO          904    .ARM.Collect$$libinit$$00000015  c_t.l(libinit2.o)
    0x0000012e   0x0000012e   0x00000000   Code   RO          906    .ARM.Collect$$libinit$$00000017  c_t.l(libinit2.o)
    0x0000012e   0x0000012e   0x00000000   Code   RO          908    .ARM.Collect$$libinit$$00000019  c_t.l(libinit2.o)
    0x0000012e   0x0000012e   0x00000000   Code   RO          910    .ARM.Collect$$libinit$$0000001B  c_t.l(libinit2.o)
    0x0000012e   0x0000012e   0x00000000   Code   RO          912    .ARM.Collect$$libinit$$0000001D  c_t.l(libinit2.o)
    0x0000012e   0x0000012e   0x00000000   Code   RO          914    .ARM.Collect$$libinit$$0000001F  c_t.l(libinit2.o)
    0x0000012e   0x0000012e   0x00000000   Code   RO          916    .ARM.Collect$$libinit$$00000021  c_t.l(libinit2.o)
    0x0000012e   0x0000012e   0x00000000   Code   RO          918    .ARM.Collect$$libinit$$00000023  c_t.l(libinit2.o)
    0x0000012e   0x0000012e   0x00000000   Code   RO          920    .ARM.Collect$$libinit$$00000025  c_t.l(libinit2.o)
    0x0000012e   0x0000012e   0x00000000   Code   RO          924    .ARM.Collect$$libinit$$0000002C  c_t.l(libinit2.o)
    0x0000012e   0x0000012e   0x00000000   Code   RO          926    .ARM.Collect$$libinit$$0000002E  c_t.l(libinit2.o)
    0x0000012e   0x0000012e   0x00000000   Code   RO          928    .ARM.Collect$$libinit$$00000030  c_t.l(libinit2.o)
    0x0000012e   0x0000012e   0x00000000   Code   RO          930    .ARM.Collect$$libinit$$00000032  c_t.l(libinit2.o)
    0x0000012e   0x0000012e   0x0000000c   Code   RO          931    .ARM.Collect$$libinit$$00000033  c_t.l(libinit2.o)
    0x0000013a   0x0000013a   0x00000002   PAD
    0x0000013c   0x0000013c   0x00000008   Ven    RO          964    .ARM.Collect$$libshutdown$$00000000  c_t.l(libshutdown.o)
    0x00000144   0x00000144   0x00000004   Code   RO          964    .ARM.Collect$$libshutdown$$00000000  c_t.l(libshutdown.o)
    0x00000148   0x00000148   0x00000000   Code   RO          990    .ARM.Collect$$libshutdown$$00000002  c_t.l(libshutdown2.o)
    0x00000148   0x00000148   0x00000000   Code   RO          992    .ARM.Collect$$libshutdown$$00000004  c_t.l(libshutdown2.o)
    0x00000148   0x00000148   0x00000000   Code   RO          995    .ARM.Collect$$libshutdown$$00000007  c_t.l(libshutdown2.o)
    0x00000148   0x00000148   0x00000000   Code   RO          998    .ARM.Collect$$libshutdown$$0000000A  c_t.l(libshutdown2.o)
    0x00000148   0x00000148   0x00000000   Code   RO         1000    .ARM.Collect$$libshutdown$$0000000C  c_t.l(libshutdown2.o)
    0x00000148   0x00000148   0x00000000   Code   RO         1003    .ARM.Collect$$libshutdown$$0000000F  c_t.l(libshutdown2.o)
    0x00000148   0x00000148   0x00000006   Code   RO         1004    .ARM.Collect$$libshutdown$$00000010  c_t.l(libshutdown2.o)
    0x0000014e   0x0000014e   0x00000002   PAD
    0x00000150   0x00000150   0x00000000   Code   RO          838    .ARM.Collect$$rtentry$$00000000  c_t.l(__rtentry.o)
    0x00000150   0x00000150   0x00000000   Code   RO          844    .ARM.Collect$$rtentry$$00000002  c_t.l(__rtentry2.o)
    0x00000150   0x00000150   0x00000008   Code   RO          856    .ARM.Collect$$rtentry$$00000004  c_t.l(__rtentry4.o)
    0x00000158   0x00000158   0x00000000   Code   RO          846    .ARM.Collect$$rtentry$$00000009  c_t.l(__rtentry2.o)
    0x00000158   0x00000158   0x00000004   Code   RO          847    .ARM.Collect$$rtentry$$0000000A  c_t.l(__rtentry2.o)
    0x0000015c   0x0000015c   0x00000000   Code   RO          849    .ARM.Collect$$rtentry$$0000000C  c_t.l(__rtentry2.o)
    0x0000015c   0x0000015c   0x00000028   Code   RO          850    .ARM.Collect$$rtentry$$0000000D  c_t.l(__rtentry2.o)
    0x00000184   0x00000184   0x00000004   Ven    RO          879    .ARM.Collect$$rtexit$$00000000  c_t.l(rtexit.o)
    0x00000188   0x00000188   0x00000004   Code   RO          879    .ARM.Collect$$rtexit$$00000000  c_t.l(rtexit.o)
    0x0000018c   0x0000018c   0x00000000   Code   RO          938    .ARM.Collect$$rtexit$$00000002  c_t.l(rtexit2.o)
    0x0000018c   0x0000018c   0x00000004   Code   RO          939    .ARM.Collect$$rtexit$$00000003  c_t.l(rtexit2.o)
    0x00000190   0x00000190   0x00000008   Code   RO          940    .ARM.Collect$$rtexit$$00000004  c_t.l(rtexit2.o)
    0x00000198   0x00000198   0x00000180   Code   RO          820    .text               c_t.l(aeabi_sdiv.o)
    0x00000318   0x00000318   0x00000060   Code   RO          860    .text               c_t.l(sys_stackheap_outer.o)
    0x00000378   0x00000378   0x00000014   Code   RO          862    .text               c_t.l(exit.o)
    0x0000038c   0x0000038c   0x0000000c   Code   RO          874    .text               c_t.l(libspace.o)
    0x00000398   0x00000398   0x00000050   Code   RO          877    .text               c_t.l(sys_stackheap.o)
    0x000003e8   0x000003e8   0x00000008   Ven    RO          932    .text               c_t.l(sys_exit.o)
    0x000003f0   0x000003f0   0x0000000c   Code   RO          932    .text               c_t.l(sys_exit.o)
    0x000003fc   0x000003fc   0x00000004   Code   RO          934    .text               c_t.l(use_no_semi.o)
    0x00000400   0x00000400   0x00000000   Code   RO          936    .text               c_t.l(indicate_semi.o)
    0x00000400   0x00000400   0x00000024   Code   RO          821    .text_udiv          c_t.l(aeabi_sdiv.o)
    0x00000424   0x00000424   0x00000154   Code   RO            1    OS_CPU_CODE         os_cpu_cs_keil.o
    0x00000578   0x00000578   0x0000002c   Code   RO          728    i.BSP_Init          os_bsp.o
    0x000005a4   0x000005a4   0x0000001c   Code   RO          729    i.Beep_Ctrl         os_bsp.o
    0x000005c0   0x000005c0   0x00000024   Code   RO          730    i.Beep_Init         os_bsp.o
    0x000005e4   0x000005e4   0x000000a0   Code   RO          773    i.InitTimer4        os_timer.o
    0x00000684   0x00000684   0x0000001c   Code   RO          731    i.Key_Init          os_bsp.o
    0x000006a0   0x000006a0   0x00000054   Code   RO          732    i.Key_Scan          os_bsp.o
    0x000006f4   0x000006f4   0x00000024   Code   RO          733    i.LED_Init          os_bsp.o
    0x00000718   0x00000718   0x00000034   Code   RO          734    i.LED_Set           os_bsp.o
    0x0000074c   0x0000074c   0x0000007c   Code   RO          335    i.OSFlagCreate      os_flag.o
    0x000007c8   0x000007c8   0x00000124   Code   RO          338    i.OSFlagPost        os_flag.o
    0x000008ec   0x000008ec   0x00000050   Code   RO          339    i.OSFlagQuery       os_flag.o
    0x0000093c   0x0000093c   0x000001e8   Code   RO          219    i.OSInit            os_core.o
    0x00000b24   0x00000b24   0x00000004   Code   RO            6    i.OSInitHookBegin   os_cpu_init.o
    0x00000b28   0x00000b28   0x00000004   Code   RO            7    i.OSInitHookEnd     os_cpu_init.o
    0x00000b2c   0x00000b2c   0x00000030   Code   RO          220    i.OSIntEnter        os_core.o
    0x00000b5c   0x00000b5c   0x000000f0   Code   RO          221    i.OSIntExit         os_core.o
    0x00000c4c   0x00000c4c   0x00000040   Code   RO          398    i.OSMboxAccept      os_mbox.o
    0x00000c8c   0x00000c8c   0x00000070   Code   RO          399    i.OSMboxCreate      os_mbox.o
    0x00000cfc   0x00000cfc   0x00000098   Code   RO          402    i.OSMboxPost        os_mbox.o
    0x00000d94   0x00000d94   0x000000c0   Code   RO          446    i.OSMemCreate       os_mem.o
    0x00000e54   0x00000e54   0x00000068   Code   RO          447    i.OSMemGet          os_mem.o
    0x00000ebc   0x00000ebc   0x00000068   Code   RO          448    i.OSMemPut          os_mem.o
    0x00000f24   0x00000f24   0x0000006c   Code   RO          449    i.OSMemQuery        os_mem.o
    0x00000f90   0x00000f90   0x000000cc   Code   RO          483    i.OSMutexCreate     os_mutex.o
    0x0000105c   0x0000105c   0x000001c8   Code   RO          485    i.OSMutexPend       os_mutex.o
    0x00001224   0x00001224   0x00000184   Code   RO          486    i.OSMutexPost       os_mutex.o
    0x000013a8   0x000013a8   0x000000cc   Code   RO          525    i.OSQCreate         os_q.o
    0x00001474   0x00001474   0x00000130   Code   RO          528    i.OSQPend           os_q.o
    0x000015a4   0x000015a4   0x000000cc   Code   RO          529    i.OSQPost           os_q.o
    0x00001670   0x00001670   0x00000080   Code   RO          532    i.OSQQuery          os_q.o
    0x000016f0   0x000016f0   0x00000050   Code   RO          590    i.OSSemAccept       os_sem.o
    0x00001740   0x00001740   0x0000006c   Code   RO          591    i.OSSemCreate       os_sem.o
    0x000017ac   0x000017ac   0x00000094   Code   RO          594    i.OSSemPost         os_sem.o
    0x00001840   0x00001840   0x00000084   Code   RO          224    i.OSStart           os_core.o
    0x000018c4   0x000018c4   0x00000058   Code   RO          225    i.OSStatInit        os_core.o
    0x0000191c   0x0000191c   0x00000004   Code   RO            8    i.OSTCBInitHook     os_cpu_init.o
    0x00001920   0x00001920   0x000000dc   Code   RO          633    i.OSTaskCreate      os_task.o
    0x000019fc   0x000019fc   0x00000004   Code   RO            9    i.OSTaskCreateHook  os_cpu_init.o
    0x00001a00   0x00001a00   0x000001bc   Code   RO          635    i.OSTaskDel         os_task.o
    0x00001bbc   0x00001bbc   0x00000034   Code   RO           10    i.OSTaskDelHook     os_cpu_init.o
    0x00001bf0   0x00001bf0   0x00000004   Code   RO           11    i.OSTaskIdleHook    os_cpu_init.o
    0x00001bf4   0x00001bf4   0x000000b4   Code   RO          638    i.OSTaskResume      os_task.o
    0x00001ca8   0x00001ca8   0x00000004   Code   RO           12    i.OSTaskStatHook    os_cpu_init.o
    0x00001cac   0x00001cac   0x00000050   Code   RO           13    i.OSTaskStkInit     os_cpu_init.o
    0x00001cfc   0x00001cfc   0x000000c4   Code   RO          640    i.OSTaskSuspend     os_task.o
    0x00001dc0   0x00001dc0   0x00000004   Code   RO           14    i.OSTaskSwHook      os_cpu_init.o
    0x00001dc4   0x00001dc4   0x0000006c   Code   RO          692    i.OSTimeDly         os_time.o
    0x00001e30   0x00001e30   0x000000c4   Code   RO          693    i.OSTimeDlyHMSM     os_time.o
    0x00001ef4   0x00001ef4   0x00000024   Code   RO          695    i.OSTimeGet         os_time.o
    0x00001f18   0x00001f18   0x000000d4   Code   RO          226    i.OSTimeTick        os_core.o
    0x00001fec   0x00001fec   0x00000004   Code   RO           15    i.OSTimeTickHook    os_cpu_init.o
    0x00001ff0   0x00001ff0   0x00000004   Code   RO          227    i.OS_Dummy          os_core.o
    0x00001ff4   0x00001ff4   0x00000050   Code   RO          228    i.OS_EventTO        os_core.o
    0x00002044   0x00002044   0x000000a0   Code   RO          229    i.OS_EventTaskRdy   os_core.o
    0x000020e4   0x000020e4   0x00000080   Code   RO          230    i.OS_EventTaskWait  os_core.o
    0x00002164   0x00002164   0x00000014   Code   RO          231    i.OS_EventWaitListInit  os_core.o
    0x00002178   0x00002178   0x00000048   Code   RO          341    i.OS_FlagInit       os_flag.o
    0x000021c0   0x000021c0   0x0000007c   Code   RO          342    i.OS_FlagTaskRdy    os_flag.o
    0x0000223c   0x0000223c   0x0000003c   Code   RO          343    i.OS_FlagUnlink     os_flag.o
    0x00002278   0x00002278   0x00000064   Code   RO          450    i.OS_MemInit        os_mem.o
    0x000022dc   0x000022dc   0x00000044   Code   RO          533    i.OS_QInit          os_q.o
    0x00002320   0x00002320   0x000000b8   Code   RO          232    i.OS_Sched          os_core.o
    0x000023d8   0x000023d8   0x00000114   Code   RO          233    i.OS_TCBInit        os_core.o
    0x000024ec   0x000024ec   0x00000024   Code   RO          234    i.OS_TaskIdle       os_core.o
    0x00002510   0x00002510   0x000000bc   Code   RO          235    i.OS_TaskStat       os_core.o
    0x000025cc   0x000025cc   0x000000c8   Code   RO          111    i.Task_Display      main.o
    0x00002694   0x00002694   0x0000024c   Code   RO          112    i.Task_Input        main.o
    0x000028e0   0x000028e0   0x000000e8   Code   RO          113    i.Task_Monitor      main.o
    0x000029c8   0x000029c8   0x0000013c   Code   RO          114    i.Task_Start        main.o
    0x00002b04   0x00002b04   0x000000ac   Code   RO          115    i.Task_Work         main.o
    0x00002bb0   0x00002bb0   0x00000074   Code   RO          785    i.Uart_Init         os_uart.o
    0x00002c24   0x00002c24   0x000001d4   Code   RO          786    i.Uart_Printf       os_uart.o
    0x00002df8   0x00002df8   0x00000038   Code   RO          787    i.Uart_SendByte     os_uart.o
    0x00002e30   0x00002e30   0x000000c4   Code   RO          788    i.int_to_str        os_uart.o
    0x00002ef4   0x00002ef4   0x00000038   Code   RO          116    i.main              main.o
    0x00002f2c   0x00002f2c   0x00000020   Data   RO         1005    Region$$Table       anon$$obj.o


    Execution Region RW_RAM (Exec base: 0x40000000, Load base: 0x00002f4c, Size: 0x00003934, Max: 0xffffffff, ABSOLUTE, COMPRESSED[0x00000024])

    Exec Addr    Load Addr    Size         Type   Attr      Idx    E Section Name        Object

    0x40000000   COMPRESSED   0x00000024   Data   RW          118    .data               main.o
    0x40000024   COMPRESSED   0x00000004   Data   RW          183    .data               os.o
    0x40000028   COMPRESSED   0x00000001   Data   RW          184    .data               os.o
    0x40000029   COMPRESSED   0x00000001   Data   RW          185    .data               os.o
    0x4000002a   COMPRESSED   0x00000001   Data   RW          186    .data               os.o
    0x4000002b   COMPRESSED   0x00000001   Data   RW          187    .data               os.o
    0x4000002c   COMPRESSED   0x00000001   Data   RW          188    .data               os.o
    0x4000002d   COMPRESSED   0x00000001   Data   RW          189    .data               os.o
    0x4000002e   COMPRESSED   0x00000001   Data   RW          190    .data               os.o
    0x4000002f   COMPRESSED   0x00000001   Data   RW          191    .data               os.o
    0x40000030   COMPRESSED   0x00000004   Data   RW          192    .data               os.o
    0x40000034   COMPRESSED   0x00000004   Data   RW          193    .data               os.o
    0x40000038   COMPRESSED   0x00000004   Data   RW          194    .data               os.o
    0x4000003c   COMPRESSED   0x00000004   Data   RW          195    .data               os.o
    0x40000040   COMPRESSED   0x00000001   Data   RW          196    .data               os.o
    0x40000041   COMPRESSED   0x00000001   Data   RW          197    .data               os.o
    0x40000042   COMPRESSED   0x00000002   PAD
    0x40000044   COMPRESSED   0x00000004   Data   RW          198    .data               os.o
    0x40000048   COMPRESSED   0x00000004   Data   RW          199    .data               os.o
    0x4000004c   COMPRESSED   0x00000004   Data   RW          200    .data               os.o
    0x40000050   COMPRESSED   0x00000004   Data   RW          201    .data               os.o
    0x40000054   COMPRESSED   0x00000004   Data   RW          202    .data               os.o
    0x40000058   COMPRESSED   0x00000004   Data   RW          203    .data               os.o
    0x4000005c   COMPRESSED   0x00000004   Data   RW          204    .data               os.o
    0x40000060   COMPRESSED   0x00000004   Data   RW          205    .data               os.o
    0x40000064   COMPRESSED   0x00000008   Data   RW          206    .data               os.o
    0x4000006c   COMPRESSED   0x00000108   Data   RW          236    .data               os_core.o
    0x40000174        -       0x00002aa8   Zero   RW          117    .bss                main.o
    0x40002c1c        -       0x00000100   Zero   RW          175    .bss                os.o
    0x40002d1c        -       0x00000800   Zero   RW          176    .bss                os.o
    0x4000351c        -       0x000000fc   Zero   RW          177    .bss                os.o
    0x40003618        -       0x00000140   Zero   RW          178    .bss                os.o
    0x40003758        -       0x00000064   Zero   RW          179    .bss                os.o
    0x400037bc        -       0x0000003c   Zero   RW          180    .bss                os.o
    0x400037f8        -       0x00000064   Zero   RW          181    .bss                os.o
    0x4000385c        -       0x00000078   Zero   RW          182    .bss                os.o
    0x400038d4        -       0x00000060   Zero   RW          875    .bss                c_t.l(libspace.o)


==============================================================================

Image component sizes


      Code (inc. data)   RO Data    RW Data    ZI Data      Debug   Object Name

      1564        432          0         36      10920       4613   main.o
         0          0          0         70       3256       5829   os.o
       308         12          0          0          0       3396   os_bsp.o
      2284        352          0        264          0      14435   os_core.o
       340         28          0          0          0        356   os_cpu_cs_keil.o
       164         36          0          0          0      12710   os_cpu_init.o
       752         24          0          0          0       4704   os_flag.o
       328          8          0          0          0       1983   os_mbox.o
       608         12          0          0          0       3814   os_mem.o
      1048         60          0          0          0       3272   os_mutex.o
       908         28          0          0          0       4050   os_q.o
       336         12          0          0          0       1920   os_sem.o
      1040         76          0          0          0       3598   os_task.o
       340         16          0          0          0       1868   os_time.o
       160          8          0          0          0        425   os_timer.o
       836         20          0          0          0       3862   os_uart.o
        88          4          0          0          0        268   startup_keil_sim.o

    ----------------------------------------------------------------------
     11104       1128         32        372      14176      71103   Object Totals
         0          0         32          0          0          0   (incl. Generated)
         0          0          0          2          0          0   (incl. Padding)

    ----------------------------------------------------------------------

      Code (inc. data)   RO Data    RW Data    ZI Data      Debug   Library Member Name

        92          0          0          0          0          0   __dczerorl2.o
         8          0          0          0          0         68   __main.o
         0          0          0          0          0          0   __rtentry.o
        44          4          0          0          0          0   __rtentry2.o
         8          0          0          0          0          0   __rtentry4.o
        60          8          0          0          0          0   __scatter.o
        44          0          0          0          0          0   __scatter_zi.o
       420          0          0          0          0        148   aeabi_sdiv.o
        20          0          0          0          0         80   exit.o
         0          0          0          0          0          0   indicate_semi.o
        10          0          0          0          0          0   libinit.o
        12          0          0          0          0          0   libinit2.o
        12          0          0          0          0          0   libshutdown.o
         6          0          0          0          0          0   libshutdown2.o
        12          4          0          0         96         68   libspace.o
         8          0          0          0          0          0   rtexit.o
        12          0          0          0          0          0   rtexit2.o
        20          4          0          0          0         60   sys_exit.o
        80          8          0          0          0         88   sys_stackheap.o
        96          0          0          0          0         80   sys_stackheap_outer.o
         4          0          0          0          0         68   use_no_semi.o

    ----------------------------------------------------------------------
       972         28          0          0         96        660   Library Totals
         4          0          0          0          0          0   (incl. Padding)

    ----------------------------------------------------------------------

      Code (inc. data)   RO Data    RW Data    ZI Data      Debug   Library Name

       968         28          0          0         96        660   c_t.l

    ----------------------------------------------------------------------
       972         28          0          0         96        660   Library Totals

    ----------------------------------------------------------------------

==============================================================================


      Code (inc. data)   RO Data    RW Data    ZI Data      Debug   

     12076       1156         32        372      14272      68075   Grand Totals
     12076       1156         32         36      14272      68075   ELF Image Totals (compressed)
     12076       1156         32         36          0          0   ROM Totals

==============================================================================

    Total RO  Size (Code + RO Data)                12108 (  11.82kB)
    Total RW  Size (RW Data + ZI Data)             14644 (  14.30kB)
    Total ROM Size (Code + RO Data + RW Data)      12144 (  11.86kB)

==============================================================================

