Component: ARM Compiler 5.06 update 1 (build 61) Tool: armlink [4d35a8]

==============================================================================

Section Cross References

    os_bsp.o(i.BSP_Init) refers to os_uart.o(i.Uart_Init) for Uart_Init
    os_bsp.o(i.BSP_Init) refers to os_bsp.o(i.Beep_Init) for Beep_Init
    os_bsp.o(i.BSP_Init) refers to os_bsp.o(i.LED_Init) for LED_Init
    os_bsp.o(i.BSP_Init) refers to os_bsp.o(i.Key_Init) for Key_Init
    os_bsp.o(i.BSP_Init) refers to os_timer.o(i.InitTimer4) for InitTimer4
    os_bsp.o(i.Beep_Init) refers to os_bsp.o(i.Beep_Ctrl) for Beep_Ctrl
    os_bsp.o(i.LED_Init) refers to os_bsp.o(i.LED_Set) for LED_Set
    os_timer.o(i.InitTimer4) refers to os_cpu_cs_keil.o(OS_CPU_CODE) for OSTickISR
    os_uart.o(i.Uart_Init) refers to aeabi_sdiv.o(.text) for __aeabi_idivmod
    os_uart.o(i.Uart_Printf) refers to os_uart.o(i.int_to_str) for int_to_str
    os_uart.o(i.Uart_Printf) refers to os_uart.o(i.hex_to_str) for hex_to_str
    os_uart.o(i.Uart_Printf) refers to os_uart.o(i.Uart_SendByte) for Uart_SendByte
    os_uart.o(i.int_to_str) refers to aeabi_sdiv.o(.text) for __aeabi_idivmod
    os_core.o(i.OSInit) refers to os_cpu_init.o(i.OSInitHookBegin) for OSInitHookBegin
    os_core.o(i.OSInit) refers to os_core.o(i.OS_InitMisc) for OS_InitMisc
    os_core.o(i.OSInit) refers to os_core.o(i.OS_InitRdyList) for OS_InitRdyList
    os_core.o(i.OSInit) refers to os_core.o(i.OS_InitTCBList) for OS_InitTCBList
    os_core.o(i.OSInit) refers to os_core.o(i.OS_InitEventList) for OS_InitEventList
    os_core.o(i.OSInit) refers to os_mem.o(i.OS_MemInit) for OS_MemInit
    os_core.o(i.OSInit) refers to os_q.o(i.OS_QInit) for OS_QInit
    os_core.o(i.OSInit) refers to os_core.o(i.OS_InitTaskIdle) for OS_InitTaskIdle
    os_core.o(i.OSInit) refers to os_core.o(i.OS_InitTaskStat) for OS_InitTaskStat
    os_core.o(i.OSInit) refers to os_cpu_init.o(i.OSInitHookEnd) for OSInitHookEnd
    os_core.o(i.OSIntEnter) refers to os.o(.data) for OSRunning
    os_core.o(i.OSIntExit) refers to os_cpu_cs_keil.o(OS_CPU_CODE) for OS_CPU_SR_Save
    os_core.o(i.OSIntExit) refers to os.o(.data) for OSRunning
    os_core.o(i.OSIntExit) refers to os_core.o(.data) for OSUnMapTbl
    os_core.o(i.OSIntExit) refers to os.o(.bss) for OSTCBPrioTbl
    os_core.o(i.OSSchedLock) refers to os_cpu_cs_keil.o(OS_CPU_CODE) for OS_CPU_SR_Save
    os_core.o(i.OSSchedLock) refers to os.o(.data) for OSRunning
    os_core.o(i.OSSchedUnlock) refers to os_cpu_cs_keil.o(OS_CPU_CODE) for OS_CPU_SR_Save
    os_core.o(i.OSSchedUnlock) refers to os_core.o(i.OS_Sched) for OS_Sched
    os_core.o(i.OSSchedUnlock) refers to os.o(.data) for OSRunning
    os_core.o(i.OSStart) refers to os_cpu_cs_keil.o(OS_CPU_CODE) for OSStartHighRdy
    os_core.o(i.OSStart) refers to os.o(.data) for OSRunning
    os_core.o(i.OSStart) refers to os_core.o(.data) for OSUnMapTbl
    os_core.o(i.OSStart) refers to os.o(.bss) for OSTCBPrioTbl
    os_core.o(i.OSStatInit) refers to os_time.o(i.OSTimeDly) for OSTimeDly
    os_core.o(i.OSStatInit) refers to os_cpu_cs_keil.o(OS_CPU_CODE) for OS_CPU_SR_Save
    os_core.o(i.OSStatInit) refers to os.o(.data) for OSIdleCtr
    os_core.o(i.OSTimeTick) refers to os_cpu_init.o(i.OSTimeTickHook) for OSTimeTickHook
    os_core.o(i.OSTimeTick) refers to os_cpu_cs_keil.o(OS_CPU_CODE) for OS_CPU_SR_Save
    os_core.o(i.OSTimeTick) refers to os.o(.data) for OSTime
    os_core.o(i.OS_EventTO) refers to os.o(.data) for OSTCBCur
    os_core.o(i.OS_EventTaskRdy) refers to os_core.o(.data) for OSUnMapTbl
    os_core.o(i.OS_EventTaskRdy) refers to os.o(.bss) for OSTCBPrioTbl
    os_core.o(i.OS_EventTaskRdy) refers to os.o(.data) for OSRdyGrp
    os_core.o(i.OS_EventTaskWait) refers to os.o(.data) for OSTCBCur
    os_core.o(i.OS_InitEventList) refers to os_flag.o(i.OS_FlagInit) for OS_FlagInit
    os_core.o(i.OS_InitEventList) refers to os.o(.bss) for OSEventTbl
    os_core.o(i.OS_InitEventList) refers to os.o(.data) for OSEventFreeList
    os_core.o(i.OS_InitMisc) refers to os.o(.data) for OSTime
    os_core.o(i.OS_InitRdyList) refers to os.o(.data) for OSRdyGrp
    os_core.o(i.OS_InitTCBList) refers to os.o(.data) for OSTCBList
    os_core.o(i.OS_InitTCBList) refers to os.o(.bss) for OSTCBPrioTbl
    os_core.o(i.OS_InitTaskIdle) refers to os_task.o(i.OSTaskCreate) for OSTaskCreate
    os_core.o(i.OS_InitTaskIdle) refers to os.o(.bss) for OSTaskIdleStk
    os_core.o(i.OS_InitTaskIdle) refers to os_core.o(i.OS_TaskIdle) for OS_TaskIdle
    os_core.o(i.OS_InitTaskStat) refers to os_task.o(i.OSTaskCreate) for OSTaskCreate
    os_core.o(i.OS_InitTaskStat) refers to os.o(.bss) for OSTaskStatStk
    os_core.o(i.OS_InitTaskStat) refers to os_core.o(i.OS_TaskStat) for OS_TaskStat
    os_core.o(i.OS_Sched) refers to os_cpu_cs_keil.o(OS_CPU_CODE) for OS_CPU_SR_Save
    os_core.o(i.OS_Sched) refers to os.o(.data) for OSIntNesting
    os_core.o(i.OS_Sched) refers to os_core.o(.data) for OSUnMapTbl
[...]
    os_sem.o(i.OSSemPend) refers to os_core.o(i.OS_EventTaskWait) for OS_EventTaskWait
    os_sem.o(i.OSSemPend) refers to os_core.o(i.OS_Sched) for OS_Sched
    os_sem.o(i.OSSemPend) refers to os_core.o(i.OS_EventTO) for OS_EventTO
    os_sem.o(i.OSSemPend) refers to os.o(.data) for OSIntNesting
    os_sem.o(i.OSSemPost) refers to os_cpu_cs_keil.o(OS_CPU_CODE) for OS_CPU_SR_Save
    os_sem.o(i.OSSemPost) refers to os_core.o(i.OS_EventTaskRdy) for OS_EventTaskRdy
    os_sem.o(i.OSSemPost) refers to os_core.o(i.OS_Sched) for OS_Sched
    os_sem.o(i.OSSemQuery) refers to os_cpu_cs_keil.o(OS_CPU_CODE) for OS_CPU_SR_Save
    os_sem.o(i.OSSemQuery) refers to rt_memcpy.o(.text) for __aeabi_memcpy
    os_task.o(i.OSTaskChangePrio) refers to os_cpu_cs_keil.o(OS_CPU_CODE) for OS_CPU_SR_Save
    os_task.o(i.OSTaskChangePrio) refers to os_core.o(i.OS_Sched) for OS_Sched
    os_task.o(i.OSTaskChangePrio) refers to os.o(.bss) for OSTCBPrioTbl
    os_task.o(i.OSTaskChangePrio) refers to os_core.o(.data) for OSMapTbl
    os_task.o(i.OSTaskChangePrio) refers to os.o(.data) for OSTCBCur
    os_task.o(i.OSTaskCreate) refers to os_cpu_cs_keil.o(OS_CPU_CODE) for OS_CPU_SR_Save
    os_task.o(i.OSTaskCreate) refers to os_cpu_init.o(i.OSTaskStkInit) for OSTaskStkInit
    os_task.o(i.OSTaskCreate) refers to os_core.o(i.OS_TCBInit) for OS_TCBInit
    os_task.o(i.OSTaskCreate) refers to os_core.o(i.OS_Sched) for OS_Sched
    os_task.o(i.OSTaskCreate) refers to os.o(.bss) for OSTCBPrioTbl
    os_task.o(i.OSTaskCreate) refers to os.o(.data) for OSTaskCtr
    os_task.o(i.OSTaskDel) refers to os_cpu_cs_keil.o(OS_CPU_CODE) for OS_CPU_SR_Save
    os_task.o(i.OSTaskDel) refers to os_flag.o(i.OS_FlagUnlink) for OS_FlagUnlink
    os_task.o(i.OSTaskDel) refers to os_core.o(i.OS_Dummy) for OS_Dummy
    os_task.o(i.OSTaskDel) refers to os_cpu_init.o(i.OSTaskDelHook) for OSTaskDelHook
    os_task.o(i.OSTaskDel) refers to os_core.o(i.OS_Sched) for OS_Sched
    os_task.o(i.OSTaskDel) refers to os.o(.data) for OSIntNesting
    os_task.o(i.OSTaskDel) refers to os.o(.bss) for OSTCBPrioTbl
    os_task.o(i.OSTaskDelReq) refers to os_cpu_cs_keil.o(OS_CPU_CODE) for OS_CPU_SR_Save
    os_task.o(i.OSTaskDelReq) refers to os.o(.data) for OSTCBCur
    os_task.o(i.OSTaskDelReq) refers to os.o(.bss) for OSTCBPrioTbl
    os_task.o(i.OSTaskQuery) refers to os_cpu_cs_keil.o(OS_CPU_CODE) for OS_CPU_SR_Save
    os_task.o(i.OSTaskQuery) refers to rt_memcpy_w.o(.text) for __aeabi_memcpy4
    os_task.o(i.OSTaskQuery) refers to os.o(.data) for OSTCBCur
    os_task.o(i.OSTaskQuery) refers to os.o(.bss) for OSTCBPrioTbl
    os_task.o(i.OSTaskResume) refers to os_cpu_cs_keil.o(OS_CPU_CODE) for OS_CPU_SR_Save
    os_task.o(i.OSTaskResume) refers to os_core.o(i.OS_Sched) for OS_Sched
    os_task.o(i.OSTaskResume) refers to os.o(.bss) for OSTCBPrioTbl
    os_task.o(i.OSTaskResume) refers to os.o(.data) for OSRdyGrp
    os_task.o(i.OSTaskSuspend) refers to os_cpu_cs_keil.o(OS_CPU_CODE) for OS_CPU_SR_Save
    os_task.o(i.OSTaskSuspend) refers to os_core.o(i.OS_Sched) for OS_Sched
    os_task.o(i.OSTaskSuspend) refers to os.o(.data) for OSTCBCur
    os_task.o(i.OSTaskSuspend) refers to os.o(.bss) for OSTCBPrioTbl
    os_time.o(i.OSTimeDly) refers to os_cpu_cs_keil.o(OS_CPU_CODE) for OS_CPU_SR_Save
    os_time.o(i.OSTimeDly) refers to os_core.o(i.OS_Sched) for OS_Sched
    os_time.o(i.OSTimeDly) refers to os.o(.data) for OSTCBCur
    os_time.o(i.OSTimeDlyHMSM) refers to aeabi_sdiv.o(.text_udiv) for __aeabi_uidivmod
    os_time.o(i.OSTimeDlyHMSM) refers to os_time.o(i.OSTimeDly) for OSTimeDly
    os_time.o(i.OSTimeDlyResume) refers to os_cpu_cs_keil.o(OS_CPU_CODE) for OS_CPU_SR_Save
    os_time.o(i.OSTimeDlyResume) refers to os_core.o(i.OS_Sched) for OS_Sched
    os_time.o(i.OSTimeDlyResume) refers to os.o(.bss) for OSTCBPrioTbl
    os_time.o(i.OSTimeDlyResume) refers to os.o(.data) for OSRdyGrp
    os_time.o(i.OSTimeGet) refers to os_cpu_cs_keil.o(OS_CPU_CODE) for OS_CPU_SR_Save
    os_time.o(i.OSTimeGet) refers to os.o(.data) for OSTime
    os_time.o(i.OSTimeSet) refers to os_cpu_cs_keil.o(OS_CPU_CODE) for OS_CPU_SR_Save
    os_time.o(i.OSTimeSet) refers to os.o(.data) for OSTime
    main.o(i.Task_Display) refers to os_sem.o(i.OSSemAccept) for OSSemAccept
    main.o(i.Task_Display) refers to os_bsp.o(i.Beep_Ctrl) for Beep_Ctrl
    main.o(i.Task_Display) refers to os_time.o(i.OSTimeDlyHMSM) for OSTimeDlyHMSM
    main.o(i.Task_Display) refers to os_mbox.o(i.OSMboxAccept) for OSMboxAccept
    main.o(i.Task_Display) refers to os_flag.o(i.OSFlagQuery) for OSFlagQuery
    main.o(i.Task_Display) refers to aeabi_sdiv.o(.text) for __aeabi_idivmod
    main.o(i.Task_Display) refers to os_bsp.o(i.LED_Set) for LED_Set
    main.o(i.Task_Display) refers to main.o(.data) for SemBeep
    main.o(i.Task_Input) refers to os_bsp.o(i.Key_Scan) for Key_Scan
    main.o(i.Task_Input) refers to os_mutex.o(i.OSMutexPend) for OSMutexPend
    main.o(i.Task_Input) refers to os_uart.o(i.Uart_Printf) for Uart_Printf
    main.o(i.Task_Input) refers to os_mutex.o(i.OSMutexPost) for OSMutexPost
    main.o(i.Task_Input) refers to os_sem.o(i.OSSemPost) for OSSemPost
    main.o(i.Task_Input) refers to os_mbox.o(i.OSMboxPost) for OSMboxPost
    main.o(i.Task_Input) refers to os_time.o(i.OSTimeGet) for OSTimeGet
    main.o(i.Task_Input) refers to os_q.o(i.OSQPost) for OSQPost
    main.o(i.Task_Input) refers to os_mem.o(i.OSMemGet) for OSMemGet
    main.o(i.Task_Input) refers to os_task.o(i.OSTaskResume) for OSTaskResume
    main.o(i.Task_Input) refers to os_task.o(i.OSTaskSuspend) for OSTaskSuspend
    main.o(i.Task_Input) refers to os_flag.o(i.OSFlagPost) for OSFlagPost
    main.o(i.Task_Input) refers to os_time.o(i.OSTimeDlyHMSM) for OSTimeDlyHMSM
    main.o(i.Task_Input) refers to main.o(.data) for UartMutex
    main.o(i.Task_Monitor) refers to os_time.o(i.OSTimeDlyHMSM) for OSTimeDlyHMSM
    main.o(i.Task_Monitor) refers to os_mem.o(i.OSMemQuery) for OSMemQuery
    main.o(i.Task_Monitor) refers to os_q.o(i.OSQQuery) for OSQQuery
    main.o(i.Task_Monitor) refers to os_mutex.o(i.OSMutexPend) for OSMutexPend
    main.o(i.Task_Monitor) refers to os_uart.o(i.Uart_Printf) for Uart_Printf
    main.o(i.Task_Monitor) refers to os_mutex.o(i.OSMutexPost) for OSMutexPost
    main.o(i.Task_Monitor) refers to main.o(.data) for MemPartition
    main.o(i.Task_Monitor) refers to os.o(.data) for OSCPUUsage
    main.o(i.Task_Start) refers to os_sem.o(i.OSSemCreate) for OSSemCreate
    main.o(i.Task_Start) refers to os_mbox.o(i.OSMboxCreate) for OSMboxCreate
    main.o(i.Task_Start) refers to os_q.o(i.OSQCreate) for OSQCreate
    main.o(i.Task_Start) refers to os_mutex.o(i.OSMutexCreate) for OSMutexCreate
    main.o(i.Task_Start) refers to os_flag.o(i.OSFlagCreate) for OSFlagCreate
    main.o(i.Task_Start) refers to os_mem.o(i.OSMemCreate) for OSMemCreate
    main.o(i.Task_Start) refers to os_core.o(i.OSStatInit) for OSStatInit
    main.o(i.Task_Start) refers to os_mutex.o(i.OSMutexPend) for OSMutexPend
    main.o(i.Task_Start) refers to os_uart.o(i.Uart_Printf) for Uart_Printf
    main.o(i.Task_Start) refers to os_mutex.o(i.OSMutexPost) for OSMutexPost
    main.o(i.Task_Start) refers to os_task.o(i.OSTaskCreate) for OSTaskCreate
    main.o(i.Task_Start) refers to os_task.o(i.OSTaskDel) for OSTaskDel
    main.o(i.Task_Start) refers to main.o(.data) for SemBeep
    main.o(i.Task_Start) refers to main.o(.bss) for QMsgTbl
    main.o(i.Task_Start) refers to main.o(i.Task_Input) for Task_Input
    main.o(i.Task_Start) refers to main.o(i.Task_Work) for Task_Work
    main.o(i.Task_Start) refers to main.o(i.Task_Display) for Task_Display
    main.o(i.Task_Start) refers to main.o(i.Task_Monitor) for Task_Monitor
    main.o(i.Task_Work) refers to os_q.o(i.OSQPend) for OSQPend
    main.o(i.Task_Work) refers to os_mutex.o(i.OSMutexPend) for OSMutexPend
    main.o(i.Task_Work) refers to os_uart.o(i.Uart_Printf) for Uart_Printf
    main.o(i.Task_Work) refers to os_mutex.o(i.OSMutexPost) for OSMutexPost
    main.o(i.Task_Work) refers to os_mem.o(i.OSMemPut) for OSMemPut
    main.o(i.Task_Work) refers to main.o(.data) for DataQueue
    main.o(i.main) refers to os_core.o(i.OSInit) for OSInit
    main.o(i.main) refers to os_bsp.o(i.BSP_Init) for BSP_Init
    main.o(i.main) refers to os_task.o(i.OSTaskCreate) for OSTaskCreate
    main.o(i.main) refers to os_core.o(i.OSStart) for OSStart
    main.o(i.main) refers to main.o(.bss) for StartStk
    main.o(i.main) refers to main.o(i.Task_Start) for Task_Start
    os_cpu_cs_keil.o(OS_CPU_CODE) refers (Special) to os_cpu_init.o(i.OSTaskSwHook) for OSTaskSwHook
    os_cpu_cs_keil.o(OS_CPU_CODE) refers to os_core.o(i.OSTimeTick) for OSTimeTick
    os_cpu_cs_keil.o(OS_CPU_CODE) refers to os_core.o(i.OSIntExit) for OSIntExit
    os_cpu_cs_keil.o(OS_CPU_CODE) refers to os.o(.data) for OSRunning
    os_cpu_init.o(i.OSTaskDelHook) refers to os_uart.o(i.Uart_Printf) for Uart_Printf
    startup_keil.o(STARTUP) refers to os_cpu_cs_keil.o(OS_CPU_CODE) for OSTickISR
    startup_keil.o(STARTUP) refers to main.o(i.main) for main
    rt_memcpy.o(.text) refers to rt_memcpy_w.o(.text) for __aeabi_memcpy4
    aeabi_sdiv.o(.text_udiv) refers to aeabi_sdiv.o(.text) for __arm_div2
    aeabi_sdiv_div0.o(.text_udiv) refers to aeabi_sdiv_div0.o(.text) for __arm_div2
    __main.o(!!!main) refers to __rtentry.o(.ARM.Collect$$rtentry$$00000000) for __rt_entry
    __rtentry.o(.ARM.Collect$$rtentry$$00000000) refers (Special) to __rtentry2.o(.ARM.Collect$$rtentry$$0000000A) for __rt_entry_li
    __rtentry.o(.ARM.Collect$$rtentry$$00000000) refers (Special) to __rtentry2.o(.ARM.Collect$$rtentry$$0000000D) for __rt_entry_main
    __rtentry.o(.ARM.Collect$$rtentry$$00000000) refers (Special) to __rtentry2.o(.ARM.Collect$$rtentry$$0000000C) for __rt_entry_postli_1
    __rtentry.o(.ARM.Collect$$rtentry$$00000000) refers (Special) to __rtentry2.o(.ARM.Collect$$rtentry$$00000009) for __rt_entry_postsh_1
    __rtentry.o(.ARM.Collect$$rtentry$$00000000) refers (Special) to __rtentry2.o(.ARM.Collect$$rtentry$$00000002) for __rt_entry_presh_1
    __rtentry.o(.ARM.Collect$$rtentry$$00000000) refers (Special) to __rtentry4.o(.ARM.Collect$$rtentry$$00000004) for __rt_entry_sh
    aeabi_idiv0_sigfpe.o(.text) refers to rt_div0.o(.text) for __rt_div0
    __rtentry2.o(.ARM.Collect$$rtentry$$00000008) refers to boardinit2.o(.text) for _platform_post_stackheap_init
    __rtentry2.o(.ARM.Collect$$rtentry$$0000000A) refers to libinit.o(.ARM.Collect$$libinit$$00000000) for __rt_lib_init
    __rtentry2.o(.ARM.Collect$$rtentry$$0000000B) refers to boardinit3.o(.text) for _platform_post_lib_init
    __rtentry2.o(.ARM.Collect$$rtentry$$0000000D) refers to exit.o(.text) for exit
    __rtentry2.o(.ARM.Collect$$rtentry$$0000000D) refers to main.o(i.main) for main
    __rtentry2.o(.ARM.exidx) refers to __rtentry2.o(.ARM.Collect$$rtentry$$00000001) for .ARM.Collect$$rtentry$$00000001
    __rtentry2.o(.ARM.exidx) refers to __rtentry2.o(.ARM.Collect$$rtentry$$00000008) for .ARM.Collect$$rtentry$$00000008
    __rtentry2.o(.ARM.exidx) refers to __rtentry2.o(.ARM.Collect$$rtentry$$0000000A) for .ARM.Collect$$rtentry$$0000000A
    __rtentry2.o(.ARM.exidx) refers to __rtentry2.o(.ARM.Collect$$rtentry$$0000000B) for .ARM.Collect$$rtentry$$0000000B
    __rtentry2.o(.ARM.exidx) refers to __rtentry2.o(.ARM.Collect$$rtentry$$0000000D) for .ARM.Collect$$rtentry$$0000000D
    __rtentry4.o(.ARM.Collect$$rtentry$$00000004) refers to sys_stackheap_outer.o(.text) for __user_setup_stackheap
    __rtentry4.o(.ARM.exidx) refers to __rtentry4.o(.ARM.Collect$$rtentry$$00000004) for .ARM.Collect$$rtentry$$00000004
    rt_div0.o(.text) refers to defsig_fpe_outer.o(.text) for __rt_SIGFPE
    sys_stackheap_outer.o(.text) refers to libspace.o(.text) for __user_perproc_libspace
    sys_stackheap_outer.o(.text) refers to sys_stackheap.o(.text) for __user_initial_stackheap
    exit.o(.text) refers to rtexit.o(.ARM.Collect$$rtexit$$00000000) for __rt_exit
    defsig_fpe_outer.o(.text) refers to defsig_fpe_inner.o(.text) for __rt_SIGFPE_inner
    defsig_fpe_outer.o(.text) refers to defsig_exit.o(.text) for __sig_exit
    defsig_fpe_formal.o(.text) refers to rt_raise.o(.text) for __rt_raise
    libinit.o(.ARM.Collect$$libinit$$00000000) refers (Special) to libinit2.o(.ARM.Collect$$libinit$$0000002E) for __rt_lib_init_alloca_1
    libinit.o(.ARM.Collect$$libinit$$00000000) refers (Special) to libinit2.o(.ARM.Collect$$libinit$$0000002C) for __rt_lib_init_argv_1
    libinit.o(.ARM.Collect$$libinit$$00000000) refers (Special) to libinit2.o(.ARM.Collect$$libinit$$0000001B) for __rt_lib_init_atexit_1
    libinit.o(.ARM.Collect$$libinit$$00000000) refers (Special) to libinit2.o(.ARM.Collect$$libinit$$00000021) for __rt_lib_init_clock_1
    libinit.o(.ARM.Collect$$libinit$$00000000) refers (Special) to libinit2.o(.ARM.Collect$$libinit$$00000032) for __rt_lib_init_cpp_1
    libinit.o(.ARM.Collect$$libinit$$00000000) refers (Special) to libinit2.o(.ARM.Collect$$libinit$$00000030) for __rt_lib_init_exceptions_1
    libinit.o(.ARM.Collect$$libinit$$00000000) refers (Special) to libinit2.o(.ARM.Collect$$libinit$$00000002) for __rt_lib_init_fp_1
    libinit.o(.ARM.Collect$$libinit$$00000000) refers (Special) to libinit2.o(.ARM.Collect$$libinit$$0000001F) for __rt_lib_init_fp_trap_1
    libinit.o(.ARM.Collect$$libinit$$00000000) refers (Special) to libinit2.o(.ARM.Collect$$libinit$$00000023) for __rt_lib_init_getenv_1
    libinit.o(.ARM.Collect$$libinit$$00000000) refers (Special) to libinit2.o(.ARM.Collect$$libinit$$0000000A) for __rt_lib_init_heap_1
    libinit.o(.ARM.Collect$$libinit$$00000000) refers (Special) to libinit2.o(.ARM.Collect$$libinit$$00000011) for __rt_lib_init_lc_collate_1
    libinit.o(.ARM.Collect$$libinit$$00000000) refers (Special) to libinit2.o(.ARM.Collect$$libinit$$00000013) for __rt_lib_init_lc_ctype_1
    libinit.o(.ARM.Collect$$libinit$$00000000) refers (Special) to libinit2.o(.ARM.Collect$$libinit$$00000015) for __rt_lib_init_lc_monetary_1
    libinit.o(.ARM.Collect$$libinit$$00000000) refers (Special) to libinit2.o(.ARM.Collect$$libinit$$00000017) for __rt_lib_init_lc_numeric_1
    libinit.o(.ARM.Collect$$libinit$$00000000) refers (Special) to libinit2.o(.ARM.Collect$$libinit$$00000019) for __rt_lib_init_lc_time_1
    libinit.o(.ARM.Collect$$libinit$$00000000) refers (Special) to libinit2.o(.ARM.Collect$$libinit$$00000004) for __rt_lib_init_preinit_1
    libinit.o(.ARM.Collect$$libinit$$00000000) refers (Special) to libinit2.o(.ARM.Collect$$libinit$$0000000E) for __rt_lib_init_rand_1
    libinit.o(.ARM.Collect$$libinit$$00000000) refers (Special) to libinit2.o(.ARM.Collect$$libinit$$00000033) for __rt_lib_init_return
    libinit.o(.ARM.Collect$$libinit$$00000000) refers (Special) to libinit2.o(.ARM.Collect$$libinit$$0000001D) for __rt_lib_init_signal_1
    libinit.o(.ARM.Collect$$libinit$$00000000) refers (Special) to libinit2.o(.ARM.Collect$$libinit$$00000025) for __rt_lib_init_stdio_1
    libinit.o(.ARM.Collect$$libinit$$00000000) refers (Special) to libinit2.o(.ARM.Collect$$libinit$$0000000C) for __rt_lib_init_user_alloc_1
    libspace.o(.text) refers to libspace.o(.bss) for __libspace_start
    sys_stackheap.o(.text) refers (Special) to indicate_semi.o(.text) for __semihosting_library_function
    sys_stackheap.o(.text) refers to use_no_semi.o(.text) for __I$use$semihosting
    rtexit.o(.ARM.Collect$$rtexit$$00000000) refers (Special) to rtexit2.o(.ARM.Collect$$rtexit$$00000004) for __rt_exit_exit
    rtexit.o(.ARM.Collect$$rtexit$$00000000) refers (Special) to rtexit2.o(.ARM.Collect$$rtexit$$00000003) for __rt_exit_ls
    rtexit.o(.ARM.Collect$$rtexit$$00000000) refers (Special) to rtexit2.o(.ARM.Collect$$rtexit$$00000002) for __rt_exit_prels_1
    rtexit.o(.ARM.exidx) refers (Special) to rtexit2.o(.ARM.Collect$$rtexit$$00000004) for __rt_exit_exit
    rtexit.o(.ARM.exidx) refers (Special) to rtexit2.o(.ARM.Collect$$rtexit$$00000003) for __rt_exit_ls
    rtexit.o(.ARM.exidx) refers (Special) to rtexit2.o(.ARM.Collect$$rtexit$$00000002) for __rt_exit_prels_1
    rtexit.o(.ARM.exidx) refers to rtexit.o(.ARM.Collect$$rtexit$$00000000) for .ARM.Collect$$rtexit$$00000000
    rt_raise.o(.text) refers to __raise.o(.text) for __raise
    rt_raise.o(.text) refers to sys_exit.o(.text) for _sys_exit
    defsig_exit.o(.text) refers to sys_exit.o(.text) for _sys_exit
    defsig_fpe_inner.o(.text) refers to defsig_general.o(.text) for __default_signal_display
    libinit2.o(.ARM.Collect$$libinit$$00000001) refers to fpinit.o(x$fpl$fpinit) for _fp_init
    libinit2.o(.ARM.Collect$$libinit$$00000010) refers to libinit2.o(.ARM.Collect$$libinit$$0000000F) for .ARM.Collect$$libinit$$0000000F
    libinit2.o(.ARM.Collect$$libinit$$00000012) refers to libinit2.o(.ARM.Collect$$libinit$$0000000F) for .ARM.Collect$$libinit$$0000000F
    libinit2.o(.ARM.Collect$$libinit$$00000014) refers to libinit2.o(.ARM.Collect$$libinit$$0000000F) for .ARM.Collect$$libinit$$0000000F
    libinit2.o(.ARM.Collect$$libinit$$00000016) refers to libinit2.o(.ARM.Collect$$libinit$$0000000F) for .ARM.Collect$$libinit$$0000000F
    libinit2.o(.ARM.Collect$$libinit$$00000018) refers to libinit2.o(.ARM.Collect$$libinit$$0000000F) for .ARM.Collect$$libinit$$0000000F
    libinit2.o(.ARM.Collect$$libinit$$00000026) refers to argv_veneer.o(.emb_text) for __ARM_argv_veneer
    libinit2.o(.ARM.Collect$$libinit$$00000027) refers to argv_veneer.o(.emb_text) for __ARM_argv_veneer
    sys_exit.o(.text) refers (Special) to use_no_semi.o(.text) for __I$use$semihosting
    sys_exit.o(.text) refers (Special) to indicate_semi.o(.text) for __semihosting_library_function
    rtexit2.o(.ARM.Collect$$rtexit$$00000003) refers to libshutdown.o(.ARM.Collect$$libshutdown$$00000000) for __rt_lib_shutdown
    rtexit2.o(.ARM.Collect$$rtexit$$00000004) refers to sys_exit.o(.text) for _sys_exit
    rtexit2.o(.ARM.exidx) refers to rtexit2.o(.ARM.Collect$$rtexit$$00000001) for .ARM.Collect$$rtexit$$00000001
    rtexit2.o(.ARM.exidx) refers to rtexit2.o(.ARM.Collect$$rtexit$$00000003) for .ARM.Collect$$rtexit$$00000003
    rtexit2.o(.ARM.exidx) refers to rtexit2.o(.ARM.Collect$$rtexit$$00000004) for .ARM.Collect$$rtexit$$00000004
    __raise.o(.text) refers to __raise.o(i.__ARM_common_call_via_r2) for __ARM_common_call_via_r2
    __raise.o(.text) refers to defsig.o(CL$$defsig) for __default_signal_handler
    defsig_general.o(.text) refers to sys_wrch.o(.text) for _ttywrch
    argv_veneer.o(.emb_text) refers to no_argv.o(.text) for __ARM_get_argv
    sys_wrch.o(.text) refers (Special) to use_no_semi.o(.text) for __I$use$semihosting
    sys_wrch.o(.text) refers (Special) to indicate_semi.o(.text) for __semihosting_library_function
    defsig.o(CL$$defsig) refers to defsig_fpe_inner.o(.text) for __rt_SIGFPE_inner
    defsig.o(CL$$defsig) refers to defsig_rtmem_inner.o(.text) for __rt_SIGRTMEM_inner
    _get_argv_nomalloc.o(.text) refers (Special) to hrguard.o(.text) for __heap_region$guard
    _get_argv_nomalloc.o(.text) refers to defsig_rtmem_outer.o(.text) for __rt_SIGRTMEM
    _get_argv_nomalloc.o(.text) refers to sys_command.o(.text) for _sys_command_string
    libshutdown.o(.ARM.Collect$$libshutdown$$00000000) refers (Special) to libshutdown2.o(.ARM.Collect$$libshutdown$$00000002) for __rt_lib_shutdown_cpp_1
    libshutdown.o(.ARM.Collect$$libshutdown$$00000000) refers (Special) to libshutdown2.o(.ARM.Collect$$libshutdown$$00000007) for __rt_lib_shutdown_fp_trap_1
    libshutdown.o(.ARM.Collect$$libshutdown$$00000000) refers (Special) to libshutdown2.o(.ARM.Collect$$libshutdown$$0000000F) for __rt_lib_shutdown_heap_1
    libshutdown.o(.ARM.Collect$$libshutdown$$00000000) refers (Special) to libshutdown2.o(.ARM.Collect$$libshutdown$$00000010) for __rt_lib_shutdown_return
    libshutdown.o(.ARM.Collect$$libshutdown$$00000000) refers (Special) to libshutdown2.o(.ARM.Collect$$libshutdown$$0000000A) for __rt_lib_shutdown_signal_1
    libshutdown.o(.ARM.Collect$$libshutdown$$00000000) refers (Special) to libshutdown2.o(.ARM.Collect$$libshutdown$$00000004) for __rt_lib_shutdown_stdio_1
    libshutdown.o(.ARM.Collect$$libshutdown$$00000000) refers (Special) to libshutdown2.o(.ARM.Collect$$libshutdown$$0000000C) for __rt_lib_shutdown_user_alloc_1
    sys_command.o(.text) refers (Special) to use_no_semi.o(.text) for __I$use$semihosting
    sys_command.o(.text) refers (Special) to indicate_semi.o(.text) for __semihosting_library_function
    defsig_abrt_inner.o(.text) refers to defsig_general.o(.text) for __default_signal_display
    defsig_rtred_inner.o(.text) refers to defsig_general.o(.text) for __default_signal_display
    defsig_rtmem_inner.o(.text) refers to defsig_general.o(.text) for __default_signal_display
    defsig_rtmem_outer.o(.text) refers to defsig_rtmem_inner.o(.text) for __rt_SIGRTMEM_inner
    defsig_rtmem_outer.o(.text) refers to defsig_exit.o(.text) for __sig_exit
    defsig_rtmem_formal.o(.text) refers to rt_raise.o(.text) for __rt_raise
    defsig_stak_inner.o(.text) refers to defsig_general.o(.text) for __default_signal_display
    defsig_pvfn_inner.o(.text) refers to defsig_general.o(.text) for __default_signal_display
    defsig_cppl_inner.o(.text) refers to defsig_general.o(.text) for __default_signal_display
    defsig_segv_inner.o(.text) refers to defsig_general.o(.text) for __default_signal_display
    defsig_other.o(.text) refers to defsig_general.o(.text) for __default_signal_display


==============================================================================

Removing Unused input sections from the image.

    Removing os_core.o(i.OSIntEnter), (64 bytes).
    Removing os_core.o(i.OSSchedLock), (96 bytes).
    Removing os_core.o(i.OSSchedUnlock), (152 bytes).
    Removing os_flag.o(i.OSFlagAccept), (468 bytes).
    Removing os_flag.o(i.OSFlagDel), (372 bytes).
    Removing os_flag.o(i.OSFlagPend), (884 bytes).
    Removing os_flag.o(i.OS_FlagBlock), (236 bytes).
    Removing os_mbox.o(i.OSMboxDel), (372 bytes).
    Removing os_mbox.o(i.OSMboxPend), (348 bytes).
    Removing os_mbox.o(i.OSMboxPostOpt), (12 bytes).
    Removing os_mbox.o(i.OSMboxQuery), (104 bytes).
    Removing os_mutex.o(i.OSMutexAccept), (224 bytes).
    Removing os_mutex.o(i.OSMutexDel), (416 bytes).
    Removing os_mutex.o(i.OSMutexQuery), (184 bytes).
    Removing os_q.o(i.OSQAccept), (148 bytes).
    Removing os_q.o(i.OSQDel), (424 bytes).
    Removing os_q.o(i.OSQFlush), (100 bytes).
    Removing os_q.o(i.OSQPostFront), (236 bytes).
    Removing os_q.o(i.OSQPostOpt), (12 bytes).
    Removing os_sem.o(i.OSSemDel), (372 bytes).
    Removing os_sem.o(i.OSSemPend), (312 bytes).
    Removing os_sem.o(i.OSSemQuery), (108 bytes).
    Removing os_task.o(i.OSTaskChangePrio), (516 bytes).
    Removing os_task.o(i.OSTaskCreateExt), (32 bytes).
    Removing os_task.o(i.OSTaskDelReq), (164 bytes).
    Removing os_task.o(i.OSTaskQuery), (132 bytes).
    Removing os_task.o(i.OSTaskStkChk), (12 bytes).
    Removing os_time.o(i.OSTimeDlyResume), (220 bytes).
    Removing os_time.o(i.OSTimeSet), (44 bytes).
    Removing os_lib.o(i.memcpy), (120 bytes).
    Removing os_lib.o(i.memset), (36 bytes).

31 unused section(s) (total 6920 bytes) removed from the image.

==============================================================================

Adding Veneers to the image

    Adding AT veneer (8 bytes, Inline) for call to '__rt_lib_init' from __rtentry2.o(.ARM.Collect$$rtentry$$0000000A).
    Adding AT veneer (8 bytes, Inline) for call to '__rt_lib_shutdown' from rtexit2.o(.ARM.Collect$$rtexit$$00000003).
    Adding TA veneer (4 bytes, Inline) for call to '__rt_exit' from exit.o(.text).
    Adding AT veneer (8 bytes, Inline) for call to '_sys_exit' from rtexit2.o(.ARM.Collect$$rtexit$$00000004).

4 Veneer(s) (total 28 bytes) added to the image.

==============================================================================

Image Symbol Table

    Local Symbols

    Symbol Name                              Value     Ov Type        Size  Object(Section)

    STARTUP                                  0x00000000   Section      504  startup_keil.o(STARTUP)
    ../clib/angel/boardlib.s                 0x00000000   Number         0  boardshut.o ABSOLUTE
    ../clib/angel/boardlib.s                 0x00000000   Number         0  boardinit1.o ABSOLUTE
    ../clib/angel/boardlib.s                 0x00000000   Number         0  boardinit2.o ABSOLUTE
    ../clib/angel/boardlib.s                 0x00000000   Number         0  boardinit3.o ABSOLUTE
    ../clib/angel/dczerorl2.s                0x00000000   Number         0  __dczerorl2.o ABSOLUTE
    ../clib/angel/handlers.s                 0x00000000   Number         0  __scatter_zi.o ABSOLUTE
    ../clib/angel/kernel.s                   0x00000000   Number         0  __rtentry.o ABSOLUTE
    ../clib/angel/kernel.s                   0x00000000   Number         0  rtexit.o ABSOLUTE
    ../clib/angel/kernel.s                   0x00000000   Number         0  __rtentry4.o ABSOLUTE
    ../clib/angel/kernel.s                   0x00000000   Number         0  __rtentry2.o ABSOLUTE
    ../clib/angel/kernel.s                   0x00000000   Number         0  rtexit2.o ABSOLUTE
    ../clib/angel/rt.s                       0x00000000   Number         0  rt_div0.o ABSOLUTE
    ../clib/angel/rt.s                       0x00000000   Number         0  aeabi_idiv0_sigfpe.o ABSOLUTE
    ../clib/angel/rt.s                       0x00000000   Number         0  aeabi_idiv0.o ABSOLUTE
    ../clib/angel/rt.s                       0x00000000   Number         0  rt_raise.o ABSOLUTE
    ../clib/angel/scatter.s                  0x00000000   Number         0  __scatter.o ABSOLUTE
    ../clib/angel/startup.s                  0x00000000   Number         0  __main.o ABSOLUTE
    ../clib/angel/sys.s                      0x00000000   Number         0  libspace.o ABSOLUTE
    ../clib/angel/sys.s                      0x00000000   Number         0  sys_stackheap_outer.o ABSOLUTE
    ../clib/angel/sys.s                      0x00000000   Number         0  indicate_semi.o ABSOLUTE
    ../clib/angel/sys.s                      0x00000000   Number         0  use_no_semi.o ABSOLUTE
    ../clib/angel/sys.s                      0x00000000   Number         0  sys_stackheap.o ABSOLUTE
    ../clib/angel/sysapp.c                   0x00000000   Number         0  sys_exit.o ABSOLUTE
    ../clib/angel/sysapp.c                   0x00000000   Number         0  sys_command.o ABSOLUTE
    ../clib/angel/sysapp.c                   0x00000000   Number         0  sys_wrch.o ABSOLUTE
    ../clib/armsys.c                         0x00000000   Number         0  argv_veneer.o ABSOLUTE
    ../clib/armsys.c                         0x00000000   Number         0  _get_argv_nomalloc.o ABSOLUTE
    ../clib/armsys.c                         0x00000000   Number         0  no_argv.o ABSOLUTE
    ../clib/armsys.c                         0x00000000   Number         0  argv_veneer.o ABSOLUTE
    ../clib/division.s                       0x00000000   Number         0  aeabi_sdiv_div0.o ABSOLUTE
    ../clib/division.s                       0x00000000   Number         0  aeabi_sdiv.o ABSOLUTE
    ../clib/divrt.s                          0x00000000   Number         0  divrt_7tdmi_div0.o ABSOLUTE
    ../clib/divrt.s                          0x00000000   Number         0  divrt_7tdmi.o ABSOLUTE
    ../clib/heapalloc.c                      0x00000000   Number         0  hrguard.o ABSOLUTE
    ../clib/libinit.s                        0x00000000   Number         0  libshutdown2.o ABSOLUTE
    ../clib/libinit.s                        0x00000000   Number         0  libinit2.o ABSOLUTE
    ../clib/libinit.s                        0x00000000   Number         0  libshutdown.o ABSOLUTE
    ../clib/libinit.s                        0x00000000   Number         0  libinit.o ABSOLUTE
    ../clib/memcpset.s                       0x00000000   Number         0  rt_memcpy_w.o ABSOLUTE
    ../clib/memcpset.s                       0x00000000   Number         0  rt_memcpy.o ABSOLUTE
    ../clib/signal.c                         0x00000000   Number         0  defsig_rtmem_formal.o ABSOLUTE
    ../clib/signal.c                         0x00000000   Number         0  defsig_stak_inner.o ABSOLUTE
    ../clib/signal.c                         0x00000000   Number         0  defsig_pvfn_inner.o ABSOLUTE
    ../clib/signal.c                         0x00000000   Number         0  defsig_cppl_inner.o ABSOLUTE
    ../clib/signal.c                         0x00000000   Number         0  defsig_segv_inner.o ABSOLUTE
    ../clib/signal.c                         0x00000000   Number         0  defsig_other.o ABSOLUTE
    ../clib/signal.c                         0x00000000   Number         0  defsig_rtred_inner.o ABSOLUTE
    ../clib/signal.c                         0x00000000   Number         0  defsig_fpe_formal.o ABSOLUTE
    ../clib/signal.c                         0x00000000   Number         0  defsig_fpe_inner.o ABSOLUTE
    ../clib/signal.c                         0x00000000   Number         0  defsig_exit.o ABSOLUTE
    ../clib/signal.c                         0x00000000   Number         0  __raise.o ABSOLUTE
    ../clib/signal.c                         0x00000000   Number         0  defsig_fpe_outer.o ABSOLUTE
    ../clib/signal.c                         0x00000000   Number         0  defsig_general.o ABSOLUTE
    ../clib/signal.c                         0x00000000   Number         0  defsig_abrt_inner.o ABSOLUTE
    ../clib/signal.c                         0x00000000   Number         0  defsig_rtmem_inner.o ABSOLUTE
    ../clib/signal.c                         0x00000000   Number         0  defsig_rtmem_outer.o ABSOLUTE
    ../clib/signal.s                         0x00000000   Number         0  defsig.o ABSOLUTE
    ../clib/stdlib.c                         0x00000000   Number         0  exit.o ABSOLUTE
    ../fplib/fpinit.s                        0x00000000   Number         0  fpinit.o ABSOLUTE
    arch copy\os_cpu_cs_keil.S               0x00000000   Number         0  os_cpu_cs_keil.o ABSOLUTE
    arch copy\os_cpu_init.c                  0x00000000   Number         0  os_cpu_init.o ABSOLUTE
    arch copy\startup_keil.S                 0x00000000   Number         0  startup_keil.o ABSOLUTE
    dc.s                                     0x00000000   Number         0  dc.o ABSOLUTE
    drivers\os_bsp.c                         0x00000000   Number         0  os_bsp.o ABSOLUTE
    drivers\os_timer.c                       0x00000000   Number         0  os_timer.o ABSOLUTE
    drivers\os_uart.c                        0x00000000   Number         0  os_uart.o ABSOLUTE
    kernel\os.c                              0x00000000   Number         0  os.o ABSOLUTE
    kernel\os_core.c                         0x00000000   Number         0  os_core.o ABSOLUTE
    kernel\os_flag.c                         0x00000000   Number         0  os_flag.o ABSOLUTE
    kernel\os_mbox.c                         0x00000000   Number         0  os_mbox.o ABSOLUTE
    kernel\os_mem.c                          0x00000000   Number         0  os_mem.o ABSOLUTE
    kernel\os_mutex.c                        0x00000000   Number         0  os_mutex.o ABSOLUTE
    kernel\os_q.c                            0x00000000   Number         0  os_q.o ABSOLUTE
    kernel\os_sem.c                          0x00000000   Number         0  os_sem.o ABSOLUTE
    kernel\os_task.c                         0x00000000   Number         0  os_task.o ABSOLUTE
    kernel\os_time.c                         0x00000000   Number         0  os_time.o ABSOLUTE
    lib\os_lib.c                             0x00000000   Number         0  os_lib.o ABSOLUTE
    user\main.c                              0x00000000   Number         0  main.o ABSOLUTE
    Undefined_Handler                        0x00000020   ARM Code       0  startup_keil.o(STARTUP)
    SWI_Handler                              0x00000024   ARM Code       0  startup_keil.o(STARTUP)
    Prefetch_Handler                         0x00000028   ARM Code       0  startup_keil.o(STARTUP)
    Abort_Handler                            0x0000002c   ARM Code       0  startup_keil.o(STARTUP)
    FIQ_Handler                              0x00000030   ARM Code       0  startup_keil.o(STARTUP)
    IRQ_Handler                              0x00000034   ARM Code       0  startup_keil.o(STARTUP)
    CodeInSDRAM                              0x0000017c   ARM Code       0  startup_keil.o(STARTUP)
    Image_End                                0x00000198   Data           0  startup_keil.o(STARTUP)
    !!!main                                  0x000001f8   Section        8  __main.o(!!!main)
    !!!scatter                               0x00000200   Section       60  __scatter.o(!!!scatter)
    !!dczerorl2                              0x0000023c   Section       92  __dczerorl2.o(!!dczerorl2)
    _decompress_loop                         0x00000247   Thumb Code     0  __dczerorl2.o(!!dczerorl2)
    _decompress_zerolen                      0x00000255   Thumb Code     0  __dczerorl2.o(!!dczerorl2)
    _decompress_litn                         0x0000025d   Thumb Code     0  __dczerorl2.o(!!dczerorl2)
    _decompress_lit                          0x00000261   Thumb Code     0  __dczerorl2.o(!!dczerorl2)
    _decompress_copyorzero                   0x0000026d   Thumb Code     0  __dczerorl2.o(!!dczerorl2)
    _decompress_zero                         0x00000275   Thumb Code     0  __dczerorl2.o(!!dczerorl2)
    _decompress_copyn                        0x0000027f   Thumb Code     0  __dczerorl2.o(!!dczerorl2)
    _decompress_copy                         0x00000287   Thumb Code     0  __dczerorl2.o(!!dczerorl2)
    _decompress_end                          0x00000293   Thumb Code     0  __dczerorl2.o(!!dczerorl2)
    !!handler_zi                             0x00000298   Section       44  __scatter_zi.o(!!handler_zi)
    .ARM.Collect$$libinit$$00000000          0x000002cc   Section        2  libinit.o(.ARM.Collect$$libinit$$00000000)
    .ARM.Collect$$libinit$$00000002          0x000002ce   Section        0  libinit2.o(.ARM.Collect$$libinit$$00000002)
    .ARM.Collect$$libinit$$00000004          0x000002ce   Section        0  libinit2.o(.ARM.Collect$$libinit$$00000004)
    .ARM.Collect$$libinit$$0000000A          0x000002ce   Section        0  libinit2.o(.ARM.Collect$$libinit$$0000000A)
    .ARM.Collect$$libinit$$0000000C          0x000002ce   Section        0  libinit2.o(.ARM.Collect$$libinit$$0000000C)
    .ARM.Collect$$libinit$$0000000E          0x000002ce   Section        0  libinit2.o(.ARM.Collect$$libinit$$0000000E)
    .ARM.Collect$$libinit$$00000011          0x000002ce   Section        0  libinit2.o(.ARM.Collect$$libinit$$00000011)
    .ARM.Collect$$libinit$$00000013          0x000002ce   Section        0  libinit2.o(.ARM.Collect$$libinit$$00000013)
    .ARM.Collect$$libinit$$00000015          0x000002ce   Section        0  libinit2.o(.ARM.Collect$$libinit$$00000015)
    .ARM.Collect$$libinit$$00000017          0x000002ce   Section        0  libinit2.o(.ARM.Collect$$libinit$$00000017)
    .ARM.Collect$$libinit$$00000019          0x000002ce   Section        0  libinit2.o(.ARM.Collect$$libinit$$00000019)
    .ARM.Collect$$libinit$$0000001B          0x000002ce   Section        0  libinit2.o(.ARM.Collect$$libinit$$0000001B)
    .ARM.Collect$$libinit$$0000001D          0x000002ce   Section        0  libinit2.o(.ARM.Collect$$libinit$$0000001D)
    .ARM.Collect$$libinit$$0000001F          0x000002ce   Section        0  libinit2.o(.ARM.Collect$$libinit$$0000001F)
    .ARM.Collect$$libinit$$00000021          0x000002ce   Section        0  libinit2.o(.ARM.Collect$$libinit$$00000021)
    .ARM.Collect$$libinit$$00000023          0x000002ce   Section        0  libinit2.o(.ARM.Collect$$libinit$$00000023)
    .ARM.Collect$$libinit$$00000025          0x000002ce   Section        0  libinit2.o(.ARM.Collect$$libinit$$00000025)
    .ARM.Collect$$libinit$$0000002C          0x000002ce   Section        0  libinit2.o(.ARM.Collect$$libinit$$0000002C)
    .ARM.Collect$$libinit$$0000002E          0x000002ce   Section        0  libinit2.o(.ARM.Collect$$libinit$$0000002E)
    .ARM.Collect$$libinit$$00000030          0x000002ce   Section        0  libinit2.o(.ARM.Collect$$libinit$$00000030)
    .ARM.Collect$$libinit$$00000032          0x000002ce   Section        0  libinit2.o(.ARM.Collect$$libinit$$00000032)
    .ARM.Collect$$libinit$$00000033          0x000002ce   Section       12  libinit2.o(.ARM.Collect$$libinit$$00000033)
    .ARM.Collect$$libshutdown$$00000000      0x000002e4   Section        4  libshutdown.o(.ARM.Collect$$libshutdown$$00000000)
    .ARM.Collect$$libshutdown$$00000002      0x000002e8   Section        0  libshutdown2.o(.ARM.Collect$$libshutdown$$00000002)
    .ARM.Collect$$libshutdown$$00000004      0x000002e8   Section        0  libshutdown2.o(.ARM.Collect$$libshutdown$$00000004)
    .ARM.Collect$$libshutdown$$00000007      0x000002e8   Section        0  libshutdown2.o(.ARM.Collect$$libshutdown$$00000007)
    .ARM.Collect$$libshutdown$$0000000A      0x000002e8   Section        0  libshutdown2.o(.ARM.Collect$$libshutdown$$0000000A)
    .ARM.Collect$$libshutdown$$0000000C      0x000002e8   Section        0  libshutdown2.o(.ARM.Collect$$libshutdown$$0000000C)
    .ARM.Collect$$libshutdown$$0000000F      0x000002e8   Section        0  libshutdown2.o(.ARM.Collect$$libshutdown$$0000000F)
    .ARM.Collect$$libshutdown$$00000010      0x000002e8   Section        6  libshutdown2.o(.ARM.Collect$$libshutdown$$00000010)
    .ARM.Collect$$rtentry$$00000000          0x000002f0   Section        0  __rtentry.o(.ARM.Collect$$rtentry$$00000000)
    .ARM.Collect$$rtentry$$00000002          0x000002f0   Section        0  __rtentry2.o(.ARM.Collect$$rtentry$$00000002)
    .ARM.Collect$$rtentry$$00000004          0x000002f0   Section        8  __rtentry4.o(.ARM.Collect$$rtentry$$00000004)
    .ARM.Collect$$rtentry$$00000009          0x000002f8   Section        0  __rtentry2.o(.ARM.Collect$$rtentry$$00000009)
    .ARM.Collect$$rtentry$$0000000A          0x000002f8   Section        4  __rtentry2.o(.ARM.Collect$$rtentry$$0000000A)
    .ARM.Collect$$rtentry$$0000000C          0x000002fc   Section        0  __rtentry2.o(.ARM.Collect$$rtentry$$0000000C)
    .ARM.Collect$$rtentry$$0000000D          0x000002fc   Section       40  __rtentry2.o(.ARM.Collect$$rtentry$$0000000D)
    .ARM.Collect$$rtexit$$00000000           0x00000328   Section        4  rtexit.o(.ARM.Collect$$rtexit$$00000000)
    .ARM.Collect$$rtexit$$00000002           0x0000032c   Section        0  rtexit2.o(.ARM.Collect$$rtexit$$00000002)
    .ARM.Collect$$rtexit$$00000003           0x0000032c   Section        4  rtexit2.o(.ARM.Collect$$rtexit$$00000003)
    .ARM.Collect$$rtexit$$00000004           0x00000330   Section        8  rtexit2.o(.ARM.Collect$$rtexit$$00000004)
    .text                                    0x00000338   Section      384  aeabi_sdiv.o(.text)
    __arm_div8                               0x00000364   ARM Code       0  aeabi_sdiv.o(.text)
    __arm_div5                               0x00000388   ARM Code       0  aeabi_sdiv.o(.text)
    __arm_div2                               0x000003ac   ARM Code       0  aeabi_sdiv.o(.text)
    __arm_div_large                          0x000003e8   ARM Code       0  aeabi_sdiv.o(.text)
    .text                                    0x000004b8   Section       96  sys_stackheap_outer.o(.text)
    .text                                    0x00000518   Section        0  exit.o(.text)
    .text                                    0x0000052c   Section       12  libspace.o(.text)
    .text                                    0x00000538   Section       80  sys_stackheap.o(.text)
    .text                                    0x00000590   Section        0  sys_exit.o(.text)
    .text                                    0x0000059c   Section        4  use_no_semi.o(.text)
    .text                                    0x000005a0   Section        0  indicate_semi.o(.text)
    .text_udiv                               0x000005a0   Section       36  aeabi_sdiv.o(.text_udiv)
    OS_CPU_CODE                              0x000005c4   Section      340  os_cpu_cs_keil.o(OS_CPU_CODE)
    i.BSP_Init                               0x00000718   Section        0  os_bsp.o(i.BSP_Init)
    i.Beep_Ctrl                              0x00000748   Section        0  os_bsp.o(i.Beep_Ctrl)
    i.Beep_Init                              0x00000780   Section        0  os_bsp.o(i.Beep_Init)
    i.InitTimer4                             0x000007b8   Section        0  os_timer.o(i.InitTimer4)
    i.Key_Init                               0x00000884   Section        0  os_bsp.o(i.Key_Init)
    i.Key_Scan                               0x000008a4   Section        0  os_bsp.o(i.Key_Scan)
    i.LED_Init                               0x0000092c   Section        0  os_bsp.o(i.LED_Init)
    i.LED_Set                                0x00000964   Section        0  os_bsp.o(i.LED_Set)
    i.OSFlagCreate                           0x000009c0   Section        0  os_flag.o(i.OSFlagCreate)
    i.OSFlagPost                             0x00000a5c   Section        0  os_flag.o(i.OSFlagPost)
    i.OSFlagQuery                            0x00000c58   Section        0  os_flag.o(i.OSFlagQuery)
    i.OSInit                                 0x00000cc0   Section        0  os_core.o(i.OSInit)
    i.OSInitHookBegin                        0x00000cf4   Section        0  os_cpu_init.o(i.OSInitHookBegin)
    i.OSInitHookEnd                          0x00000cf8   Section        0  os_cpu_init.o(i.OSInitHookEnd)
    i.OSIntExit                              0x00000cfc   Section        0  os_core.o(i.OSIntExit)
    i.OSMboxAccept                           0x00000e24   Section        0  os_mbox.o(i.OSMboxAccept)
    i.OSMboxCreate                           0x00000e78   Section        0  os_mbox.o(i.OSMboxCreate)
    i.OSMboxPost                             0x00000f08   Section        0  os_mbox.o(i.OSMboxPost)
    i.OSMemCreate                            0x00000fb4   Section        0  os_mem.o(i.OSMemCreate)
    i.OSMemGet                               0x000010b8   Section        0  os_mem.o(i.OSMemGet)
    i.OSMemPut                               0x0000113c   Section        0  os_mem.o(i.OSMemPut)
    i.OSMemQuery                             0x000011bc   Section        0  os_mem.o(i.OSMemQuery)
    i.OSMutexCreate                          0x0000123c   Section        0  os_mutex.o(i.OSMutexCreate)
    i.OSMutexPend                            0x00001344   Section        0  os_mutex.o(i.OSMutexPend)
    i.OSMutexPost                            0x000015c0   Section        0  os_mutex.o(i.OSMutexPost)
    i.OSQCreate                              0x00001840   Section        0  os_q.o(i.OSQCreate)
    i.OSQPend                                0x0000194c   Section        0  os_q.o(i.OSQPend)
    i.OSQPost                                0x00001ad8   Section        0  os_q.o(i.OSQPost)
    i.OSQQuery                               0x00001bc0   Section        0  os_q.o(i.OSQQuery)
    i.OSSemAccept                            0x00001c5c   Section        0  os_sem.o(i.OSSemAccept)
    i.OSSemCreate                            0x00001cc4   Section        0  os_sem.o(i.OSSemCreate)
    i.OSSemPost                              0x00001d54   Section        0  os_sem.o(i.OSSemPost)
    i.OSStart                                0x00001dfc   Section        0  os_core.o(i.OSStart)
    i.OSStatInit                             0x00001ea4   Section        0  os_core.o(i.OSStatInit)
    i.OSTCBInitHook                          0x00001f14   Section        0  os_cpu_init.o(i.OSTCBInitHook)
    i.OSTaskCreate                           0x00001f1c   Section        0  os_task.o(i.OSTaskCreate)
    i.OSTaskCreateHook                       0x00002034   Section        0  os_cpu_init.o(i.OSTaskCreateHook)
    i.OSTaskDel                              0x0000203c   Section        0  os_task.o(i.OSTaskDel)
    i.OSTaskDelHook                          0x00002274   Section        0  os_cpu_init.o(i.OSTaskDelHook)
    i.OSTaskIdleHook                         0x000022bc   Section        0  os_cpu_init.o(i.OSTaskIdleHook)
    i.OSTaskResume                           0x000022c0   Section        0  os_task.o(i.OSTaskResume)
    i.OSTaskStatHook                         0x000023a8   Section        0  os_cpu_init.o(i.OSTaskStatHook)
    i.OSTaskStkInit                          0x000023ac   Section        0  os_cpu_init.o(i.OSTaskStkInit)
    i.OSTaskSuspend                          0x00002480   Section        0  os_task.o(i.OSTaskSuspend)
    i.OSTaskSwHook                           0x00002590   Section        0  os_cpu_init.o(i.OSTaskSwHook)
    i.OSTimeDly                              0x00002594   Section        0  os_time.o(i.OSTimeDly)
    i.OSTimeDlyHMSM                          0x00002638   Section        0  os_time.o(i.OSTimeDlyHMSM)
    i.OSTimeGet                              0x00002724   Section        0  os_time.o(i.OSTimeGet)
    i.OSTimeTick                             0x00002750   Section        0  os_core.o(i.OSTimeTick)
    i.OSTimeTickHook                         0x00002850   Section        0  os_cpu_init.o(i.OSTimeTickHook)
    i.OS_Dummy                               0x00002854   Section        0  os_core.o(i.OS_Dummy)
    i.OS_EventTO                             0x00002858   Section        0  os_core.o(i.OS_EventTO)
    i.OS_EventTaskRdy                        0x000028d4   Section        0  os_core.o(i.OS_EventTaskRdy)
    i.OS_EventTaskWait                       0x000029ac   Section        0  os_core.o(i.OS_EventTaskWait)
    i.OS_EventWaitListInit                   0x00002a78   Section        0  os_core.o(i.OS_EventWaitListInit)
    i.OS_FlagInit                            0x00002a8c   Section        0  os_flag.o(i.OS_FlagInit)
    i.OS_FlagTaskRdy                         0x00002ae4   Section        0  os_flag.o(i.OS_FlagTaskRdy)
    OS_FlagTaskRdy                           0x00002ae4   ARM Code     140  os_flag.o(i.OS_FlagTaskRdy)
    i.OS_FlagUnlink                          0x00002b78   Section        0  os_flag.o(i.OS_FlagUnlink)
    i.OS_InitEventList                       0x00002bd0   Section        0  os_core.o(i.OS_InitEventList)
    OS_InitEventList                         0x00002bd0   ARM Code      96  os_core.o(i.OS_InitEventList)
    i.OS_InitMisc                            0x00002c38   Section        0  os_core.o(i.OS_InitMisc)
    OS_InitMisc                              0x00002c38   ARM Code      96  os_core.o(i.OS_InitMisc)
    i.OS_InitRdyList                         0x00002cc4   Section        0  os_core.o(i.OS_InitRdyList)
    OS_InitRdyList                           0x00002cc4   ARM Code      92  os_core.o(i.OS_InitRdyList)
    i.OS_InitTCBList                         0x00002d38   Section        0  os_core.o(i.OS_InitTCBList)
    OS_InitTCBList                           0x00002d38   ARM Code     116  os_core.o(i.OS_InitTCBList)
    i.OS_InitTaskIdle                        0x00002dbc   Section        0  os_core.o(i.OS_InitTaskIdle)
    OS_InitTaskIdle                          0x00002dbc   ARM Code      32  os_core.o(i.OS_InitTaskIdle)
    i.OS_InitTaskStat                        0x00002de4   Section        0  os_core.o(i.OS_InitTaskStat)
    OS_InitTaskStat                          0x00002de4   ARM Code      32  os_core.o(i.OS_InitTaskStat)
    i.OS_MemInit                             0x00002e0c   Section        0  os_mem.o(i.OS_MemInit)
    i.OS_QInit                               0x00002e8c   Section        0  os_q.o(i.OS_QInit)
    i.OS_Sched                               0x00002edc   Section        0  os_core.o(i.OS_Sched)
    i.OS_TCBInit                             0x00002fb4   Section        0  os_core.o(i.OS_TCBInit)
    i.OS_TaskIdle                            0x00003118   Section        0  os_core.o(i.OS_TaskIdle)
    i.OS_TaskStat                            0x00003150   Section        0  os_core.o(i.OS_TaskStat)
    i.Task_Display                           0x00003244   Section        0  main.o(i.Task_Display)
    i.Task_Input                             0x00003360   Section        0  main.o(i.Task_Input)
    i.Task_Monitor                           0x00003648   Section        0  main.o(i.Task_Monitor)
    i.Task_Start                             0x00003748   Section        0  main.o(i.Task_Start)
    i.Task_Work                              0x000038b8   Section        0  main.o(i.Task_Work)
    i.Uart_Init                              0x0000397c   Section        0  os_uart.o(i.Uart_Init)
    i.Uart_Printf                            0x00003a10   Section        0  os_uart.o(i.Uart_Printf)
    i.Uart_SendByte                          0x00003c30   Section        0  os_uart.o(i.Uart_SendByte)
    i.hex_to_str                             0x00003c80   Section        0  os_uart.o(i.hex_to_str)
    hex_to_str                               0x00003c80   ARM Code     132  os_uart.o(i.hex_to_str)
    i.int_to_str                             0x00003d18   Section        0  os_uart.o(i.int_to_str)
    int_to_str                               0x00003d18   ARM Code     252  os_uart.o(i.int_to_str)
    i.main                                   0x00003e14   Section        0  main.o(i.main)
    .data                                    0x30000000   Section       72  os.o(.data)
    .data                                    0x30000048   Section      264  os_core.o(.data)
    .data                                    0x30000150   Section       36  main.o(.data)
    work_task_suspended                      0x30000168   Data           1  main.o(.data)
    led1_state                               0x3000016c   Data           4  main.o(.data)
    shift                                    0x30000170   Data           4  main.o(.data)
    .bss                                     0x30000174   Section     3256  os.o(.bss)
    .bss                                     0x30000e2c   Section    10920  main.o(.bss)
    .bss                                     0x300038d4   Section       96  libspace.o(.bss)

    Global Symbols

    Symbol Name                              Value     Ov Type        Size  Object(Section)

    BuildAttributes$$THM_ISAv1$ARM_ISAv4$S$PE$A:L22$X:L11$S22$IEEE1$IW$USESV6$~STKCKD$USESV7$~SHL$OSPACE$ROPI$EBA8$UX$STANDARDLIB$REQ8$PRES8$EABIv2 0x00000000   Number         0  anon$$obj.o ABSOLUTE
    __ARM_use_no_argv                        0x00000000   Number         0  main.o ABSOLUTE
    _start                                   0x00000000   ARM Code       0  startup_keil.o(STARTUP)
    Image$$ZI$$Limit                          - Undefined Weak Reference
    __ARM_exceptions_init                     - Undefined Weak Reference
    __alloca_initialize                       - Undefined Weak Reference
    __arm_preinit_                            - Undefined Weak Reference
    __cpp_initialize__aeabi_                  - Undefined Weak Reference
    __cxa_finalize                            - Undefined Weak Reference
    __rt_locale                               - Undefined Weak Reference
    __sigvec_lookup                           - Undefined Weak Reference
    _atexit_init                              - Undefined Weak Reference
    _call_atexit_fns                          - Undefined Weak Reference
    _clock_init                               - Undefined Weak Reference
    _fp_trap_init                             - Undefined Weak Reference
    _fp_trap_shutdown                         - Undefined Weak Reference
    _get_lc_collate                           - Undefined Weak Reference
    _get_lc_ctype                             - Undefined Weak Reference
    _get_lc_monetary                          - Undefined Weak Reference
    _get_lc_numeric                           - Undefined Weak Reference
    _get_lc_time                              - Undefined Weak Reference
    _getenv_init                              - Undefined Weak Reference
    _handle_redirection                       - Undefined Weak Reference
    _init_alloc                               - Undefined Weak Reference
    _init_user_alloc                          - Undefined Weak Reference
    _initio                                   - Undefined Weak Reference
    _rand_init                                - Undefined Weak Reference
    _signal_finish                            - Undefined Weak Reference
    _signal_init                              - Undefined Weak Reference
    _terminate_alloc                          - Undefined Weak Reference
    _terminate_user_alloc                     - Undefined Weak Reference
    _terminateio                              - Undefined Weak Reference
    Reset_Handler                            0x00000038   ARM Code       0  startup_keil.o(STARTUP)
    __main                                   0x000001f8   ARM Code       8  __main.o(!!!main)
    __scatterload                            0x00000200   ARM Code       0  __scatter.o(!!!scatter)
    __scatterload_rt2                        0x00000200   ARM Code      52  __scatter.o(!!!scatter)
    __scatterload_null                       0x00000214   ARM Code       0  __scatter.o(!!!scatter)
    __decompress                             0x0000023c   ARM Code      92  __dczerorl2.o(!!dczerorl2)
    __decompress1                            0x0000023c   ARM Code       0  __dczerorl2.o(!!dczerorl2)
    __scatterload_zeroinit                   0x00000298   ARM Code      44  __scatter_zi.o(!!handler_zi)
    Inline ARM to Thumb Veneer to __rt_lib_init 0x000002c4   ARM Code       8  libinit.o(.ARM.Collect$$libinit$$00000000)
    __rt_lib_init                            0x000002cd   Thumb Code     0  libinit.o(.ARM.Collect$$libinit$$00000000)
    __rt_lib_init_alloca_1                   0x000002cf   Thumb Code     0  libinit2.o(.ARM.Collect$$libinit$$0000002E)
    __rt_lib_init_argv_1                     0x000002cf   Thumb Code     0  libinit2.o(.ARM.Collect$$libinit$$0000002C)
    __rt_lib_init_atexit_1                   0x000002cf   Thumb Code     0  libinit2.o(.ARM.Collect$$libinit$$0000001B)
    __rt_lib_init_clock_1                    0x000002cf   Thumb Code     0  libinit2.o(.ARM.Collect$$libinit$$00000021)
    __rt_lib_init_cpp_1                      0x000002cf   Thumb Code     0  libinit2.o(.ARM.Collect$$libinit$$00000032)
    __rt_lib_init_exceptions_1               0x000002cf   Thumb Code     0  libinit2.o(.ARM.Collect$$libinit$$00000030)
    __rt_lib_init_fp_1                       0x000002cf   Thumb Code     0  libinit2.o(.ARM.Collect$$libinit$$00000002)
    __rt_lib_init_fp_trap_1                  0x000002cf   Thumb Code     0  libinit2.o(.ARM.Collect$$libinit$$0000001F)
    __rt_lib_init_getenv_1                   0x000002cf   Thumb Code     0  libinit2.o(.ARM.Collect$$libinit$$00000023)
    __rt_lib_init_heap_1                     0x000002cf   Thumb Code     0  libinit2.o(.ARM.Collect$$libinit$$0000000A)
    __rt_lib_init_lc_collate_1               0x000002cf   Thumb Code     0  libinit2.o(.ARM.Collect$$libinit$$00000011)
    __rt_lib_init_lc_ctype_1                 0x000002cf   Thumb Code     0  libinit2.o(.ARM.Collect$$libinit$$00000013)
    __rt_lib_init_lc_monetary_1              0x000002cf   Thumb Code     0  libinit2.o(.ARM.Collect$$libinit$$00000015)
    __rt_lib_init_lc_numeric_1               0x000002cf   Thumb Code     0  libinit2.o(.ARM.Collect$$libinit$$00000017)
    __rt_lib_init_lc_time_1                  0x000002cf   Thumb Code     0  libinit2.o(.ARM.Collect$$libinit$$00000019)
    __rt_lib_init_preinit_1                  0x000002cf   Thumb Code     0  libinit2.o(.ARM.Collect$$libinit$$00000004)
    __rt_lib_init_rand_1                     0x000002cf   Thumb Code     0  libinit2.o(.ARM.Collect$$libinit$$0000000E)
    __rt_lib_init_return                     0x000002cf   Thumb Code     0  libinit2.o(.ARM.Collect$$libinit$$00000033)
    __rt_lib_init_signal_1                   0x000002cf   Thumb Code     0  libinit2.o(.ARM.Collect$$libinit$$0000001D)
    __rt_lib_init_stdio_1                    0x000002cf   Thumb Code     0  libinit2.o(.ARM.Collect$$libinit$$00000025)
    __rt_lib_init_user_alloc_1               0x000002cf   Thumb Code     0  libinit2.o(.ARM.Collect$$libinit$$0000000C)
    Inline ARM to Thumb Veneer to __rt_lib_shutdown 0x000002dc   ARM Code       8  libshutdown.o(.ARM.Collect$$libshutdown$$00000000)
    __rt_lib_shutdown                        0x000002e5   Thumb Code     0  libshutdown.o(.ARM.Collect$$libshutdown$$00000000)
    __rt_lib_shutdown_cpp_1                  0x000002e9   Thumb Code     0  libshutdown2.o(.ARM.Collect$$libshutdown$$00000002)
    __rt_lib_shutdown_fp_trap_1              0x000002e9   Thumb Code     0  libshutdown2.o(.ARM.Collect$$libshutdown$$00000007)
    __rt_lib_shutdown_heap_1                 0x000002e9   Thumb Code     0  libshutdown2.o(.ARM.Collect$$libshutdown$$0000000F)
    __rt_lib_shutdown_return                 0x000002e9   Thumb Code     0  libshutdown2.o(.ARM.Collect$$libshutdown$$00000010)
    __rt_lib_shutdown_signal_1               0x000002e9   Thumb Code     0  libshutdown2.o(.ARM.Collect$$libshutdown$$0000000A)
    __rt_lib_shutdown_stdio_1                0x000002e9   Thumb Code     0  libshutdown2.o(.ARM.Collect$$libshutdown$$00000004)
    __rt_lib_shutdown_user_alloc_1           0x000002e9   Thumb Code     0  libshutdown2.o(.ARM.Collect$$libshutdown$$0000000C)
    __rt_entry                               0x000002f0   ARM Code       0  __rtentry.o(.ARM.Collect$$rtentry$$00000000)
    __rt_entry_presh_1                       0x000002f0   ARM Code       0  __rtentry2.o(.ARM.Collect$$rtentry$$00000002)
    __rt_entry_sh                            0x000002f0   ARM Code       0  __rtentry4.o(.ARM.Collect$$rtentry$$00000004)
    __rt_entry_li                            0x000002f8   ARM Code       0  __rtentry2.o(.ARM.Collect$$rtentry$$0000000A)
    __rt_entry_postsh_1                      0x000002f8   ARM Code       0  __rtentry2.o(.ARM.Collect$$rtentry$$00000009)
    __rt_entry_main                          0x000002fc   ARM Code       0  __rtentry2.o(.ARM.Collect$$rtentry$$0000000D)
    __rt_entry_postli_1                      0x000002fc   ARM Code       0  __rtentry2.o(.ARM.Collect$$rtentry$$0000000C)
    Inline Thumb to ARM Veneer to __rt_exit  0x00000325   Thumb Code     4  rtexit.o(.ARM.Collect$$rtexit$$00000000)
    __rt_exit                                0x00000328   ARM Code       0  rtexit.o(.ARM.Collect$$rtexit$$00000000)
    __rt_exit_ls                             0x0000032c   ARM Code       0  rtexit2.o(.ARM.Collect$$rtexit$$00000003)
    __rt_exit_prels_1                        0x0000032c   ARM Code       0  rtexit2.o(.ARM.Collect$$rtexit$$00000002)
    __rt_exit_exit                           0x00000330   ARM Code       0  rtexit2.o(.ARM.Collect$$rtexit$$00000004)
    __aeabi_idiv                             0x00000338   ARM Code       0  aeabi_sdiv.o(.text)
    __aeabi_idivmod                          0x00000338   ARM Code     384  aeabi_sdiv.o(.text)
    __user_setup_stackheap                   0x000004b8   ARM Code      96  sys_stackheap_outer.o(.text)
    exit                                     0x00000519   Thumb Code    20  exit.o(.text)
    __user_libspace                          0x0000052c   ARM Code      12  libspace.o(.text)
    __user_perproc_libspace                  0x0000052c   ARM Code       0  libspace.o(.text)
    __user_perthread_libspace                0x0000052c   ARM Code       0  libspace.o(.text)
    __user_initial_stackheap                 0x00000538   ARM Code      80  sys_stackheap.o(.text)
    _RW_Limit                                0x00000584   Data           0  sys_stackheap.o(.text)
    Inline ARM to Thumb Veneer to _sys_exit  0x00000588   ARM Code       8  sys_exit.o(.text)
    _sys_exit                                0x00000591   Thumb Code     8  sys_exit.o(.text)
    __I$use$semihosting                      0x0000059c   ARM Code       0  use_no_semi.o(.text)
    __use_no_semihosting_swi                 0x0000059c   ARM Code       4  use_no_semi.o(.text)
    __aeabi_uidiv                            0x000005a0   ARM Code       0  aeabi_sdiv.o(.text_udiv)
    __aeabi_uidivmod                         0x000005a0   ARM Code      36  aeabi_sdiv.o(.text_udiv)
    __semihosting_library_function           0x000005a0   ARM Code       0  indicate_semi.o(.text)
    OS_CPU_SR_Save                           0x000005c4   ARM Code       0  os_cpu_cs_keil.o(OS_CPU_CODE)
    OS_CPU_SR_Restore                        0x000005d4   ARM Code       0  os_cpu_cs_keil.o(OS_CPU_CODE)
    OSStartHighRdy                           0x000005dc   ARM Code       0  os_cpu_cs_keil.o(OS_CPU_CODE)
    OSCtxSw                                  0x00000600   ARM Code       0  os_cpu_cs_keil.o(OS_CPU_CODE)
    OSIntCtxSw                               0x00000650   ARM Code       0  os_cpu_cs_keil.o(OS_CPU_CODE)
    OSTickISR                                0x00000684   ARM Code       0  os_cpu_cs_keil.o(OS_CPU_CODE)
    BSP_Init                                 0x00000718   ARM Code      40  os_bsp.o(i.BSP_Init)
    Beep_Ctrl                                0x00000748   ARM Code      56  os_bsp.o(i.Beep_Ctrl)
    Beep_Init                                0x00000780   ARM Code      56  os_bsp.o(i.Beep_Init)
    InitTimer4                               0x000007b8   ARM Code     196  os_timer.o(i.InitTimer4)
    Key_Init                                 0x00000884   ARM Code      28  os_bsp.o(i.Key_Init)
    Key_Scan                                 0x000008a4   ARM Code     136  os_bsp.o(i.Key_Scan)
    LED_Init                                 0x0000092c   ARM Code      56  os_bsp.o(i.LED_Init)
    LED_Set                                  0x00000964   ARM Code      92  os_bsp.o(i.LED_Set)
    OSFlagCreate                             0x000009c0   ARM Code     148  os_flag.o(i.OSFlagCreate)
    OSFlagPost                               0x00000a5c   ARM Code     508  os_flag.o(i.OSFlagPost)
    OSFlagQuery                              0x00000c58   ARM Code     104  os_flag.o(i.OSFlagQuery)
    OSInit                                   0x00000cc0   ARM Code      52  os_core.o(i.OSInit)
    OSInitHookBegin                          0x00000cf4   ARM Code       4  os_cpu_init.o(i.OSInitHookBegin)
    OSInitHookEnd                            0x00000cf8   ARM Code       4  os_cpu_init.o(i.OSInitHookEnd)
    OSIntExit                                0x00000cfc   ARM Code     248  os_core.o(i.OSIntExit)
    OSMboxAccept                             0x00000e24   ARM Code      84  os_mbox.o(i.OSMboxAccept)
    OSMboxCreate                             0x00000e78   ARM Code     136  os_mbox.o(i.OSMboxCreate)
    OSMboxPost                               0x00000f08   ARM Code     172  os_mbox.o(i.OSMboxPost)
    OSMemCreate                              0x00000fb4   ARM Code     256  os_mem.o(i.OSMemCreate)
    OSMemGet                                 0x000010b8   ARM Code     132  os_mem.o(i.OSMemGet)
    OSMemPut                                 0x0000113c   ARM Code     128  os_mem.o(i.OSMemPut)
    OSMemQuery                               0x000011bc   ARM Code     128  os_mem.o(i.OSMemQuery)
    OSMutexCreate                            0x0000123c   ARM Code     252  os_mutex.o(i.OSMutexCreate)
    OSMutexPend                              0x00001344   ARM Code     612  os_mutex.o(i.OSMutexPend)
    OSMutexPost                              0x000015c0   ARM Code     616  os_mutex.o(i.OSMutexPost)
    OSQCreate                                0x00001840   ARM Code     256  os_q.o(i.OSQCreate)
    OSQPend                                  0x0000194c   ARM Code     388  os_q.o(i.OSQPend)
    OSQPost                                  0x00001ad8   ARM Code     232  os_q.o(i.OSQPost)
    OSQQuery                                 0x00001bc0   ARM Code     156  os_q.o(i.OSQQuery)
    OSSemAccept                              0x00001c5c   ARM Code     104  os_sem.o(i.OSSemAccept)
    OSSemCreate                              0x00001cc4   ARM Code     136  os_sem.o(i.OSSemCreate)
    OSSemPost                                0x00001d54   ARM Code     164  os_sem.o(i.OSSemPost)
    OSStart                                  0x00001dfc   ARM Code     132  os_core.o(i.OSStart)
    OSStatInit                               0x00001ea4   ARM Code     100  os_core.o(i.OSStatInit)
    OSTCBInitHook                            0x00001f14   ARM Code       8  os_cpu_init.o(i.OSTCBInitHook)
    OSTaskCreate                             0x00001f1c   ARM Code     268  os_task.o(i.OSTaskCreate)
    OSTaskCreateHook                         0x00002034   ARM Code       8  os_cpu_init.o(i.OSTaskCreateHook)
    OSTaskDel                                0x0000203c   ARM Code     532  os_task.o(i.OSTaskDel)
    OSTaskDelHook                            0x00002274   ARM Code      36  os_cpu_init.o(i.OSTaskDelHook)
    OSTaskIdleHook                           0x000022bc   ARM Code       4  os_cpu_init.o(i.OSTaskIdleHook)
    OSTaskResume                             0x000022c0   ARM Code     220  os_task.o(i.OSTaskResume)
    OSTaskStatHook                           0x000023a8   ARM Code       4  os_cpu_init.o(i.OSTaskStatHook)
    OSTaskStkInit                            0x000023ac   ARM Code     212  os_cpu_init.o(i.OSTaskStkInit)
    OSTaskSuspend                            0x00002480   ARM Code     256  os_task.o(i.OSTaskSuspend)
    OSTaskSwHook                             0x00002590   ARM Code       4  os_cpu_init.o(i.OSTaskSwHook)
    OSTimeDly                                0x00002594   ARM Code     152  os_time.o(i.OSTimeDly)
    OSTimeDlyHMSM                            0x00002638   ARM Code     232  os_time.o(i.OSTimeDlyHMSM)
    OSTimeGet                                0x00002724   ARM Code      40  os_time.o(i.OSTimeGet)
    OSTimeTick                               0x00002750   ARM Code     236  os_core.o(i.OSTimeTick)
    OSTimeTickHook                           0x00002850   ARM Code       4  os_cpu_init.o(i.OSTimeTickHook)
    OS_Dummy                                 0x00002854   ARM Code       4  os_core.o(i.OS_Dummy)
    OS_EventTO                               0x00002858   ARM Code     120  os_core.o(i.OS_EventTO)
    OS_EventTaskRdy                          0x000028d4   ARM Code     196  os_core.o(i.OS_EventTaskRdy)
    OS_EventTaskWait                         0x000029ac   ARM Code     192  os_core.o(i.OS_EventTaskWait)
    OS_EventWaitListInit                     0x00002a78   ARM Code      20  os_core.o(i.OS_EventWaitListInit)
    OS_FlagInit                              0x00002a8c   ARM Code      80  os_flag.o(i.OS_FlagInit)
    OS_FlagUnlink                            0x00002b78   ARM Code      88  os_flag.o(i.OS_FlagUnlink)
    OS_MemInit                               0x00002e0c   ARM Code     120  os_mem.o(i.OS_MemInit)
    OS_QInit                                 0x00002e8c   ARM Code      72  os_q.o(i.OS_QInit)
    OS_Sched                                 0x00002edc   ARM Code     176  os_core.o(i.OS_Sched)
    OS_TCBInit                               0x00002fb4   ARM Code     332  os_core.o(i.OS_TCBInit)
    OS_TaskIdle                              0x00003118   ARM Code      52  os_core.o(i.OS_TaskIdle)
    OS_TaskStat                              0x00003150   ARM Code     224  os_core.o(i.OS_TaskStat)
    Task_Display                             0x00003244   ARM Code     264  main.o(i.Task_Display)
    Task_Input                               0x00003360   ARM Code     744  main.o(i.Task_Input)
    Task_Monitor                             0x00003648   ARM Code     144  main.o(i.Task_Monitor)
    Task_Start                               0x00003748   ARM Code     268  main.o(i.Task_Start)
    Task_Work                                0x000038b8   ARM Code     132  main.o(i.Task_Work)
    Uart_Init                                0x0000397c   ARM Code     148  os_uart.o(i.Uart_Init)
    Uart_Printf                              0x00003a10   ARM Code     544  os_uart.o(i.Uart_Printf)
    Uart_SendByte                            0x00003c30   ARM Code      80  os_uart.o(i.Uart_SendByte)
    main                                     0x00003e14   ARM Code      48  main.o(i.main)
    Region$$Table$$Base                      0x00003e4c   Number         0  anon$$obj.o(Region$$Table)
    Region$$Table$$Limit                     0x00003e6c   Number         0  anon$$obj.o(Region$$Table)
    OSTime                                   0x30000000   Data           4  os.o(.data)
    OSIntNesting                             0x30000004   Data           1  os.o(.data)
    OSIntExitY                               0x30000005   Data           1  os.o(.data)
    OSLockNesting                            0x30000006   Data           1  os.o(.data)
    OSPrioCur                                0x30000007   Data           1  os.o(.data)
    OSPrioHighRdy                            0x30000008   Data           1  os.o(.data)
    OSRdyGrp                                 0x30000009   Data           1  os.o(.data)
    OSRdyTbl                                 0x3000000a   Data           8  os.o(.data)
    OSRunning                                0x30000012   Data           1  os.o(.data)
    OSTaskCtr                                0x30000013   Data           1  os.o(.data)
    OSCtxSwCtr                               0x30000014   Data           4  os.o(.data)
    OSIdleCtr                                0x30000018   Data           4  os.o(.data)
    OSIdleCtrRun                             0x3000001c   Data           4  os.o(.data)
    OSIdleCtrMax                             0x30000020   Data           4  os.o(.data)
    OSStatRdy                                0x30000024   Data           1  os.o(.data)
    OSCPUUsage                               0x30000025   Data           1  os.o(.data)
    OSTCBCur                                 0x30000028   Data           4  os.o(.data)
    OSTCBFreeList                            0x3000002c   Data           4  os.o(.data)
    OSTCBHighRdy                             0x30000030   Data           4  os.o(.data)
    OSTCBList                                0x30000034   Data           4  os.o(.data)
    OSEventFreeList                          0x30000038   Data           4  os.o(.data)
    OSFlagFreeList                           0x3000003c   Data           4  os.o(.data)
    OSMemFreeList                            0x30000040   Data           4  os.o(.data)
    OSQFreeList                              0x30000044   Data           4  os.o(.data)
    OSMapTbl                                 0x30000048   Data           8  os_core.o(.data)
    OSUnMapTbl                               0x30000050   Data         256  os_core.o(.data)
    SemBeep                                  0x30000150   Data           4  main.o(.data)
    MboxLed                                  0x30000154   Data           4  main.o(.data)
    DataQueue                                0x30000158   Data           4  main.o(.data)
    UartMutex                                0x3000015c   Data           4  main.o(.data)
    SysModeFlag                              0x30000160   Data           4  main.o(.data)
    MemPartition                             0x30000164   Data           4  main.o(.data)
    OSTaskIdleStk                            0x30000174   Data         256  os.o(.bss)
    OSTaskStatStk                            0x30000274   Data        2048  os.o(.bss)
    OSTCBPrioTbl                             0x30000a74   Data         252  os.o(.bss)
    OSTCBTbl                                 0x30000b70   Data         320  os.o(.bss)
    OSEventTbl                               0x30000cb0   Data         100  os.o(.bss)
    OSFlagTbl                                0x30000d14   Data          60  os.o(.bss)
    OSMemTbl                                 0x30000d50   Data         100  os.o(.bss)
    OSQTbl                                   0x30000db4   Data         120  os.o(.bss)
    StartStk                                 0x30000e2c   Data        2048  main.o(.bss)
    InputStk                                 0x3000162c   Data        2048  main.o(.bss)
    WorkStk                                  0x30001e2c   Data        2048  main.o(.bss)
    DisplayStk                               0x3000262c   Data        2048  main.o(.bss)
    MonitorStk                               0x30002e2c   Data        2048  main.o(.bss)
    QMsgTbl                                  0x3000362c   Data          40  main.o(.bss)
    MemStorage                               0x30003654   Data         640  main.o(.bss)
    __libspace_start                         0x300038d4   Data          96  libspace.o(.bss)
    __temporary_stack_top$libspace           0x30003934   Data           0  libspace.o(.bss)



==============================================================================

Memory Map of the image

  Image Entry point : 0x00000000

  Load Region LR_ROM1 (Base: 0x00000000, Size: 0x00003fe0, Max: 0x00200000, ABSOLUTE, COMPRESSED[0x00003e94])

    Execution Region ER_ROM1 (Exec base: 0x00000000, Load base: 0x00000000, Size: 0x00003e6c, Max: 0x00200000, ABSOLUTE)

    Exec Addr    Load Addr    Size         Type   Attr      Idx    E Section Name        Object

    0x00000000   0x00000000   0x000001f8   Code   RO          819  * STARTUP             startup_keil.o
    0x000001f8   0x000001f8   0x00000008   Code   RO          844  * !!!main             c_t.l(__main.o)
    0x00000200   0x00000200   0x0000003c   Code   RO         1017    !!!scatter          c_t.l(__scatter.o)
    0x0000023c   0x0000023c   0x0000005c   Code   RO         1015    !!dczerorl2         c_t.l(__dczerorl2.o)
    0x00000298   0x00000298   0x0000002c   Code   RO         1019    !!handler_zi        c_t.l(__scatter_zi.o)
    0x000002c4   0x000002c4   0x00000008   Ven    RO          881    .ARM.Collect$$libinit$$00000000  c_t.l(libinit.o)
    0x000002cc   0x000002cc   0x00000002   Code   RO          881    .ARM.Collect$$libinit$$00000000  c_t.l(libinit.o)
    0x000002ce   0x000002ce   0x00000000   Code   RO          896    .ARM.Collect$$libinit$$00000002  c_t.l(libinit2.o)
    0x000002ce   0x000002ce   0x00000000   Code   RO          898    .ARM.Collect$$libinit$$00000004  c_t.l(libinit2.o)
    0x000002ce   0x000002ce   0x00000000   Code   RO          901    .ARM.Collect$$libinit$$0000000A  c_t.l(libinit2.o)
    0x000002ce   0x000002ce   0x00000000   Code   RO          903    .ARM.Collect$$libinit$$0000000C  c_t.l(libinit2.o)
    0x000002ce   0x000002ce   0x00000000   Code   RO          905    .ARM.Collect$$libinit$$0000000E  c_t.l(libinit2.o)
    0x000002ce   0x000002ce   0x00000000   Code   RO          908    .ARM.Collect$$libinit$$00000011  c_t.l(libinit2.o)
    0x000002ce   0x000002ce   0x00000000   Code   RO          910    .ARM.Collect$$libinit$$00000013  c_t.l(libinit2.o)
    0x000002ce   0x000002ce   0x00000000   Code   RO          912    .ARM.Collect$$libinit$$00000015  c_t.l(libinit2.o)
    0x000002ce   0x000002ce   0x00000000   Code   RO          914    .ARM.Collect$$libinit$$00000017  c_t.l(libinit2.o)
    0x000002ce   0x000002ce   0x00000000   Code   RO          916    .ARM.Collect$$libinit$$00000019  c_t.l(libinit2.o)
    0x000002ce   0x000002ce   0x00000000   Code   RO          918    .ARM.Collect$$libinit$$0000001B  c_t.l(libinit2.o)
    0x000002ce   0x000002ce   0x00000000   Code   RO          920    .ARM.Collect$$libinit$$0000001D  c_t.l(libinit2.o)
    0x000002ce   0x000002ce   0x00000000   Code   RO          922    .ARM.Collect$$libinit$$0000001F  c_t.l(libinit2.o)
    0x000002ce   0x000002ce   0x00000000   Code   RO          924    .ARM.Collect$$libinit$$00000021  c_t.l(libinit2.o)
    0x000002ce   0x000002ce   0x00000000   Code   RO          926    .ARM.Collect$$libinit$$00000023  c_t.l(libinit2.o)
    0x000002ce   0x000002ce   0x00000000   Code   RO          928    .ARM.Collect$$libinit$$00000025  c_t.l(libinit2.o)
    0x000002ce   0x000002ce   0x00000000   Code   RO          932    .ARM.Collect$$libinit$$0000002C  c_t.l(libinit2.o)
    0x000002ce   0x000002ce   0x00000000   Code   RO          934    .ARM.Collect$$libinit$$0000002E  c_t.l(libinit2.o)
    0x000002ce   0x000002ce   0x00000000   Code   RO          936    .ARM.Collect$$libinit$$00000030  c_t.l(libinit2.o)
    0x000002ce   0x000002ce   0x00000000   Code   RO          938    .ARM.Collect$$libinit$$00000032  c_t.l(libinit2.o)
    0x000002ce   0x000002ce   0x0000000c   Code   RO          939    .ARM.Collect$$libinit$$00000033  c_t.l(libinit2.o)
    0x000002da   0x000002da   0x00000002   PAD
    0x000002dc   0x000002dc   0x00000008   Ven    RO          972    .ARM.Collect$$libshutdown$$00000000  c_t.l(libshutdown.o)
    0x000002e4   0x000002e4   0x00000004   Code   RO          972    .ARM.Collect$$libshutdown$$00000000  c_t.l(libshutdown.o)
    0x000002e8   0x000002e8   0x00000000   Code   RO          998    .ARM.Collect$$libshutdown$$00000002  c_t.l(libshutdown2.o)
    0x000002e8   0x000002e8   0x00000000   Code   RO         1000    .ARM.Collect$$libshutdown$$00000004  c_t.l(libshutdown2.o)
    0x000002e8   0x000002e8   0x00000000   Code   RO         1003    .ARM.Collect$$libshutdown$$00000007  c_t.l(libshutdown2.o)
    0x000002e8   0x000002e8   0x00000000   Code   RO         1006    .ARM.Collect$$libshutdown$$0000000A  c_t.l(libshutdown2.o)
    0x000002e8   0x000002e8   0x00000000   Code   RO         1008    .ARM.Collect$$libshutdown$$0000000C  c_t.l(libshutdown2.o)
    0x000002e8   0x000002e8   0x00000000   Code   RO         1011    .ARM.Collect$$libshutdown$$0000000F  c_t.l(libshutdown2.o)
    0x000002e8   0x000002e8   0x00000006   Code   RO         1012    .ARM.Collect$$libshutdown$$00000010  c_t.l(libshutdown2.o)
    0x000002ee   0x000002ee   0x00000002   PAD
    0x000002f0   0x000002f0   0x00000000   Code   RO          846    .ARM.Collect$$rtentry$$00000000  c_t.l(__rtentry.o)
    0x000002f0   0x000002f0   0x00000000   Code   RO          852    .ARM.Collect$$rtentry$$00000002  c_t.l(__rtentry2.o)
    0x000002f0   0x000002f0   0x00000008   Code   RO          864    .ARM.Collect$$rtentry$$00000004  c_t.l(__rtentry4.o)
    0x000002f8   0x000002f8   0x00000000   Code   RO          854    .ARM.Collect$$rtentry$$00000009  c_t.l(__rtentry2.o)
    0x000002f8   0x000002f8   0x00000004   Code   RO          855    .ARM.Collect$$rtentry$$0000000A  c_t.l(__rtentry2.o)
    0x000002fc   0x000002fc   0x00000000   Code   RO          857    .ARM.Collect$$rtentry$$0000000C  c_t.l(__rtentry2.o)
    0x000002fc   0x000002fc   0x00000028   Code   RO          858    .ARM.Collect$$rtentry$$0000000D  c_t.l(__rtentry2.o)
    0x00000324   0x00000324   0x00000004   Ven    RO          887    .ARM.Collect$$rtexit$$00000000  c_t.l(rtexit.o)
    0x00000328   0x00000328   0x00000004   Code   RO          887    .ARM.Collect$$rtexit$$00000000  c_t.l(rtexit.o)
    0x0000032c   0x0000032c   0x00000000   Code   RO          946    .ARM.Collect$$rtexit$$00000002  c_t.l(rtexit2.o)
    0x0000032c   0x0000032c   0x00000004   Code   RO          947    .ARM.Collect$$rtexit$$00000003  c_t.l(rtexit2.o)
    0x00000330   0x00000330   0x00000008   Code   RO          948    .ARM.Collect$$rtexit$$00000004  c_t.l(rtexit2.o)
    0x00000338   0x00000338   0x00000180   Code   RO          828    .text               c_t.l(aeabi_sdiv.o)
    0x000004b8   0x000004b8   0x00000060   Code   RO          868    .text               c_t.l(sys_stackheap_outer.o)
    0x00000518   0x00000518   0x00000014   Code   RO          870    .text               c_t.l(exit.o)
    0x0000052c   0x0000052c   0x0000000c   Code   RO          882    .text               c_t.l(libspace.o)
    0x00000538   0x00000538   0x00000050   Code   RO          885    .text               c_t.l(sys_stackheap.o)
    0x00000588   0x00000588   0x00000008   Ven    RO          940    .text               c_t.l(sys_exit.o)
    0x00000590   0x00000590   0x0000000c   Code   RO          940    .text               c_t.l(sys_exit.o)
    0x0000059c   0x0000059c   0x00000004   Code   RO          942    .text               c_t.l(use_no_semi.o)
    0x000005a0   0x000005a0   0x00000000   Code   RO          944    .text               c_t.l(indicate_semi.o)
    0x000005a0   0x000005a0   0x00000024   Code   RO          829    .text_udiv          c_t.l(aeabi_sdiv.o)
    0x000005c4   0x000005c4   0x00000154   Code   RO          749    OS_CPU_CODE         os_cpu_cs_keil.o
    0x00000718   0x00000718   0x00000030   Code   RO            1    i.BSP_Init          os_bsp.o
    0x00000748   0x00000748   0x00000038   Code   RO            2    i.Beep_Ctrl         os_bsp.o
    0x00000780   0x00000780   0x00000038   Code   RO            3    i.Beep_Init         os_bsp.o
    0x000007b8   0x000007b8   0x000000cc   Code   RO           66    i.InitTimer4        os_timer.o
    0x00000884   0x00000884   0x00000020   Code   RO            4    i.Key_Init          os_bsp.o
    0x000008a4   0x000008a4   0x00000088   Code   RO            5    i.Key_Scan          os_bsp.o
    0x0000092c   0x0000092c   0x00000038   Code   RO            6    i.LED_Init          os_bsp.o
    0x00000964   0x00000964   0x0000005c   Code   RO            7    i.LED_Set           os_bsp.o
    0x000009c0   0x000009c0   0x0000009c   Code   RO          292    i.OSFlagCreate      os_flag.o
    0x00000a5c   0x00000a5c   0x000001fc   Code   RO          295    i.OSFlagPost        os_flag.o
    0x00000c58   0x00000c58   0x00000068   Code   RO          296    i.OSFlagQuery       os_flag.o
    0x00000cc0   0x00000cc0   0x00000034   Code   RO          146    i.OSInit            os_core.o
    0x00000cf4   0x00000cf4   0x00000004   Code   RO          753    i.OSInitHookBegin   os_cpu_init.o
    0x00000cf8   0x00000cf8   0x00000004   Code   RO          754    i.OSInitHookEnd     os_cpu_init.o
    0x00000cfc   0x00000cfc   0x00000128   Code   RO          148    i.OSIntExit         os_core.o
    0x00000e24   0x00000e24   0x00000054   Code   RO          355    i.OSMboxAccept      os_mbox.o
    0x00000e78   0x00000e78   0x00000090   Code   RO          356    i.OSMboxCreate      os_mbox.o
    0x00000f08   0x00000f08   0x000000ac   Code   RO          359    i.OSMboxPost        os_mbox.o
    0x00000fb4   0x00000fb4   0x00000104   Code   RO          403    i.OSMemCreate       os_mem.o
    0x000010b8   0x000010b8   0x00000084   Code   RO          404    i.OSMemGet          os_mem.o
    0x0000113c   0x0000113c   0x00000080   Code   RO          405    i.OSMemPut          os_mem.o
    0x000011bc   0x000011bc   0x00000080   Code   RO          406    i.OSMemQuery        os_mem.o
    0x0000123c   0x0000123c   0x00000108   Code   RO          440    i.OSMutexCreate     os_mutex.o
    0x00001344   0x00001344   0x0000027c   Code   RO          442    i.OSMutexPend       os_mutex.o
    0x000015c0   0x000015c0   0x00000280   Code   RO          443    i.OSMutexPost       os_mutex.o
    0x00001840   0x00001840   0x0000010c   Code   RO          482    i.OSQCreate         os_q.o
    0x0000194c   0x0000194c   0x0000018c   Code   RO          485    i.OSQPend           os_q.o
    0x00001ad8   0x00001ad8   0x000000e8   Code   RO          486    i.OSQPost           os_q.o
    0x00001bc0   0x00001bc0   0x0000009c   Code   RO          489    i.OSQQuery          os_q.o
    0x00001c5c   0x00001c5c   0x00000068   Code   RO          547    i.OSSemAccept       os_sem.o
    0x00001cc4   0x00001cc4   0x00000090   Code   RO          548    i.OSSemCreate       os_sem.o
    0x00001d54   0x00001d54   0x000000a8   Code   RO          551    i.OSSemPost         os_sem.o
    0x00001dfc   0x00001dfc   0x000000a8   Code   RO          151    i.OSStart           os_core.o
    0x00001ea4   0x00001ea4   0x00000070   Code   RO          152    i.OSStatInit        os_core.o
    0x00001f14   0x00001f14   0x00000008   Code   RO          755    i.OSTCBInitHook     os_cpu_init.o
    0x00001f1c   0x00001f1c   0x00000118   Code   RO          590    i.OSTaskCreate      os_task.o
    0x00002034   0x00002034   0x00000008   Code   RO          756    i.OSTaskCreateHook  os_cpu_init.o
    0x0000203c   0x0000203c   0x00000238   Code   RO          592    i.OSTaskDel         os_task.o
    0x00002274   0x00002274   0x00000048   Code   RO          757    i.OSTaskDelHook     os_cpu_init.o
    0x000022bc   0x000022bc   0x00000004   Code   RO          758    i.OSTaskIdleHook    os_cpu_init.o
    0x000022c0   0x000022c0   0x000000e8   Code   RO          595    i.OSTaskResume      os_task.o
    0x000023a8   0x000023a8   0x00000004   Code   RO          759    i.OSTaskStatHook    os_cpu_init.o
    0x000023ac   0x000023ac   0x000000d4   Code   RO          760    i.OSTaskStkInit     os_cpu_init.o
    0x00002480   0x00002480   0x00000110   Code   RO          597    i.OSTaskSuspend     os_task.o
    0x00002590   0x00002590   0x00000004   Code   RO          761    i.OSTaskSwHook      os_cpu_init.o
    0x00002594   0x00002594   0x000000a4   Code   RO          649    i.OSTimeDly         os_time.o
    0x00002638   0x00002638   0x000000ec   Code   RO          650    i.OSTimeDlyHMSM     os_time.o
    0x00002724   0x00002724   0x0000002c   Code   RO          652    i.OSTimeGet         os_time.o
    0x00002750   0x00002750   0x00000100   Code   RO          153    i.OSTimeTick        os_core.o
    0x00002850   0x00002850   0x00000004   Code   RO          762    i.OSTimeTickHook    os_cpu_init.o
    0x00002854   0x00002854   0x00000004   Code   RO          154    i.OS_Dummy          os_core.o
    0x00002858   0x00002858   0x0000007c   Code   RO          155    i.OS_EventTO        os_core.o
    0x000028d4   0x000028d4   0x000000d8   Code   RO          156    i.OS_EventTaskRdy   os_core.o
    0x000029ac   0x000029ac   0x000000cc   Code   RO          157    i.OS_EventTaskWait  os_core.o
    0x00002a78   0x00002a78   0x00000014   Code   RO          158    i.OS_EventWaitListInit  os_core.o
    0x00002a8c   0x00002a8c   0x00000058   Code   RO          298    i.OS_FlagInit       os_flag.o
    0x00002ae4   0x00002ae4   0x00000094   Code   RO          299    i.OS_FlagTaskRdy    os_flag.o
    0x00002b78   0x00002b78   0x00000058   Code   RO          300    i.OS_FlagUnlink     os_flag.o
    0x00002bd0   0x00002bd0   0x00000068   Code   RO          159    i.OS_InitEventList  os_core.o
    0x00002c38   0x00002c38   0x0000008c   Code   RO          160    i.OS_InitMisc       os_core.o
    0x00002cc4   0x00002cc4   0x00000074   Code   RO          161    i.OS_InitRdyList    os_core.o
    0x00002d38   0x00002d38   0x00000084   Code   RO          162    i.OS_InitTCBList    os_core.o
    0x00002dbc   0x00002dbc   0x00000028   Code   RO          163    i.OS_InitTaskIdle   os_core.o
    0x00002de4   0x00002de4   0x00000028   Code   RO          164    i.OS_InitTaskStat   os_core.o
    0x00002e0c   0x00002e0c   0x00000080   Code   RO          407    i.OS_MemInit        os_mem.o
    0x00002e8c   0x00002e8c   0x00000050   Code   RO          490    i.OS_QInit          os_q.o
    0x00002edc   0x00002edc   0x000000d8   Code   RO          165    i.OS_Sched          os_core.o
    0x00002fb4   0x00002fb4   0x00000164   Code   RO          166    i.OS_TCBInit        os_core.o
    0x00003118   0x00003118   0x00000038   Code   RO          167    i.OS_TaskIdle       os_core.o
    0x00003150   0x00003150   0x000000f4   Code   RO          168    i.OS_TaskStat       os_core.o
    0x00003244   0x00003244   0x0000011c   Code   RO          703    i.Task_Display      main.o
    0x00003360   0x00003360   0x000002e8   Code   RO          704    i.Task_Input        main.o
    0x00003648   0x00003648   0x00000100   Code   RO          705    i.Task_Monitor      main.o
    0x00003748   0x00003748   0x00000170   Code   RO          706    i.Task_Start        main.o
    0x000038b8   0x000038b8   0x000000c4   Code   RO          707    i.Task_Work         main.o
    0x0000397c   0x0000397c   0x00000094   Code   RO           81    i.Uart_Init         os_uart.o
    0x00003a10   0x00003a10   0x00000220   Code   RO           82    i.Uart_Printf       os_uart.o
    0x00003c30   0x00003c30   0x00000050   Code   RO           83    i.Uart_SendByte     os_uart.o
    0x00003c80   0x00003c80   0x00000098   Code   RO           84    i.hex_to_str        os_uart.o
    0x00003d18   0x00003d18   0x000000fc   Code   RO           85    i.int_to_str        os_uart.o
    0x00003e14   0x00003e14   0x00000038   Code   RO          708    i.main              main.o
    0x00003e4c   0x00003e4c   0x00000020   Data   RO         1013    Region$$Table       anon$$obj.o


    Execution Region RW_RAM1 (Exec base: 0x30000000, Load base: 0x00003e6c, Size: 0x00003934, Max: 0x04000000, ABSOLUTE, COMPRESSED[0x00000028])

    Exec Addr    Load Addr    Size         Type   Attr      Idx    E Section Name        Object

    0x30000000   COMPRESSED   0x00000048   Data   RW          133    .data               os.o
    0x30000048   COMPRESSED   0x00000108   Data   RW          169    .data               os_core.o
    0x30000150   COMPRESSED   0x00000024   Data   RW          710    .data               main.o
    0x30000174        -       0x00000cb8   Zero   RW          132    .bss                os.o
    0x30000e2c        -       0x00002aa8   Zero   RW          709    .bss                main.o
    0x300038d4        -       0x00000060   Zero   RW          883    .bss                c_t.l(libspace.o)


    Execution Region RW_IRAM1 (Exec base: 0x40000000, Load base: 0x00003e94, Size: 0x00000000, Max: 0x00001000, ABSOLUTE)

    **** No section assigned to this execution region ****


==============================================================================

Image component sizes


      Code (inc. data)   RO Data    RW Data    ZI Data      Debug   Object Name

      1904        508          0         36      10920       4577   main.o
         0          0          0         72       3256       5829   os.o
       476         12          0          0          0       5990   os_bsp.o
      2896        348          0        264          0      15742   os_core.o
       340         28          0          0          0        356   os_cpu_cs_keil.o
       324         36          0          0          0       4811   os_cpu_init.o
      1092         24          0          0          0       4544   os_flag.o
       400          8          0          0          0       2043   os_mbox.o
       776         12          0          0          0       3906   os_mem.o
      1540         60          0          0          0       3032   os_mutex.o
      1132         28          0          0          0       3998   os_q.o
       416         12          0          0          0       1964   os_sem.o
      1352         76          0          0          0       3618   os_task.o
       444         20          0          0          0       1908   os_time.o
       204          8          0          0          0        425   os_timer.o
      1176         20          0          0          0       8861   os_uart.o
       504         96          0          0          0        340   startup_keil.o

    ----------------------------------------------------------------------
     14976       1296         32        372      14176      71944   Object Totals
         0          0         32          0          0          0   (incl. Generated)
         0          0          0          0          0          0   (incl. Padding)

    ----------------------------------------------------------------------

      Code (inc. data)   RO Data    RW Data    ZI Data      Debug   Library Member Name

        92          0          0          0          0          0   __dczerorl2.o
         8          0          0          0          0         68   __main.o
         0          0          0          0          0          0   __rtentry.o
        44          4          0          0          0          0   __rtentry2.o
         8          0          0          0          0          0   __rtentry4.o
        60          8          0          0          0          0   __scatter.o
        44          0          0          0          0          0   __scatter_zi.o
       420          0          0          0          0        148   aeabi_sdiv.o
        20          0          0          0          0         80   exit.o
         0          0          0          0          0          0   indicate_semi.o
        10          0          0          0          0          0   libinit.o
        12          0          0          0          0          0   libinit2.o
        12          0          0          0          0          0   libshutdown.o
         6          0          0          0          0          0   libshutdown2.o
        12          4          0          0         96         68   libspace.o
         8          0          0          0          0          0   rtexit.o
        12          0          0          0          0          0   rtexit2.o
        20          4          0          0          0         60   sys_exit.o
        80          8          0          0          0         88   sys_stackheap.o
        96          0          0          0          0         80   sys_stackheap_outer.o
         4          0          0          0          0         68   use_no_semi.o

    ----------------------------------------------------------------------
       972         28          0          0         96        660   Library Totals
         4          0          0          0          0          0   (incl. Padding)

    ----------------------------------------------------------------------

      Code (inc. data)   RO Data    RW Data    ZI Data      Debug   Library Name

       968         28          0          0         96        660   c_t.l

    ----------------------------------------------------------------------
       972         28          0          0         96        660   Library Totals

    ----------------------------------------------------------------------

==============================================================================


      Code (inc. data)   RO Data    RW Data    ZI Data      Debug   

     15948       1324         32        372      14272      68500   Grand Totals
     15948       1324         32         40      14272      68500   ELF Image Totals (compressed)
     15948       1324         32         40          0          0   ROM Totals

==============================================================================

    Total RO  Size (Code + RO Data)                15980 (  15.61kB)
    Total RW  Size (RW Data + ZI Data)             14644 (  14.30kB)
    Total ROM Size (Code + RO Data + RW Data)      16020 (  15.64kB)

==============================================================================

